Component: ARM Compiler 5.06 update 7 (build 960) Tool: armlink [4d3601]

==============================================================================

Section Cross References

    startup_stm32wle5xx.o(STACK) refers (Special) to heapauxi.o(.text) for __use_two_region_memory
    startup_stm32wle5xx.o(HEAP) refers (Special) to heapauxi.o(.text) for __use_two_region_memory
    startup_stm32wle5xx.o(RESET) refers (Special) to heapauxi.o(.text) for __use_two_region_memory
    startup_stm32wle5xx.o(RESET) refers to startup_stm32wle5xx.o(STACK) for __initial_sp
    startup_stm32wle5xx.o(RESET) refers to startup_stm32wle5xx.o(.text) for Reset_Handler
    startup_stm32wle5xx.o(RESET) refers to stm32wlxx_it.o(i.NMI_Handler) for NMI_Handler
    startup_stm32wle5xx.o(RESET) refers to stm32wlxx_it.o(i.HardFault_Handler) for HardFault_Handler
    startup_stm32wle5xx.o(RESET) refers to stm32wlxx_it.o(i.MemManage_Handler) for MemManage_Handler
    startup_stm32wle5xx.o(RESET) refers to stm32wlxx_it.o(i.BusFault_Handler) for BusFault_Handler
    startup_stm32wle5xx.o(RESET) refers to stm32wlxx_it.o(i.UsageFault_Handler) for UsageFault_Handler
    startup_stm32wle5xx.o(RESET) refers to stm32wlxx_it.o(i.SVC_Handler) for SVC_Handler
    startup_stm32wle5xx.o(RESET) refers to stm32wlxx_it.o(i.DebugMon_Handler) for DebugMon_Handler
    startup_stm32wle5xx.o(RESET) refers to stm32wlxx_it.o(i.PendSV_Handler) for PendSV_Handler
    startup_stm32wle5xx.o(RESET) refers to stm32wlxx_it.o(i.SysTick_Handler) for SysTick_Handler
    startup_stm32wle5xx.o(.text) refers (Special) to heapauxi.o(.text) for __use_two_region_memory
    startup_stm32wle5xx.o(.text) refers to system_stm32wlxx.o(i.SystemInit) for SystemInit
    startup_stm32wle5xx.o(.text) refers to __main.o(!!!main) for __main
    startup_stm32wle5xx.o(.text) refers to startup_stm32wle5xx.o(HEAP) for Heap_Mem
    startup_stm32wle5xx.o(.text) refers to startup_stm32wle5xx.o(STACK) for Stack_Mem
    main.o(i.SystemClock_Config) refers to rt_memclr_w.o(.text) for __aeabi_memclr4
    main.o(i.SystemClock_Config) refers to stm32wlxx_hal_rcc.o(i.HAL_RCC_OscConfig) for HAL_RCC_OscConfig
    main.o(i.SystemClock_Config) refers to stm32wlxx_hal_rcc.o(i.HAL_RCC_ClockConfig) for HAL_RCC_ClockConfig
    main.o(i.main) refers to stm32wlxx_hal.o(i.HAL_Init) for HAL_Init
    main.o(i.main) refers to main.o(i.SystemClock_Config) for SystemClock_Config
    main.o(i.main) refers to gpio.o(i.MX_GPIO_Init) for MX_GPIO_Init
    main.o(i.main) refers to stm32wlxx_hal_gpio.o(i.HAL_GPIO_ReadPin) for HAL_GPIO_ReadPin
    main.o(i.main) refers to stm32wlxx_hal_gpio.o(i.HAL_GPIO_TogglePin) for HAL_GPIO_TogglePin
    main.o(i.main) refers to stm32wlxx_hal.o(i.HAL_Delay) for HAL_Delay
    gpio.o(i.MX_GPIO_Init) refers to rt_memclr_w.o(.text) for __aeabi_memclr4
    gpio.o(i.MX_GPIO_Init) refers to gpio.o(i.LL_AHB2_GRP1_EnableClock) for LL_AHB2_GRP1_EnableClock
    gpio.o(i.MX_GPIO_Init) refers to stm32wlxx_hal_gpio.o(i.HAL_GPIO_WritePin) for HAL_GPIO_WritePin
    gpio.o(i.MX_GPIO_Init) refers to stm32wlxx_hal_gpio.o(i.HAL_GPIO_Init) for HAL_GPIO_Init
    stm32wlxx_it.o(i.SysTick_Handler) refers to stm32wlxx_hal.o(i.HAL_IncTick) for HAL_IncTick
    stm32wlxx_hal_rcc.o(i.HAL_RCC_ClockConfig) refers to stm32wlxx_hal.o(i.HAL_GetTick) for HAL_GetTick
    stm32wlxx_hal_rcc.o(i.HAL_RCC_ClockConfig) refers to stm32wlxx_hal_rcc.o(i.LL_RCC_HSE_IsReady) for LL_RCC_HSE_IsReady
    stm32wlxx_hal_rcc.o(i.HAL_RCC_ClockConfig) refers to stm32wlxx_hal_rcc.o(i.LL_RCC_PLL_IsReady) for LL_RCC_PLL_IsReady
    stm32wlxx_hal_rcc.o(i.HAL_RCC_ClockConfig) refers to stm32wlxx_hal_rcc.o(i.LL_RCC_MSI_IsReady) for LL_RCC_MSI_IsReady
    stm32wlxx_hal_rcc.o(i.HAL_RCC_ClockConfig) refers to stm32wlxx_hal_rcc.o(i.LL_RCC_GetSysClkSource) for LL_RCC_GetSysClkSource
    stm32wlxx_hal_rcc.o(i.HAL_RCC_ClockConfig) refers to stm32wlxx_hal_rcc.o(i.HAL_RCC_GetHCLKFreq) for HAL_RCC_GetHCLKFreq
    stm32wlxx_hal_rcc.o(i.HAL_RCC_ClockConfig) refers to stm32wlxx_hal.o(i.HAL_InitTick) for HAL_InitTick
    stm32wlxx_hal_rcc.o(i.HAL_RCC_ClockConfig) refers to system_stm32wlxx.o(.data) for SystemCoreClock
    stm32wlxx_hal_rcc.o(i.HAL_RCC_ClockConfig) refers to stm32wlxx_hal.o(.data) for uwTickPrio
    stm32wlxx_hal_rcc.o(i.HAL_RCC_DeInit) refers to stm32wlxx_hal.o(i.HAL_GetTick) for HAL_GetTick
    stm32wlxx_hal_rcc.o(i.HAL_RCC_DeInit) refers to stm32wlxx_hal_rcc.o(i.LL_RCC_MSI_IsReady) for LL_RCC_MSI_IsReady
    stm32wlxx_hal_rcc.o(i.HAL_RCC_DeInit) refers to stm32wlxx_hal_rcc.o(i.LL_RCC_MSI_SetCalibTrimming) for LL_RCC_MSI_SetCalibTrimming
    stm32wlxx_hal_rcc.o(i.HAL_RCC_DeInit) refers to stm32wlxx_hal_rcc.o(i.LL_RCC_HSI_SetCalibTrimming) for LL_RCC_HSI_SetCalibTrimming
    stm32wlxx_hal_rcc.o(i.HAL_RCC_DeInit) refers to stm32wlxx_hal_rcc.o(i.LL_RCC_GetSysClkSource) for LL_RCC_GetSysClkSource
    stm32wlxx_hal_rcc.o(i.HAL_RCC_DeInit) refers to stm32wlxx_hal_rcc.o(i.LL_RCC_HSE_IsReady) for LL_RCC_HSE_IsReady
[...]
    stm32wlxx_hal_cortex.o(i.HAL_NVIC_SetPriority) refers to stm32wlxx_hal_cortex.o(i.__NVIC_SetPriority) for __NVIC_SetPriority
    stm32wlxx_hal_cortex.o(i.HAL_SYSTICK_Config) refers to stm32wlxx_hal_cortex.o(i.__NVIC_SetPriority) for __NVIC_SetPriority
    stm32wlxx_hal_cortex.o(i.HAL_SYSTICK_IRQHandler) refers to stm32wlxx_hal_cortex.o(i.HAL_SYSTICK_Callback) for HAL_SYSTICK_Callback
    stm32wlxx_hal.o(i.HAL_DeInit) refers to stm32wlxx_hal.o(i.HAL_MspDeInit) for HAL_MspDeInit
    stm32wlxx_hal.o(i.HAL_Delay) refers to stm32wlxx_hal.o(i.HAL_GetTick) for HAL_GetTick
    stm32wlxx_hal.o(i.HAL_Delay) refers to stm32wlxx_hal.o(.data) for .data
    stm32wlxx_hal.o(i.HAL_GetTick) refers to stm32wlxx_hal.o(.data) for .data
    stm32wlxx_hal.o(i.HAL_GetTickFreq) refers to stm32wlxx_hal.o(.data) for .data
    stm32wlxx_hal.o(i.HAL_GetTickPrio) refers to stm32wlxx_hal.o(.data) for .data
    stm32wlxx_hal.o(i.HAL_IncTick) refers to stm32wlxx_hal.o(.data) for .data
    stm32wlxx_hal.o(i.HAL_Init) refers to stm32wlxx_hal_cortex.o(i.HAL_NVIC_SetPriorityGrouping) for HAL_NVIC_SetPriorityGrouping
    stm32wlxx_hal.o(i.HAL_Init) refers to stm32wlxx_hal_rcc.o(i.HAL_RCC_GetHCLKFreq) for HAL_RCC_GetHCLKFreq
    stm32wlxx_hal.o(i.HAL_Init) refers to stm32wlxx_hal.o(i.HAL_InitTick) for HAL_InitTick
    stm32wlxx_hal.o(i.HAL_Init) refers to stm32wlxx_hal_msp.o(i.HAL_MspInit) for HAL_MspInit
    stm32wlxx_hal.o(i.HAL_Init) refers to system_stm32wlxx.o(.data) for SystemCoreClock
    stm32wlxx_hal.o(i.HAL_InitTick) refers to stm32wlxx_hal_rcc.o(i.HAL_RCC_GetHCLKFreq) for HAL_RCC_GetHCLKFreq
    stm32wlxx_hal.o(i.HAL_InitTick) refers to stm32wlxx_hal_cortex.o(i.HAL_SYSTICK_Config) for HAL_SYSTICK_Config
    stm32wlxx_hal.o(i.HAL_InitTick) refers to stm32wlxx_hal_cortex.o(i.HAL_NVIC_SetPriority) for HAL_NVIC_SetPriority
    stm32wlxx_hal.o(i.HAL_InitTick) refers to stm32wlxx_hal.o(.data) for .data
    stm32wlxx_hal.o(i.HAL_SYSCFG_EnableVREFBUF) refers to stm32wlxx_hal.o(i.HAL_GetTick) for HAL_GetTick
    stm32wlxx_hal.o(i.HAL_SetTickFreq) refers to stm32wlxx_hal.o(i.HAL_InitTick) for HAL_InitTick
    stm32wlxx_hal.o(i.HAL_SetTickFreq) refers to stm32wlxx_hal.o(.data) for .data
    system_stm32wlxx.o(i.SystemCoreClockUpdate) refers to system_stm32wlxx.o(.constdata) for .constdata
    system_stm32wlxx.o(i.SystemCoreClockUpdate) refers to system_stm32wlxx.o(.data) for .data
    __main.o(!!!main) refers to __rtentry.o(.ARM.Collect$$rtentry$$00000000) for __rt_entry
    __rtentry.o(.ARM.Collect$$rtentry$$00000000) refers (Special) to __rtentry2.o(.ARM.Collect$$rtentry$$0000000A) for __rt_entry_li
    __rtentry.o(.ARM.Collect$$rtentry$$00000000) refers (Special) to __rtentry2.o(.ARM.Collect$$rtentry$$0000000D) for __rt_entry_main
    __rtentry.o(.ARM.Collect$$rtentry$$00000000) refers (Special) to __rtentry2.o(.ARM.Collect$$rtentry$$0000000C) for __rt_entry_postli_1
    __rtentry.o(.ARM.Collect$$rtentry$$00000000) refers (Special) to __rtentry2.o(.ARM.Collect$$rtentry$$00000009) for __rt_entry_postsh_1
    __rtentry.o(.ARM.Collect$$rtentry$$00000000) refers (Special) to __rtentry2.o(.ARM.Collect$$rtentry$$00000002) for __rt_entry_presh_1
    __rtentry.o(.ARM.Collect$$rtentry$$00000000) refers (Special) to __rtentry4.o(.ARM.Collect$$rtentry$$00000004) for __rt_entry_sh
    __rtentry2.o(.ARM.Collect$$rtentry$$00000008) refers to boardinit2.o(.text) for _platform_post_stackheap_init
    __rtentry2.o(.ARM.Collect$$rtentry$$0000000A) refers to libinit.o(.ARM.Collect$$libinit$$00000000) for __rt_lib_init
    __rtentry2.o(.ARM.Collect$$rtentry$$0000000B) refers to boardinit3.o(.text) for _platform_post_lib_init
    __rtentry2.o(.ARM.Collect$$rtentry$$0000000D) refers to main.o(i.main) for main
    __rtentry2.o(.ARM.Collect$$rtentry$$0000000D) refers to exit.o(.text) for exit
    __rtentry2.o(.ARM.exidx) refers to __rtentry2.o(.ARM.Collect$$rtentry$$00000001) for .ARM.Collect$$rtentry$$00000001
    __rtentry2.o(.ARM.exidx) refers to __rtentry2.o(.ARM.Collect$$rtentry$$00000008) for .ARM.Collect$$rtentry$$00000008
    __rtentry2.o(.ARM.exidx) refers to __rtentry2.o(.ARM.Collect$$rtentry$$0000000A) for .ARM.Collect$$rtentry$$0000000A
    __rtentry2.o(.ARM.exidx) refers to __rtentry2.o(.ARM.Collect$$rtentry$$0000000B) for .ARM.Collect$$rtentry$$0000000B
    __rtentry2.o(.ARM.exidx) refers to __rtentry2.o(.ARM.Collect$$rtentry$$0000000D) for .ARM.Collect$$rtentry$$0000000D
    __rtentry4.o(.ARM.Collect$$rtentry$$00000004) refers to sys_stackheap_outer.o(.text) for __user_setup_stackheap
    __rtentry4.o(.ARM.exidx) refers to __rtentry4.o(.ARM.Collect$$rtentry$$00000004) for .ARM.Collect$$rtentry$$00000004
    sys_stackheap_outer.o(.text) refers to libspace.o(.text) for __user_perproc_libspace
    sys_stackheap_outer.o(.text) refers to startup_stm32wle5xx.o(.text) for __user_initial_stackheap
    exit.o(.text) refers to rtexit.o(.ARM.Collect$$rtexit$$00000000) for __rt_exit
    libinit.o(.ARM.Collect$$libinit$$00000000) refers (Special) to libinit2.o(.ARM.Collect$$libinit$$0000002E) for __rt_lib_init_alloca_1
    libinit.o(.ARM.Collect$$libinit$$00000000) refers (Special) to libinit2.o(.ARM.Collect$$libinit$$0000002C) for __rt_lib_init_argv_1
    libinit.o(.ARM.Collect$$libinit$$00000000) refers (Special) to libinit2.o(.ARM.Collect$$libinit$$0000001B) for __rt_lib_init_atexit_1
    libinit.o(.ARM.Collect$$libinit$$00000000) refers (Special) to libinit2.o(.ARM.Collect$$libinit$$00000021) for __rt_lib_init_clock_1
    libinit.o(.ARM.Collect$$libinit$$00000000) refers (Special) to libinit2.o(.ARM.Collect$$libinit$$00000032) for __rt_lib_init_cpp_1
    libinit.o(.ARM.Collect$$libinit$$00000000) refers (Special) to libinit2.o(.ARM.Collect$$libinit$$00000030) for __rt_lib_init_exceptions_1
    libinit.o(.ARM.Collect$$libinit$$00000000) refers (Special) to libinit2.o(.ARM.Collect$$libinit$$00000002) for __rt_lib_init_fp_1
    libinit.o(.ARM.Collect$$libinit$$00000000) refers (Special) to libinit2.o(.ARM.Collect$$libinit$$0000001F) for __rt_lib_init_fp_trap_1
    libinit.o(.ARM.Collect$$libinit$$00000000) refers (Special) to libinit2.o(.ARM.Collect$$libinit$$00000023) for __rt_lib_init_getenv_1
    libinit.o(.ARM.Collect$$libinit$$00000000) refers (Special) to libinit2.o(.ARM.Collect$$libinit$$0000000A) for __rt_lib_init_heap_1
    libinit.o(.ARM.Collect$$libinit$$00000000) refers (Special) to libinit2.o(.ARM.Collect$$libinit$$00000011) for __rt_lib_init_lc_collate_1
    libinit.o(.ARM.Collect$$libinit$$00000000) refers (Special) to libinit2.o(.ARM.Collect$$libinit$$00000013) for __rt_lib_init_lc_ctype_1
    libinit.o(.ARM.Collect$$libinit$$00000000) refers (Special) to libinit2.o(.ARM.Collect$$libinit$$00000015) for __rt_lib_init_lc_monetary_1
    libinit.o(.ARM.Collect$$libinit$$00000000) refers (Special) to libinit2.o(.ARM.Collect$$libinit$$00000017) for __rt_lib_init_lc_numeric_1
    libinit.o(.ARM.Collect$$libinit$$00000000) refers (Special) to libinit2.o(.ARM.Collect$$libinit$$00000019) for __rt_lib_init_lc_time_1
    libinit.o(.ARM.Collect$$libinit$$00000000) refers (Special) to libinit2.o(.ARM.Collect$$libinit$$00000004) for __rt_lib_init_preinit_1
    libinit.o(.ARM.Collect$$libinit$$00000000) refers (Special) to libinit2.o(.ARM.Collect$$libinit$$0000000E) for __rt_lib_init_rand_1
    libinit.o(.ARM.Collect$$libinit$$00000000) refers (Special) to libinit2.o(.ARM.Collect$$libinit$$00000033) for __rt_lib_init_return
    libinit.o(.ARM.Collect$$libinit$$00000000) refers (Special) to libinit2.o(.ARM.Collect$$libinit$$0000001D) for __rt_lib_init_signal_1
    libinit.o(.ARM.Collect$$libinit$$00000000) refers (Special) to libinit2.o(.ARM.Collect$$libinit$$00000025) for __rt_lib_init_stdio_1
    libinit.o(.ARM.Collect$$libinit$$00000000) refers (Special) to libinit2.o(.ARM.Collect$$libinit$$0000000C) for __rt_lib_init_user_alloc_1
    libspace.o(.text) refers to libspace.o(.bss) for __libspace_start
    rtexit.o(.ARM.Collect$$rtexit$$00000000) refers (Special) to rtexit2.o(.ARM.Collect$$rtexit$$00000004) for __rt_exit_exit
    rtexit.o(.ARM.Collect$$rtexit$$00000000) refers (Special) to rtexit2.o(.ARM.Collect$$rtexit$$00000003) for __rt_exit_ls
    rtexit.o(.ARM.Collect$$rtexit$$00000000) refers (Special) to rtexit2.o(.ARM.Collect$$rtexit$$00000002) for __rt_exit_prels_1
    rtexit.o(.ARM.exidx) refers (Special) to rtexit2.o(.ARM.Collect$$rtexit$$00000004) for __rt_exit_exit
    rtexit.o(.ARM.exidx) refers (Special) to rtexit2.o(.ARM.Collect$$rtexit$$00000003) for __rt_exit_ls
    rtexit.o(.ARM.exidx) refers (Special) to rtexit2.o(.ARM.Collect$$rtexit$$00000002) for __rt_exit_prels_1
    rtexit.o(.ARM.exidx) refers to rtexit.o(.ARM.Collect$$rtexit$$00000000) for .ARM.Collect$$rtexit$$00000000
    libinit2.o(.ARM.Collect$$libinit$$00000010) refers to libinit2.o(.ARM.Collect$$libinit$$0000000F) for .ARM.Collect$$libinit$$0000000F
    libinit2.o(.ARM.Collect$$libinit$$00000012) refers to libinit2.o(.ARM.Collect$$libinit$$0000000F) for .ARM.Collect$$libinit$$0000000F
    libinit2.o(.ARM.Collect$$libinit$$00000014) refers to libinit2.o(.ARM.Collect$$libinit$$0000000F) for .ARM.Collect$$libinit$$0000000F
    libinit2.o(.ARM.Collect$$libinit$$00000016) refers to libinit2.o(.ARM.Collect$$libinit$$0000000F) for .ARM.Collect$$libinit$$0000000F
    libinit2.o(.ARM.Collect$$libinit$$00000018) refers to libinit2.o(.ARM.Collect$$libinit$$0000000F) for .ARM.Collect$$libinit$$0000000F
    libinit2.o(.ARM.Collect$$libinit$$00000026) refers to argv_veneer.o(.emb_text) for __ARM_argv_veneer
    libinit2.o(.ARM.Collect$$libinit$$00000027) refers to argv_veneer.o(.emb_text) for __ARM_argv_veneer
    rtexit2.o(.ARM.Collect$$rtexit$$00000003) refers to libshutdown.o(.ARM.Collect$$libshutdown$$00000000) for __rt_lib_shutdown
    rtexit2.o(.ARM.Collect$$rtexit$$00000004) refers to sys_exit.o(.text) for _sys_exit
    rtexit2.o(.ARM.exidx) refers to rtexit2.o(.ARM.Collect$$rtexit$$00000001) for .ARM.Collect$$rtexit$$00000001
    rtexit2.o(.ARM.exidx) refers to rtexit2.o(.ARM.Collect$$rtexit$$00000003) for .ARM.Collect$$rtexit$$00000003
    rtexit2.o(.ARM.exidx) refers to rtexit2.o(.ARM.Collect$$rtexit$$00000004) for .ARM.Collect$$rtexit$$00000004
    argv_veneer.o(.emb_text) refers to no_argv.o(.text) for __ARM_get_argv
    sys_exit.o(.text) refers (Special) to use_no_semi.o(.text) for __I$use$semihosting
    sys_exit.o(.text) refers (Special) to indicate_semi.o(.text) for __semihosting_library_function
    _get_argv_nomalloc.o(.text) refers (Special) to hrguard.o(.text) for __heap_region$guard
    _get_argv_nomalloc.o(.text) refers to defsig_rtmem_outer.o(.text) for __rt_SIGRTMEM
    _get_argv_nomalloc.o(.text) refers to sys_command.o(.text) for _sys_command_string
    libshutdown.o(.ARM.Collect$$libshutdown$$00000000) refers (Special) to libshutdown2.o(.ARM.Collect$$libshutdown$$00000004) for __rt_lib_shutdown_cpp_1
    libshutdown.o(.ARM.Collect$$libshutdown$$00000000) refers (Special) to libshutdown2.o(.ARM.Collect$$libshutdown$$00000002) for __rt_lib_shutdown_fini_1
    libshutdown.o(.ARM.Collect$$libshutdown$$00000000) refers (Special) to libshutdown2.o(.ARM.Collect$$libshutdown$$00000009) for __rt_lib_shutdown_fp_trap_1
    libshutdown.o(.ARM.Collect$$libshutdown$$00000000) refers (Special) to libshutdown2.o(.ARM.Collect$$libshutdown$$00000011) for __rt_lib_shutdown_heap_1
    libshutdown.o(.ARM.Collect$$libshutdown$$00000000) refers (Special) to libshutdown2.o(.ARM.Collect$$libshutdown$$00000012) for __rt_lib_shutdown_return
    libshutdown.o(.ARM.Collect$$libshutdown$$00000000) refers (Special) to libshutdown2.o(.ARM.Collect$$libshutdown$$0000000C) for __rt_lib_shutdown_signal_1
    libshutdown.o(.ARM.Collect$$libshutdown$$00000000) refers (Special) to libshutdown2.o(.ARM.Collect$$libshutdown$$00000006) for __rt_lib_shutdown_stdio_1
    libshutdown.o(.ARM.Collect$$libshutdown$$00000000) refers (Special) to libshutdown2.o(.ARM.Collect$$libshutdown$$0000000E) for __rt_lib_shutdown_user_alloc_1
    sys_command.o(.text) refers (Special) to use_no_semi.o(.text) for __I$use$semihosting
    sys_command.o(.text) refers (Special) to indicate_semi.o(.text) for __semihosting_library_function
    defsig_rtmem_outer.o(.text) refers to defsig_rtmem_inner.o(.text) for __rt_SIGRTMEM_inner
    defsig_rtmem_outer.o(.text) refers to defsig_exit.o(.text) for __sig_exit
    defsig_rtmem_formal.o(.text) refers to rt_raise.o(.text) for __rt_raise
    rt_raise.o(.text) refers to __raise.o(.text) for __raise
    rt_raise.o(.text) refers to sys_exit.o(.text) for _sys_exit
    defsig_exit.o(.text) refers to sys_exit.o(.text) for _sys_exit
    defsig_rtmem_inner.o(.text) refers to defsig_general.o(.text) for __default_signal_display
    __raise.o(.text) refers to defsig.o(CL$$defsig) for __default_signal_handler
    defsig_general.o(.text) refers to sys_wrch.o(.text) for _ttywrch
    sys_wrch.o(.text) refers (Special) to use_no_semi.o(.text) for __I$use$semihosting
    sys_wrch.o(.text) refers (Special) to indicate_semi.o(.text) for __semihosting_library_function
    defsig.o(CL$$defsig) refers to defsig_rtmem_inner.o(.text) for __rt_SIGRTMEM_inner
    defsig_abrt_inner.o(.text) refers to defsig_general.o(.text) for __default_signal_display
    defsig_fpe_inner.o(.text) refers to defsig_general.o(.text) for __default_signal_display
    defsig_rtred_inner.o(.text) refers to defsig_general.o(.text) for __default_signal_display
    defsig_stak_inner.o(.text) refers to defsig_general.o(.text) for __default_signal_display
    defsig_pvfn_inner.o(.text) refers to defsig_general.o(.text) for __default_signal_display
    defsig_cppl_inner.o(.text) refers to defsig_general.o(.text) for __default_signal_display
    defsig_segv_inner.o(.text) refers to defsig_general.o(.text) for __default_signal_display
    defsig_other.o(.text) refers to defsig_general.o(.text) for __default_signal_display


==============================================================================

Removing Unused input sections from the image.

    Removing main.o(.rev16_text), (4 bytes).
    Removing main.o(.revsh_text), (4 bytes).
    Removing main.o(.rrx_text), (6 bytes).
    Removing main.o(i.Error_Handler), (4 bytes).
    Removing gpio.o(.rev16_text), (4 bytes).
    Removing gpio.o(.revsh_text), (4 bytes).
    Removing gpio.o(.rrx_text), (6 bytes).
    Removing stm32wlxx_it.o(.rev16_text), (4 bytes).
    Removing stm32wlxx_it.o(.revsh_text), (4 bytes).
    Removing stm32wlxx_it.o(.rrx_text), (6 bytes).
    Removing stm32wlxx_hal_msp.o(.rev16_text), (4 bytes).
    Removing stm32wlxx_hal_msp.o(.revsh_text), (4 bytes).
    Removing stm32wlxx_hal_msp.o(.rrx_text), (6 bytes).
    Removing stm32wlxx_hal_rcc.o(.rev16_text), (4 bytes).
    Removing stm32wlxx_hal_rcc.o(.revsh_text), (4 bytes).
    Removing stm32wlxx_hal_rcc.o(.rrx_text), (6 bytes).
    Removing stm32wlxx_hal_rcc.o(i.HAL_RCC_CSSCallback), (2 bytes).
    Removing stm32wlxx_hal_rcc.o(i.HAL_RCC_DeInit), (244 bytes).
    Removing stm32wlxx_hal_rcc.o(i.HAL_RCC_EnableCSS), (14 bytes).
    Removing stm32wlxx_hal_rcc.o(i.HAL_RCC_GetClockConfig), (72 bytes).
    Removing stm32wlxx_hal_rcc.o(i.HAL_RCC_GetHCLK3Freq), (36 bytes).
    Removing stm32wlxx_hal_rcc.o(i.HAL_RCC_GetOscConfig), (134 bytes).
    Removing stm32wlxx_hal_rcc.o(i.HAL_RCC_GetPCLK1Freq), (32 bytes).
    Removing stm32wlxx_hal_rcc.o(i.HAL_RCC_GetPCLK2Freq), (32 bytes).
    Removing stm32wlxx_hal_rcc.o(i.HAL_RCC_GetResetSource), (22 bytes).
    Removing stm32wlxx_hal_rcc.o(i.HAL_RCC_MCOConfig), (80 bytes).
    Removing stm32wlxx_hal_rcc.o(i.HAL_RCC_NMI_IRQHandler), (24 bytes).
    Removing stm32wlxx_hal_rcc_ex.o(.rev16_text), (4 bytes).
    Removing stm32wlxx_hal_rcc_ex.o(.revsh_text), (4 bytes).
    Removing stm32wlxx_hal_rcc_ex.o(.rrx_text), (6 bytes).
    Removing stm32wlxx_hal_rcc_ex.o(i.HAL_RCCEx_DisableLSCO), (16 bytes).
    Removing stm32wlxx_hal_rcc_ex.o(i.HAL_RCCEx_DisableLSECSS), (26 bytes).
    Removing stm32wlxx_hal_rcc_ex.o(i.HAL_RCCEx_DisableMSIPLLMode), (14 bytes).
    Removing stm32wlxx_hal_rcc_ex.o(i.HAL_RCCEx_EnableLSCO), (22 bytes).
    Removing stm32wlxx_hal_rcc_ex.o(i.HAL_RCCEx_EnableLSECSS), (16 bytes).
    Removing stm32wlxx_hal_rcc_ex.o(i.HAL_RCCEx_EnableLSECSS_IT), (40 bytes).
    Removing stm32wlxx_hal_rcc_ex.o(i.HAL_RCCEx_EnableMSIPLLMode), (14 bytes).
    Removing stm32wlxx_hal_rcc_ex.o(i.HAL_RCCEx_GetPeriphCLKConfig), (136 bytes).
    Removing stm32wlxx_hal_rcc_ex.o(i.HAL_RCCEx_GetPeriphCLKFreq), (736 bytes).
    Removing stm32wlxx_hal_rcc_ex.o(i.HAL_RCCEx_LSECSS_Callback), (2 bytes).
    Removing stm32wlxx_hal_rcc_ex.o(i.HAL_RCCEx_LSECSS_IRQHandler), (18 bytes).
    Removing stm32wlxx_hal_rcc_ex.o(i.HAL_RCCEx_PeriphCLKConfig), (400 bytes).
    Removing stm32wlxx_hal_rcc_ex.o(i.HAL_RCCEx_WakeUpStopCLKConfig), (16 bytes).
    Removing stm32wlxx_hal_rcc_ex.o(i.LL_RCC_GetAHBPrescaler), (12 bytes).
    Removing stm32wlxx_hal_rcc_ex.o(i.LL_RCC_GetAPB1Prescaler), (12 bytes).
    Removing stm32wlxx_hal_rcc_ex.o(i.LL_RCC_GetI2CClockSource), (18 bytes).
    Removing stm32wlxx_hal_rcc_ex.o(i.LL_RCC_GetLPTIMClockSource), (16 bytes).
    Removing stm32wlxx_hal_rcc_ex.o(i.LL_RCC_GetUSARTClockSource), (16 bytes).
    Removing stm32wlxx_hal_rcc_ex.o(i.LL_RCC_HSI_IsReady), (12 bytes).
    Removing stm32wlxx_hal_rcc_ex.o(i.LL_RCC_LSE_IsReady), (14 bytes).
    Removing stm32wlxx_hal_rcc_ex.o(i.LL_RCC_LSI_GetPrediv), (14 bytes).
    Removing stm32wlxx_hal_rcc_ex.o(i.LL_RCC_LSI_IsReady), (14 bytes).
    Removing stm32wlxx_hal_rcc_ex.o(i.LL_RCC_MSI_GetRange), (12 bytes).
    Removing stm32wlxx_hal_rcc_ex.o(i.LL_RCC_MSI_GetRangeAfterStandby), (14 bytes).
    Removing stm32wlxx_hal_rcc_ex.o(i.LL_RCC_MSI_IsEnabledRangeSelect), (12 bytes).
    Removing stm32wlxx_hal_rcc_ex.o(i.LL_RCC_SetI2CClockSource), (30 bytes).
    Removing stm32wlxx_hal_rcc_ex.o(i.LL_RCC_SetLPTIMClockSource), (22 bytes).
    Removing stm32wlxx_hal_rcc_ex.o(i.LL_RCC_SetUSARTClockSource), (20 bytes).
    Removing stm32wlxx_hal_rcc_ex.o(i.RCC_PLL_GetFreqDomain_P), (160 bytes).
    Removing stm32wlxx_hal_rcc_ex.o(i.RCC_PLL_GetFreqDomain_Q), (160 bytes).
    Removing stm32wlxx_hal_flash.o(.rev16_text), (4 bytes).
    Removing stm32wlxx_hal_flash.o(.revsh_text), (4 bytes).
    Removing stm32wlxx_hal_flash.o(.rrx_text), (6 bytes).
    Removing stm32wlxx_hal_flash.o(i.FLASH_Program_DoubleWord), (28 bytes).
    Removing stm32wlxx_hal_flash.o(i.FLASH_Program_Fast), (52 bytes).
    Removing stm32wlxx_hal_flash.o(i.FLASH_WaitForLastOperation), (108 bytes).
    Removing stm32wlxx_hal_flash.o(i.HAL_FLASH_EndOfOperationCallback), (2 bytes).
    Removing stm32wlxx_hal_flash.o(i.HAL_FLASH_GetError), (12 bytes).
    Removing stm32wlxx_hal_flash.o(i.HAL_FLASH_IRQHandler), (164 bytes).
    Removing stm32wlxx_hal_flash.o(i.HAL_FLASH_Lock), (28 bytes).
    Removing stm32wlxx_hal_flash.o(i.HAL_FLASH_OB_Launch), (20 bytes).
    Removing stm32wlxx_hal_flash.o(i.HAL_FLASH_OB_Lock), (28 bytes).
    Removing stm32wlxx_hal_flash.o(i.HAL_FLASH_OB_Unlock), (40 bytes).
    Removing stm32wlxx_hal_flash.o(i.HAL_FLASH_OperationErrorCallback), (2 bytes).
    Removing stm32wlxx_hal_flash.o(i.HAL_FLASH_Program), (100 bytes).
    Removing stm32wlxx_hal_flash.o(i.HAL_FLASH_Program_IT), (116 bytes).
    Removing stm32wlxx_hal_flash.o(i.HAL_FLASH_Unlock), (40 bytes).
    Removing stm32wlxx_hal_flash.o(.bss), (24 bytes).
    Removing stm32wlxx_hal_flash_ex.o(.rev16_text), (4 bytes).
    Removing stm32wlxx_hal_flash_ex.o(.revsh_text), (4 bytes).
    Removing stm32wlxx_hal_flash_ex.o(.rrx_text), (6 bytes).
    Removing stm32wlxx_hal_flash_ex.o(i.FLASH_MassErase), (20 bytes).
    Removing stm32wlxx_hal_flash_ex.o(i.FLASH_OB_GetRDP), (24 bytes).
    Removing stm32wlxx_hal_flash_ex.o(i.FLASH_OB_GetUser), (24 bytes).
    Removing stm32wlxx_hal_flash_ex.o(i.FLASH_OB_OptrConfig), (24 bytes).
    Removing stm32wlxx_hal_flash_ex.o(i.FLASH_PageErase), (28 bytes).
    Removing stm32wlxx_hal_flash_ex.o(i.HAL_FLASHEx_AllowOperation), (16 bytes).
    Removing stm32wlxx_hal_flash_ex.o(i.HAL_FLASHEx_Erase), (148 bytes).
    Removing stm32wlxx_hal_flash_ex.o(i.HAL_FLASHEx_Erase_IT), (100 bytes).
    Removing stm32wlxx_hal_flash_ex.o(i.HAL_FLASHEx_FlashEmptyCheck), (16 bytes).
    Removing stm32wlxx_hal_flash_ex.o(i.HAL_FLASHEx_ForceFlashEmpty), (20 bytes).
    Removing stm32wlxx_hal_flash_ex.o(i.HAL_FLASHEx_IsOperationSuspended), (20 bytes).
    Removing stm32wlxx_hal_flash_ex.o(i.HAL_FLASHEx_OBGetConfig), (132 bytes).
    Removing stm32wlxx_hal_flash_ex.o(i.HAL_FLASHEx_OBProgram), (248 bytes).
    Removing stm32wlxx_hal_flash_ex.o(i.HAL_FLASHEx_SuspendOperation), (16 bytes).
    Removing stm32wlxx_hal_gpio.o(.rev16_text), (4 bytes).
    Removing stm32wlxx_hal_gpio.o(.revsh_text), (4 bytes).
    Removing stm32wlxx_hal_gpio.o(.rrx_text), (6 bytes).
    Removing stm32wlxx_hal_gpio.o(i.HAL_GPIO_DeInit), (272 bytes).
    Removing stm32wlxx_hal_gpio.o(i.HAL_GPIO_EXTI_Callback), (2 bytes).
    Removing stm32wlxx_hal_gpio.o(i.HAL_GPIO_EXTI_IRQHandler), (24 bytes).
    Removing stm32wlxx_hal_gpio.o(i.HAL_GPIO_LockPin), (34 bytes).
    Removing stm32wlxx_hal_gpio.o(i.HAL_GPIO_WriteMultipleStatePin), (8 bytes).
    Removing stm32wlxx_hal_dma.o(.rev16_text), (4 bytes).
    Removing stm32wlxx_hal_dma.o(.revsh_text), (4 bytes).
    Removing stm32wlxx_hal_dma.o(.rrx_text), (6 bytes).
    Removing stm32wlxx_hal_dma.o(i.DMA_CalcDMAMUXChannelBaseAndMask), (76 bytes).
    Removing stm32wlxx_hal_dma.o(i.DMA_CalcDMAMUXRequestGenBaseAndMask), (40 bytes).
    Removing stm32wlxx_hal_dma.o(i.DMA_SetConfig), (62 bytes).
    Removing stm32wlxx_hal_dma.o(i.HAL_DMA_Abort), (110 bytes).
    Removing stm32wlxx_hal_dma.o(i.HAL_DMA_Abort_IT), (112 bytes).
    Removing stm32wlxx_hal_dma.o(i.HAL_DMA_DeInit), (168 bytes).
    Removing stm32wlxx_hal_dma.o(i.HAL_DMA_GetError), (4 bytes).
    Removing stm32wlxx_hal_dma.o(i.HAL_DMA_GetState), (6 bytes).
    Removing stm32wlxx_hal_dma.o(i.HAL_DMA_IRQHandler), (212 bytes).
    Removing stm32wlxx_hal_dma.o(i.HAL_DMA_Init), (200 bytes).
    Removing stm32wlxx_hal_dma.o(i.HAL_DMA_PollForTransfer), (268 bytes).
    Removing stm32wlxx_hal_dma.o(i.HAL_DMA_RegisterCallback), (74 bytes).
    Removing stm32wlxx_hal_dma.o(i.HAL_DMA_Start), (84 bytes).
    Removing stm32wlxx_hal_dma.o(i.HAL_DMA_Start_IT), (144 bytes).
    Removing stm32wlxx_hal_dma.o(i.HAL_DMA_UnRegisterCallback), (82 bytes).
    Removing stm32wlxx_hal_dma_ex.o(.rev16_text), (4 bytes).
    Removing stm32wlxx_hal_dma_ex.o(.revsh_text), (4 bytes).
    Removing stm32wlxx_hal_dma_ex.o(.rrx_text), (6 bytes).
    Removing stm32wlxx_hal_dma_ex.o(i.HAL_DMAEx_ConfigMuxRequestGenerator), (80 bytes).
    Removing stm32wlxx_hal_dma_ex.o(i.HAL_DMAEx_ConfigMuxSync), (88 bytes).
    Removing stm32wlxx_hal_dma_ex.o(i.HAL_DMAEx_DisableMuxRequestGenerator), (26 bytes).
    Removing stm32wlxx_hal_dma_ex.o(i.HAL_DMAEx_EnableMuxRequestGenerator), (26 bytes).
    Removing stm32wlxx_hal_dma_ex.o(i.HAL_DMAEx_MUX_IRQHandler), (100 bytes).
    Removing stm32wlxx_hal_pwr.o(.rev16_text), (4 bytes).
    Removing stm32wlxx_hal_pwr.o(.revsh_text), (4 bytes).
    Removing stm32wlxx_hal_pwr.o(.rrx_text), (6 bytes).
    Removing stm32wlxx_hal_pwr.o(i.HAL_PWR_ConfigPVD), (104 bytes).
    Removing stm32wlxx_hal_pwr.o(i.HAL_PWR_DeInit), (92 bytes).
    Removing stm32wlxx_hal_pwr.o(i.HAL_PWR_DisableBkUpAccess), (16 bytes).
    Removing stm32wlxx_hal_pwr.o(i.HAL_PWR_DisablePVD), (16 bytes).
    Removing stm32wlxx_hal_pwr.o(i.HAL_PWR_DisableSEVOnPend), (16 bytes).
    Removing stm32wlxx_hal_pwr.o(i.HAL_PWR_DisableSleepOnExit), (16 bytes).
    Removing stm32wlxx_hal_pwr.o(i.HAL_PWR_DisableWakeUpPin), (20 bytes).
    Removing stm32wlxx_hal_pwr.o(i.HAL_PWR_EnablePVD), (16 bytes).
    Removing stm32wlxx_hal_pwr.o(i.HAL_PWR_EnableSEVOnPend), (16 bytes).
    Removing stm32wlxx_hal_pwr.o(i.HAL_PWR_EnableSleepOnExit), (16 bytes).
    Removing stm32wlxx_hal_pwr.o(i.HAL_PWR_EnableWakeUpPin), (32 bytes).
    Removing stm32wlxx_hal_pwr.o(i.HAL_PWR_EnterSLEEPMode), (72 bytes).
    Removing stm32wlxx_hal_pwr.o(i.HAL_PWR_EnterSTANDBYMode), (36 bytes).
    Removing stm32wlxx_hal_pwr.o(i.HAL_PWR_EnterSTOPMode), (16 bytes).
    Removing stm32wlxx_hal_pwr.o(i.HAL_PWR_PVDCallback), (2 bytes).
    Removing stm32wlxx_hal_pwr_ex.o(.rev16_text), (4 bytes).
    Removing stm32wlxx_hal_pwr_ex.o(.revsh_text), (4 bytes).
    Removing stm32wlxx_hal_pwr_ex.o(.rrx_text), (6 bytes).
    Removing stm32wlxx_hal_pwr_ex.o(i.HAL_PWREx_ConfigPVM), (108 bytes).
    Removing stm32wlxx_hal_pwr_ex.o(i.HAL_PWREx_ControlVoltageScaling), (104 bytes).
    Removing stm32wlxx_hal_pwr_ex.o(i.HAL_PWREx_DisableBORPVD_ULP), (16 bytes).
    Removing stm32wlxx_hal_pwr_ex.o(i.HAL_PWREx_DisableBatteryCharging), (16 bytes).
    Removing stm32wlxx_hal_pwr_ex.o(i.HAL_PWREx_DisableFlashPowerDown), (16 bytes).
    Removing stm32wlxx_hal_pwr_ex.o(i.HAL_PWREx_DisableGPIOPullDown), (72 bytes).
    Removing stm32wlxx_hal_pwr_ex.o(i.HAL_PWREx_DisableGPIOPullUp), (72 bytes).
    Removing stm32wlxx_hal_pwr_ex.o(i.HAL_PWREx_DisableInternalWakeUpLine), (16 bytes).
    Removing stm32wlxx_hal_pwr_ex.o(i.HAL_PWREx_DisableLowPowerRunMode), (68 bytes).
    Removing stm32wlxx_hal_pwr_ex.o(i.HAL_PWREx_DisablePVM3), (16 bytes).
    Removing stm32wlxx_hal_pwr_ex.o(i.HAL_PWREx_DisablePullUpPullDownConfig), (16 bytes).
    Removing stm32wlxx_hal_pwr_ex.o(i.HAL_PWREx_DisableSRAMRetention), (16 bytes).
    Removing stm32wlxx_hal_pwr_ex.o(i.HAL_PWREx_DisableWPVD), (16 bytes).
    Removing stm32wlxx_hal_pwr_ex.o(i.HAL_PWREx_EnableBORPVD_ULP), (16 bytes).
    Removing stm32wlxx_hal_pwr_ex.o(i.HAL_PWREx_EnableBatteryCharging), (28 bytes).
    Removing stm32wlxx_hal_pwr_ex.o(i.HAL_PWREx_EnableFlashPowerDown), (24 bytes).
    Removing stm32wlxx_hal_pwr_ex.o(i.HAL_PWREx_EnableGPIOPullDown), (100 bytes).
    Removing stm32wlxx_hal_pwr_ex.o(i.HAL_PWREx_EnableGPIOPullUp), (100 bytes).
    Removing stm32wlxx_hal_pwr_ex.o(i.HAL_PWREx_EnableInternalWakeUpLine), (16 bytes).
    Removing stm32wlxx_hal_pwr_ex.o(i.HAL_PWREx_EnableLowPowerRunMode), (16 bytes).
    Removing stm32wlxx_hal_pwr_ex.o(i.HAL_PWREx_EnablePVM3), (16 bytes).
    Removing stm32wlxx_hal_pwr_ex.o(i.HAL_PWREx_EnablePullUpPullDownConfig), (16 bytes).
    Removing stm32wlxx_hal_pwr_ex.o(i.HAL_PWREx_EnableSRAMRetention), (16 bytes).
    Removing stm32wlxx_hal_pwr_ex.o(i.HAL_PWREx_EnableWPVD), (16 bytes).
    Removing stm32wlxx_hal_pwr_ex.o(i.HAL_PWREx_EnterSHUTDOWNMode), (32 bytes).
    Removing stm32wlxx_hal_pwr_ex.o(i.HAL_PWREx_EnterSTOP0Mode), (52 bytes).
    Removing stm32wlxx_hal_pwr_ex.o(i.HAL_PWREx_EnterSTOP1Mode), (56 bytes).
    Removing stm32wlxx_hal_pwr_ex.o(i.HAL_PWREx_EnterSTOP2Mode), (56 bytes).
    Removing stm32wlxx_hal_pwr_ex.o(i.HAL_PWREx_PVD_PVM_IRQHandler), (48 bytes).
    Removing stm32wlxx_hal_pwr_ex.o(i.HAL_PWREx_PVM3Callback), (2 bytes).
    Removing stm32wlxx_hal_pwr_ex.o(i.HAL_PWREx_SMPS_GetEffectiveMode), (16 bytes).
    Removing stm32wlxx_hal_pwr_ex.o(i.HAL_PWREx_SMPS_SetMode), (20 bytes).
    Removing stm32wlxx_hal_pwr_ex.o(i.HAL_PWREx_SetRadioBusyPolarity), (20 bytes).
    Removing stm32wlxx_hal_pwr_ex.o(i.HAL_PWREx_SetRadioBusyTrigger), (20 bytes).
    Removing stm32wlxx_hal_pwr_ex.o(i.HAL_PWREx_SetRadioEOL), (20 bytes).
    Removing stm32wlxx_hal_pwr_ex.o(i.HAL_PWREx_SetRadioIRQTrigger), (20 bytes).
    Removing stm32wlxx_hal_cortex.o(.rev16_text), (4 bytes).
    Removing stm32wlxx_hal_cortex.o(.revsh_text), (4 bytes).
    Removing stm32wlxx_hal_cortex.o(.rrx_text), (6 bytes).
    Removing stm32wlxx_hal_cortex.o(i.HAL_MPU_ConfigRegion), (84 bytes).
    Removing stm32wlxx_hal_cortex.o(i.HAL_MPU_Disable), (16 bytes).
    Removing stm32wlxx_hal_cortex.o(i.HAL_MPU_Enable), (24 bytes).
    Removing stm32wlxx_hal_cortex.o(i.HAL_NVIC_ClearPendingIRQ), (26 bytes).
    Removing stm32wlxx_hal_cortex.o(i.HAL_NVIC_DisableIRQ), (34 bytes).
    Removing stm32wlxx_hal_cortex.o(i.HAL_NVIC_EnableIRQ), (26 bytes).
    Removing stm32wlxx_hal_cortex.o(i.HAL_NVIC_GetActive), (36 bytes).
    Removing stm32wlxx_hal_cortex.o(i.HAL_NVIC_GetPendingIRQ), (36 bytes).
    Removing stm32wlxx_hal_cortex.o(i.HAL_NVIC_GetPriority), (82 bytes).
    Removing stm32wlxx_hal_cortex.o(i.HAL_NVIC_GetPriorityGrouping), (16 bytes).
    Removing stm32wlxx_hal_cortex.o(i.HAL_NVIC_SetPendingIRQ), (26 bytes).
    Removing stm32wlxx_hal_cortex.o(i.HAL_NVIC_SystemReset), (36 bytes).
    Removing stm32wlxx_hal_cortex.o(i.HAL_SYSTICK_CLKSourceConfig), (24 bytes).
    Removing stm32wlxx_hal_cortex.o(i.HAL_SYSTICK_Callback), (2 bytes).
    Removing stm32wlxx_hal_cortex.o(i.HAL_SYSTICK_IRQHandler), (8 bytes).
    Removing stm32wlxx_hal.o(.rev16_text), (4 bytes).
    Removing stm32wlxx_hal.o(.revsh_text), (4 bytes).
    Removing stm32wlxx_hal.o(.rrx_text), (6 bytes).
    Removing stm32wlxx_hal.o(i.HAL_DBGMCU_DisableDBGSleepMode), (16 bytes).
    Removing stm32wlxx_hal.o(i.HAL_DBGMCU_DisableDBGStandbyMode), (16 bytes).
    Removing stm32wlxx_hal.o(i.HAL_DBGMCU_DisableDBGStopMode), (16 bytes).
    Removing stm32wlxx_hal.o(i.HAL_DBGMCU_EnableDBGSleepMode), (16 bytes).
    Removing stm32wlxx_hal.o(i.HAL_DBGMCU_EnableDBGStandbyMode), (16 bytes).
    Removing stm32wlxx_hal.o(i.HAL_DBGMCU_EnableDBGStopMode), (16 bytes).
    Removing stm32wlxx_hal.o(i.HAL_DeInit), (76 bytes).
    Removing stm32wlxx_hal.o(i.HAL_GetDEVID), (16 bytes).
    Removing stm32wlxx_hal.o(i.HAL_GetHalVersion), (8 bytes).
    Removing stm32wlxx_hal.o(i.HAL_GetREVID), (12 bytes).
    Removing stm32wlxx_hal.o(i.HAL_GetTickFreq), (12 bytes).
    Removing stm32wlxx_hal.o(i.HAL_GetTickPrio), (12 bytes).
    Removing stm32wlxx_hal.o(i.HAL_GetUIDw0), (12 bytes).
    Removing stm32wlxx_hal.o(i.HAL_GetUIDw1), (12 bytes).
    Removing stm32wlxx_hal.o(i.HAL_GetUIDw2), (12 bytes).
    Removing stm32wlxx_hal.o(i.HAL_MspDeInit), (2 bytes).
    Removing stm32wlxx_hal.o(i.HAL_MspInit), (2 bytes).
    Removing stm32wlxx_hal.o(i.HAL_ResumeTick), (14 bytes).
    Removing stm32wlxx_hal.o(i.HAL_SYSCFG_DisableIOAnalogSwitchBooster), (16 bytes).
    Removing stm32wlxx_hal.o(i.HAL_SYSCFG_DisableVREFBUF), (16 bytes).
    Removing stm32wlxx_hal.o(i.HAL_SYSCFG_EnableIOAnalogSwitchBooster), (16 bytes).
    Removing stm32wlxx_hal.o(i.HAL_SYSCFG_EnableVREFBUF), (48 bytes).
    Removing stm32wlxx_hal.o(i.HAL_SYSCFG_SRAM2Erase), (24 bytes).
    Removing stm32wlxx_hal.o(i.HAL_SYSCFG_VREFBUF_HighImpedanceConfig), (20 bytes).
    Removing stm32wlxx_hal.o(i.HAL_SYSCFG_VREFBUF_TrimmingConfig), (12 bytes).
    Removing stm32wlxx_hal.o(i.HAL_SYSCFG_VREFBUF_VoltageScalingConfig), (40 bytes).
    Removing stm32wlxx_hal.o(i.HAL_SetTickFreq), (36 bytes).
    Removing stm32wlxx_hal.o(i.HAL_SuspendTick), (14 bytes).
    Removing stm32wlxx_hal_exti.o(.rev16_text), (4 bytes).
    Removing stm32wlxx_hal_exti.o(.revsh_text), (4 bytes).
    Removing stm32wlxx_hal_exti.o(.rrx_text), (6 bytes).
    Removing stm32wlxx_hal_exti.o(i.HAL_EXTI_ClearConfigLine), (128 bytes).
    Removing stm32wlxx_hal_exti.o(i.HAL_EXTI_ClearPending), (28 bytes).
    Removing stm32wlxx_hal_exti.o(i.HAL_EXTI_GenerateSWI), (28 bytes).
    Removing stm32wlxx_hal_exti.o(i.HAL_EXTI_GetConfigLine), (160 bytes).
    Removing stm32wlxx_hal_exti.o(i.HAL_EXTI_GetHandle), (12 bytes).
    Removing stm32wlxx_hal_exti.o(i.HAL_EXTI_GetPending), (32 bytes).
    Removing stm32wlxx_hal_exti.o(i.HAL_EXTI_IRQHandler), (44 bytes).
    Removing stm32wlxx_hal_exti.o(i.HAL_EXTI_RegisterCallback), (14 bytes).
    Removing stm32wlxx_hal_exti.o(i.HAL_EXTI_SetConfigLine), (176 bytes).
    Removing stm32wlxx_hal_tim.o(.rev16_text), (4 bytes).
    Removing stm32wlxx_hal_tim.o(.revsh_text), (4 bytes).
    Removing stm32wlxx_hal_tim.o(.rrx_text), (6 bytes).
    Removing stm32wlxx_hal_tim_ex.o(.rev16_text), (4 bytes).
    Removing stm32wlxx_hal_tim_ex.o(.revsh_text), (4 bytes).
    Removing stm32wlxx_hal_tim_ex.o(.rrx_text), (6 bytes).
    Removing system_stm32wlxx.o(.rev16_text), (4 bytes).
    Removing system_stm32wlxx.o(.revsh_text), (4 bytes).
    Removing system_stm32wlxx.o(.rrx_text), (6 bytes).
    Removing system_stm32wlxx.o(i.SystemCoreClockUpdate), (172 bytes).
    Removing system_stm32wlxx.o(.constdata), (32 bytes).

258 unused section(s) (total 10472 bytes) removed from the image.

==============================================================================

Image Symbol Table

    Local Symbols

    Symbol Name                              Value     Ov Type        Size  Object(Section)

    ../Core/Src/gpio.c                       0x00000000   Number         0  gpio.o ABSOLUTE
    ../Core/Src/main.c                       0x00000000   Number         0  main.o ABSOLUTE
    ../Core/Src/stm32wlxx_hal_msp.c          0x00000000   Number         0  stm32wlxx_hal_msp.o ABSOLUTE
    ../Core/Src/stm32wlxx_it.c               0x00000000   Number         0  stm32wlxx_it.o ABSOLUTE
    ../Core/Src/system_stm32wlxx.c           0x00000000   Number         0  system_stm32wlxx.o ABSOLUTE
    ../Drivers/STM32WLxx_HAL_Driver/Src/stm32wlxx_hal.c 0x00000000   Number         0  stm32wlxx_hal.o ABSOLUTE
    ../Drivers/STM32WLxx_HAL_Driver/Src/stm32wlxx_hal_cortex.c 0x00000000   Number         0  stm32wlxx_hal_cortex.o ABSOLUTE
    ../Drivers/STM32WLxx_HAL_Driver/Src/stm32wlxx_hal_dma.c 0x00000000   Number         0  stm32wlxx_hal_dma.o ABSOLUTE
    ../Drivers/STM32WLxx_HAL_Driver/Src/stm32wlxx_hal_dma_ex.c 0x00000000   Number         0  stm32wlxx_hal_dma_ex.o ABSOLUTE
    ../Drivers/STM32WLxx_HAL_Driver/Src/stm32wlxx_hal_exti.c 0x00000000   Number         0  stm32wlxx_hal_exti.o ABSOLUTE
    ../Drivers/STM32WLxx_HAL_Driver/Src/stm32wlxx_hal_flash.c 0x00000000   Number         0  stm32wlxx_hal_flash.o ABSOLUTE
    ../Drivers/STM32WLxx_HAL_Driver/Src/stm32wlxx_hal_flash_ex.c 0x00000000   Number         0  stm32wlxx_hal_flash_ex.o ABSOLUTE
    ../Drivers/STM32WLxx_HAL_Driver/Src/stm32wlxx_hal_gpio.c 0x00000000   Number         0  stm32wlxx_hal_gpio.o ABSOLUTE
    ../Drivers/STM32WLxx_HAL_Driver/Src/stm32wlxx_hal_pwr.c 0x00000000   Number         0  stm32wlxx_hal_pwr.o ABSOLUTE
    ../Drivers/STM32WLxx_HAL_Driver/Src/stm32wlxx_hal_pwr_ex.c 0x00000000   Number         0  stm32wlxx_hal_pwr_ex.o ABSOLUTE
    ../Drivers/STM32WLxx_HAL_Driver/Src/stm32wlxx_hal_rcc.c 0x00000000   Number         0  stm32wlxx_hal_rcc.o ABSOLUTE
    ../Drivers/STM32WLxx_HAL_Driver/Src/stm32wlxx_hal_rcc_ex.c 0x00000000   Number         0  stm32wlxx_hal_rcc_ex.o ABSOLUTE
    ../Drivers/STM32WLxx_HAL_Driver/Src/stm32wlxx_hal_tim.c 0x00000000   Number         0  stm32wlxx_hal_tim.o ABSOLUTE
    ../Drivers/STM32WLxx_HAL_Driver/Src/stm32wlxx_hal_tim_ex.c 0x00000000   Number         0  stm32wlxx_hal_tim_ex.o ABSOLUTE
    ../clib/angel/boardlib.s                 0x00000000   Number         0  boardinit3.o ABSOLUTE
    ../clib/angel/boardlib.s                 0x00000000   Number         0  boardinit2.o ABSOLUTE
    ../clib/angel/boardlib.s                 0x00000000   Number         0  boardinit1.o ABSOLUTE
    ../clib/angel/boardlib.s                 0x00000000   Number         0  boardshut.o ABSOLUTE
    ../clib/angel/handlers.s                 0x00000000   Number         0  __scatter_copy.o ABSOLUTE
    ../clib/angel/handlers.s                 0x00000000   Number         0  __scatter_zi.o ABSOLUTE
    ../clib/angel/kernel.s                   0x00000000   Number         0  __rtentry2.o ABSOLUTE
    ../clib/angel/kernel.s                   0x00000000   Number         0  __rtentry.o ABSOLUTE
    ../clib/angel/kernel.s                   0x00000000   Number         0  rtexit.o ABSOLUTE
    ../clib/angel/kernel.s                   0x00000000   Number         0  __rtentry4.o ABSOLUTE
    ../clib/angel/kernel.s                   0x00000000   Number         0  rtexit2.o ABSOLUTE
    ../clib/angel/rt.s                       0x00000000   Number         0  rt_raise.o ABSOLUTE
    ../clib/angel/scatter.s                  0x00000000   Number         0  __scatter.o ABSOLUTE
    ../clib/angel/startup.s                  0x00000000   Number         0  __main.o ABSOLUTE
    ../clib/angel/sys.s                      0x00000000   Number         0  libspace.o ABSOLUTE
    ../clib/angel/sys.s                      0x00000000   Number         0  use_no_semi.o ABSOLUTE
    ../clib/angel/sys.s                      0x00000000   Number         0  indicate_semi.o ABSOLUTE
    ../clib/angel/sys.s                      0x00000000   Number         0  sys_stackheap_outer.o ABSOLUTE
    ../clib/angel/sysapp.c                   0x00000000   Number         0  sys_exit.o ABSOLUTE
    ../clib/angel/sysapp.c                   0x00000000   Number         0  sys_wrch.o ABSOLUTE
    ../clib/angel/sysapp.c                   0x00000000   Number         0  sys_command.o ABSOLUTE
    ../clib/armsys.c                         0x00000000   Number         0  _get_argv_nomalloc.o ABSOLUTE
    ../clib/armsys.c                         0x00000000   Number         0  argv_veneer.o ABSOLUTE
    ../clib/armsys.c                         0x00000000   Number         0  argv_veneer.o ABSOLUTE
    ../clib/armsys.c                         0x00000000   Number         0  no_argv.o ABSOLUTE
    ../clib/heapalloc.c                      0x00000000   Number         0  hrguard.o ABSOLUTE
    ../clib/heapaux.c                        0x00000000   Number         0  heapauxi.o ABSOLUTE
    ../clib/libinit.s                        0x00000000   Number         0  libinit.o ABSOLUTE
    ../clib/libinit.s                        0x00000000   Number         0  libshutdown.o ABSOLUTE
    ../clib/libinit.s                        0x00000000   Number         0  libinit2.o ABSOLUTE
    ../clib/libinit.s                        0x00000000   Number         0  libshutdown2.o ABSOLUTE
    ../clib/memcpset.s                       0x00000000   Number         0  rt_memclr_w.o ABSOLUTE
    ../clib/signal.c                         0x00000000   Number         0  defsig_abrt_inner.o ABSOLUTE
    ../clib/signal.c                         0x00000000   Number         0  defsig_fpe_inner.o ABSOLUTE
    ../clib/signal.c                         0x00000000   Number         0  defsig_rtred_inner.o ABSOLUTE
    ../clib/signal.c                         0x00000000   Number         0  defsig_stak_inner.o ABSOLUTE
    ../clib/signal.c                         0x00000000   Number         0  defsig_exit.o ABSOLUTE
    ../clib/signal.c                         0x00000000   Number         0  defsig_rtmem_inner.o ABSOLUTE
    ../clib/signal.c                         0x00000000   Number         0  __raise.o ABSOLUTE
    ../clib/signal.c                         0x00000000   Number         0  defsig_rtmem_outer.o ABSOLUTE
    ../clib/signal.c                         0x00000000   Number         0  defsig_rtmem_formal.o ABSOLUTE
    ../clib/signal.c                         0x00000000   Number         0  defsig_pvfn_inner.o ABSOLUTE
    ../clib/signal.c                         0x00000000   Number         0  defsig_cppl_inner.o ABSOLUTE
    ../clib/signal.c                         0x00000000   Number         0  defsig_segv_inner.o ABSOLUTE
    ../clib/signal.c                         0x00000000   Number         0  defsig_other.o ABSOLUTE
    ../clib/signal.c                         0x00000000   Number         0  defsig_general.o ABSOLUTE
    ../clib/signal.s                         0x00000000   Number         0  defsig.o ABSOLUTE
    ../clib/stdlib.c                         0x00000000   Number         0  exit.o ABSOLUTE
    ../fplib/fpinit.s                        0x00000000   Number         0  fpinit.o ABSOLUTE
    ..\Core\Src\gpio.c                       0x00000000   Number         0  gpio.o ABSOLUTE
    ..\Core\Src\main.c                       0x00000000   Number         0  main.o ABSOLUTE
    ..\Core\Src\stm32wlxx_hal_msp.c          0x00000000   Number         0  stm32wlxx_hal_msp.o ABSOLUTE
    ..\Core\Src\stm32wlxx_it.c               0x00000000   Number         0  stm32wlxx_it.o ABSOLUTE
    ..\Core\Src\system_stm32wlxx.c           0x00000000   Number         0  system_stm32wlxx.o ABSOLUTE
    ..\Drivers\STM32WLxx_HAL_Driver\Src\stm32wlxx_hal.c 0x00000000   Number         0  stm32wlxx_hal.o ABSOLUTE
    ..\Drivers\STM32WLxx_HAL_Driver\Src\stm32wlxx_hal_cortex.c 0x00000000   Number         0  stm32wlxx_hal_cortex.o ABSOLUTE
    ..\Drivers\STM32WLxx_HAL_Driver\Src\stm32wlxx_hal_dma.c 0x00000000   Number         0  stm32wlxx_hal_dma.o ABSOLUTE
    ..\Drivers\STM32WLxx_HAL_Driver\Src\stm32wlxx_hal_dma_ex.c 0x00000000   Number         0  stm32wlxx_hal_dma_ex.o ABSOLUTE
    ..\Drivers\STM32WLxx_HAL_Driver\Src\stm32wlxx_hal_exti.c 0x00000000   Number         0  stm32wlxx_hal_exti.o ABSOLUTE
    ..\Drivers\STM32WLxx_HAL_Driver\Src\stm32wlxx_hal_flash.c 0x00000000   Number         0  stm32wlxx_hal_flash.o ABSOLUTE
    ..\Drivers\STM32WLxx_HAL_Driver\Src\stm32wlxx_hal_flash_ex.c 0x00000000   Number         0  stm32wlxx_hal_flash_ex.o ABSOLUTE
    ..\Drivers\STM32WLxx_HAL_Driver\Src\stm32wlxx_hal_gpio.c 0x00000000   Number         0  stm32wlxx_hal_gpio.o ABSOLUTE
    ..\Drivers\STM32WLxx_HAL_Driver\Src\stm32wlxx_hal_pwr.c 0x00000000   Number         0  stm32wlxx_hal_pwr.o ABSOLUTE
    ..\Drivers\STM32WLxx_HAL_Driver\Src\stm32wlxx_hal_pwr_ex.c 0x00000000   Number         0  stm32wlxx_hal_pwr_ex.o ABSOLUTE
    ..\Drivers\STM32WLxx_HAL_Driver\Src\stm32wlxx_hal_rcc.c 0x00000000   Number         0  stm32wlxx_hal_rcc.o ABSOLUTE
    ..\Drivers\STM32WLxx_HAL_Driver\Src\stm32wlxx_hal_rcc_ex.c 0x00000000   Number         0  stm32wlxx_hal_rcc_ex.o ABSOLUTE
    ..\Drivers\STM32WLxx_HAL_Driver\Src\stm32wlxx_hal_tim.c 0x00000000   Number         0  stm32wlxx_hal_tim.o ABSOLUTE
    ..\Drivers\STM32WLxx_HAL_Driver\Src\stm32wlxx_hal_tim_ex.c 0x00000000   Number         0  stm32wlxx_hal_tim_ex.o ABSOLUTE
    dc.s                                     0x00000000   Number         0  dc.o ABSOLUTE
    startup_stm32wle5xx.s                    0x00000000   Number         0  startup_stm32wle5xx.o ABSOLUTE
    RESET                                    0x08000000   Section      312  startup_stm32wle5xx.o(RESET)
    !!!main                                  0x08000138   Section        8  __main.o(!!!main)
    !!!scatter                               0x08000140   Section       52  __scatter.o(!!!scatter)
    !!handler_copy                           0x08000174   Section       26  __scatter_copy.o(!!handler_copy)
    !!handler_zi                             0x08000190   Section       28  __scatter_zi.o(!!handler_zi)
    .ARM.Collect$$libinit$$00000000          0x080001ac   Section        2  libinit.o(.ARM.Collect$$libinit$$00000000)
    .ARM.Collect$$libinit$$00000002          0x080001ae   Section        0  libinit2.o(.ARM.Collect$$libinit$$00000002)
    .ARM.Collect$$libinit$$00000004          0x080001ae   Section        0  libinit2.o(.ARM.Collect$$libinit$$00000004)
    .ARM.Collect$$libinit$$0000000A          0x080001ae   Section        0  libinit2.o(.ARM.Collect$$libinit$$0000000A)
    .ARM.Collect$$libinit$$0000000C          0x080001ae   Section        0  libinit2.o(.ARM.Collect$$libinit$$0000000C)
    .ARM.Collect$$libinit$$0000000E          0x080001ae   Section        0  libinit2.o(.ARM.Collect$$libinit$$0000000E)
    .ARM.Collect$$libinit$$00000011          0x080001ae   Section        0  libinit2.o(.ARM.Collect$$libinit$$00000011)
    .ARM.Collect$$libinit$$00000013          0x080001ae   Section        0  libinit2.o(.ARM.Collect$$libinit$$00000013)
    .ARM.Collect$$libinit$$00000015          0x080001ae   Section        0  libinit2.o(.ARM.Collect$$libinit$$00000015)
    .ARM.Collect$$libinit$$00000017          0x080001ae   Section        0  libinit2.o(.ARM.Collect$$libinit$$00000017)
    .ARM.Collect$$libinit$$00000019          0x080001ae   Section        0  libinit2.o(.ARM.Collect$$libinit$$00000019)
    .ARM.Collect$$libinit$$0000001B          0x080001ae   Section        0  libinit2.o(.ARM.Collect$$libinit$$0000001B)
    .ARM.Collect$$libinit$$0000001D          0x080001ae   Section        0  libinit2.o(.ARM.Collect$$libinit$$0000001D)
    .ARM.Collect$$libinit$$0000001F          0x080001ae   Section        0  libinit2.o(.ARM.Collect$$libinit$$0000001F)
    .ARM.Collect$$libinit$$00000021          0x080001ae   Section        0  libinit2.o(.ARM.Collect$$libinit$$00000021)
    .ARM.Collect$$libinit$$00000023          0x080001ae   Section        0  libinit2.o(.ARM.Collect$$libinit$$00000023)
    .ARM.Collect$$libinit$$00000025          0x080001ae   Section        0  libinit2.o(.ARM.Collect$$libinit$$00000025)
    .ARM.Collect$$libinit$$0000002C          0x080001ae   Section        0  libinit2.o(.ARM.Collect$$libinit$$0000002C)
    .ARM.Collect$$libinit$$0000002E          0x080001ae   Section        0  libinit2.o(.ARM.Collect$$libinit$$0000002E)
    .ARM.Collect$$libinit$$00000030          0x080001ae   Section        0  libinit2.o(.ARM.Collect$$libinit$$00000030)
    .ARM.Collect$$libinit$$00000032          0x080001ae   Section        0  libinit2.o(.ARM.Collect$$libinit$$00000032)
    .ARM.Collect$$libinit$$00000033          0x080001ae   Section        2  libinit2.o(.ARM.Collect$$libinit$$00000033)
    .ARM.Collect$$libshutdown$$00000000      0x080001b0   Section        2  libshutdown.o(.ARM.Collect$$libshutdown$$00000000)
    .ARM.Collect$$libshutdown$$00000002      0x080001b2   Section        0  libshutdown2.o(.ARM.Collect$$libshutdown$$00000002)
    .ARM.Collect$$libshutdown$$00000004      0x080001b2   Section        0  libshutdown2.o(.ARM.Collect$$libshutdown$$00000004)
    .ARM.Collect$$libshutdown$$00000006      0x080001b2   Section        0  libshutdown2.o(.ARM.Collect$$libshutdown$$00000006)
    .ARM.Collect$$libshutdown$$00000009      0x080001b2   Section        0  libshutdown2.o(.ARM.Collect$$libshutdown$$00000009)
    .ARM.Collect$$libshutdown$$0000000C      0x080001b2   Section        0  libshutdown2.o(.ARM.Collect$$libshutdown$$0000000C)
    .ARM.Collect$$libshutdown$$0000000E      0x080001b2   Section        0  libshutdown2.o(.ARM.Collect$$libshutdown$$0000000E)
    .ARM.Collect$$libshutdown$$00000011      0x080001b2   Section        0  libshutdown2.o(.ARM.Collect$$libshutdown$$00000011)
    .ARM.Collect$$libshutdown$$00000012      0x080001b2   Section        2  libshutdown2.o(.ARM.Collect$$libshutdown$$00000012)
    .ARM.Collect$$rtentry$$00000000          0x080001b4   Section        0  __rtentry.o(.ARM.Collect$$rtentry$$00000000)
    .ARM.Collect$$rtentry$$00000002          0x080001b4   Section        0  __rtentry2.o(.ARM.Collect$$rtentry$$00000002)
    .ARM.Collect$$rtentry$$00000004          0x080001b4   Section        6  __rtentry4.o(.ARM.Collect$$rtentry$$00000004)
    .ARM.Collect$$rtentry$$00000009          0x080001ba   Section        0  __rtentry2.o(.ARM.Collect$$rtentry$$00000009)
    .ARM.Collect$$rtentry$$0000000A          0x080001ba   Section        4  __rtentry2.o(.ARM.Collect$$rtentry$$0000000A)
    .ARM.Collect$$rtentry$$0000000C          0x080001be   Section        0  __rtentry2.o(.ARM.Collect$$rtentry$$0000000C)
    .ARM.Collect$$rtentry$$0000000D          0x080001be   Section        8  __rtentry2.o(.ARM.Collect$$rtentry$$0000000D)
    .ARM.Collect$$rtexit$$00000000           0x080001c6   Section        2  rtexit.o(.ARM.Collect$$rtexit$$00000000)
    .ARM.Collect$$rtexit$$00000002           0x080001c8   Section        0  rtexit2.o(.ARM.Collect$$rtexit$$00000002)
    .ARM.Collect$$rtexit$$00000003           0x080001c8   Section        4  rtexit2.o(.ARM.Collect$$rtexit$$00000003)
    .ARM.Collect$$rtexit$$00000004           0x080001cc   Section        6  rtexit2.o(.ARM.Collect$$rtexit$$00000004)
    .text                                    0x080001d4   Section       64  startup_stm32wle5xx.o(.text)
    .text                                    0x08000214   Section       78  rt_memclr_w.o(.text)
    .text                                    0x08000262   Section        0  heapauxi.o(.text)
    .text                                    0x08000268   Section       74  sys_stackheap_outer.o(.text)
    .text                                    0x080002b2   Section        0  exit.o(.text)
    .text                                    0x080002c4   Section        8  libspace.o(.text)
    .text                                    0x080002cc   Section        0  sys_exit.o(.text)
    .text                                    0x080002d8   Section        2  use_no_semi.o(.text)
    .text                                    0x080002da   Section        0  indicate_semi.o(.text)
    i.BusFault_Handler                       0x080002da   Section        0  stm32wlxx_it.o(i.BusFault_Handler)
    i.DebugMon_Handler                       0x080002dc   Section        0  stm32wlxx_it.o(i.DebugMon_Handler)
    i.HAL_Delay                              0x080002e0   Section        0  stm32wlxx_hal.o(i.HAL_Delay)
    i.HAL_GPIO_Init                          0x08000304   Section        0  stm32wlxx_hal_gpio.o(i.HAL_GPIO_Init)
    i.HAL_GPIO_ReadPin                       0x080004ac   Section        0  stm32wlxx_hal_gpio.o(i.HAL_GPIO_ReadPin)
    i.HAL_GPIO_TogglePin                     0x080004b6   Section        0  stm32wlxx_hal_gpio.o(i.HAL_GPIO_TogglePin)
    i.HAL_GPIO_WritePin                      0x080004c6   Section        0  stm32wlxx_hal_gpio.o(i.HAL_GPIO_WritePin)
    i.HAL_GetTick                            0x080004d0   Section        0  stm32wlxx_hal.o(i.HAL_GetTick)
    i.HAL_IncTick                            0x080004dc   Section        0  stm32wlxx_hal.o(i.HAL_IncTick)
    i.HAL_Init                               0x080004ec   Section        0  stm32wlxx_hal.o(i.HAL_Init)
    i.HAL_InitTick                           0x08000518   Section        0  stm32wlxx_hal.o(i.HAL_InitTick)
    i.HAL_MspInit                            0x08000558   Section        0  stm32wlxx_hal_msp.o(i.HAL_MspInit)
    i.HAL_NVIC_SetPriority                   0x0800055c   Section        0  stm32wlxx_hal_cortex.o(i.HAL_NVIC_SetPriority)
    i.HAL_NVIC_SetPriorityGrouping           0x0800059c   Section        0  stm32wlxx_hal_cortex.o(i.HAL_NVIC_SetPriorityGrouping)
    i.HAL_PWREx_GetVoltageRange              0x080005c0   Section        0  stm32wlxx_hal_pwr_ex.o(i.HAL_PWREx_GetVoltageRange)
    i.HAL_PWR_EnableBkUpAccess               0x080005d0   Section        0  stm32wlxx_hal_pwr.o(i.HAL_PWR_EnableBkUpAccess)
    i.HAL_RCC_ClockConfig                    0x080005e0   Section        0  stm32wlxx_hal_rcc.o(i.HAL_RCC_ClockConfig)
    i.HAL_RCC_GetHCLKFreq                    0x080007ac   Section        0  stm32wlxx_hal_rcc.o(i.HAL_RCC_GetHCLKFreq)
    i.HAL_RCC_GetSysClockFreq                0x080007d0   Section        0  stm32wlxx_hal_rcc.o(i.HAL_RCC_GetSysClockFreq)
    i.HAL_RCC_OscConfig                      0x080008b4   Section        0  stm32wlxx_hal_rcc.o(i.HAL_RCC_OscConfig)
    i.HAL_SYSTICK_Config                     0x08000dc8   Section        0  stm32wlxx_hal_cortex.o(i.HAL_SYSTICK_Config)
    i.HardFault_Handler                      0x08000df0   Section        0  stm32wlxx_it.o(i.HardFault_Handler)
    i.LL_AHB2_GRP1_EnableClock               0x08000df2   Section        0  gpio.o(i.LL_AHB2_GRP1_EnableClock)
    LL_AHB2_GRP1_EnableClock                 0x08000df3   Thumb Code    20  gpio.o(i.LL_AHB2_GRP1_EnableClock)
    i.LL_RCC_GetSysClkSource                 0x08000e06   Section        0  stm32wlxx_hal_rcc.o(i.LL_RCC_GetSysClkSource)
    LL_RCC_GetSysClkSource                   0x08000e07   Thumb Code    12  stm32wlxx_hal_rcc.o(i.LL_RCC_GetSysClkSource)
    i.LL_RCC_HSE_IsReady                     0x08000e12   Section        0  stm32wlxx_hal_rcc.o(i.LL_RCC_HSE_IsReady)
    LL_RCC_HSE_IsReady                       0x08000e13   Thumb Code    12  stm32wlxx_hal_rcc.o(i.LL_RCC_HSE_IsReady)
    i.LL_RCC_HSI_SetCalibTrimming            0x08000e1e   Section        0  stm32wlxx_hal_rcc.o(i.LL_RCC_HSI_SetCalibTrimming)
    LL_RCC_HSI_SetCalibTrimming              0x08000e1f   Thumb Code    18  stm32wlxx_hal_rcc.o(i.LL_RCC_HSI_SetCalibTrimming)
    i.LL_RCC_MSI_IsReady                     0x08000e30   Section        0  stm32wlxx_hal_rcc.o(i.LL_RCC_MSI_IsReady)
    LL_RCC_MSI_IsReady                       0x08000e31   Thumb Code    12  stm32wlxx_hal_rcc.o(i.LL_RCC_MSI_IsReady)
    i.LL_RCC_MSI_SetCalibTrimming            0x08000e3c   Section        0  stm32wlxx_hal_rcc.o(i.LL_RCC_MSI_SetCalibTrimming)
    LL_RCC_MSI_SetCalibTrimming              0x08000e3d   Thumb Code    18  stm32wlxx_hal_rcc.o(i.LL_RCC_MSI_SetCalibTrimming)
    i.LL_RCC_PLL_IsReady                     0x08000e4e   Section        0  stm32wlxx_hal_rcc.o(i.LL_RCC_PLL_IsReady)
    LL_RCC_PLL_IsReady                       0x08000e4f   Thumb Code    12  stm32wlxx_hal_rcc.o(i.LL_RCC_PLL_IsReady)
    i.MX_GPIO_Init                           0x08000e5c   Section        0  gpio.o(i.MX_GPIO_Init)
    i.MemManage_Handler                      0x08000ec4   Section        0  stm32wlxx_it.o(i.MemManage_Handler)
    i.NMI_Handler                            0x08000ec6   Section        0  stm32wlxx_it.o(i.NMI_Handler)
    i.PendSV_Handler                         0x08000ec8   Section        0  stm32wlxx_it.o(i.PendSV_Handler)
    i.RCC_SetFlashLatency                    0x08000ecc   Section        0  stm32wlxx_hal_rcc.o(i.RCC_SetFlashLatency)
    RCC_SetFlashLatency                      0x08000ecd   Thumb Code   134  stm32wlxx_hal_rcc.o(i.RCC_SetFlashLatency)
    i.RCC_SetFlashLatencyFromMSIRange        0x08000f5c   Section        0  stm32wlxx_hal_rcc.o(i.RCC_SetFlashLatencyFromMSIRange)
    RCC_SetFlashLatencyFromMSIRange          0x08000f5d   Thumb Code    54  stm32wlxx_hal_rcc.o(i.RCC_SetFlashLatencyFromMSIRange)
    i.SVC_Handler                            0x08000fa0   Section        0  stm32wlxx_it.o(i.SVC_Handler)
    i.SysTick_Handler                        0x08000fa2   Section        0  stm32wlxx_it.o(i.SysTick_Handler)
    i.SystemClock_Config                     0x08000fa8   Section        0  main.o(i.SystemClock_Config)
    i.SystemInit                             0x08001018   Section        0  system_stm32wlxx.o(i.SystemInit)
    i.UsageFault_Handler                     0x0800101a   Section        0  stm32wlxx_it.o(i.UsageFault_Handler)
    i.__NVIC_SetPriority                     0x0800101c   Section        0  stm32wlxx_hal_cortex.o(i.__NVIC_SetPriority)
    __NVIC_SetPriority                       0x0800101d   Thumb Code    32  stm32wlxx_hal_cortex.o(i.__NVIC_SetPriority)
    i.main                                   0x0800103c   Section        0  main.o(i.main)
    .constdata                               0x080010a8   Section       28  stm32wlxx_hal_rcc.o(.constdata)
    .constdata                               0x080010c4   Section      128  system_stm32wlxx.o(.constdata)
    .data                                    0x20000000   Section       12  stm32wlxx_hal.o(.data)
    .data                                    0x2000000c   Section        4  system_stm32wlxx.o(.data)
    .bss                                     0x20000010   Section       96  libspace.o(.bss)
    HEAP                                     0x20000070   Section      512  startup_stm32wle5xx.o(HEAP)
    Heap_Mem                                 0x20000070   Data         512  startup_stm32wle5xx.o(HEAP)
    STACK                                    0x20000270   Section     1024  startup_stm32wle5xx.o(STACK)
    Stack_Mem                                0x20000270   Data        1024  startup_stm32wle5xx.o(STACK)
    __initial_sp                             0x20000670   Data           0  startup_stm32wle5xx.o(STACK)

    Global Symbols

    Symbol Name                              Value     Ov Type        Size  Object(Section)

    BuildAttributes$$THM_ISAv4$E$P$D$K$B$S$7EM$PE$A:L22UL41UL21$X:L11$S22US41US21$IEEE1$IW$USESV6$~STKCKD$USESV7$~SHL$OSPACE$ROPI$EBA8$UX$STANDARDLIB$REQ8$PRES8$EABIv2 0x00000000   Number         0  anon$$obj.o ABSOLUTE
    __ARM_use_no_argv                        0x00000000   Number         0  main.o ABSOLUTE
    __ARM_exceptions_init                     - Undefined Weak Reference
    __alloca_initialize                       - Undefined Weak Reference
    __arm_fini_                               - Undefined Weak Reference
    __arm_preinit_                            - Undefined Weak Reference
    __cpp_initialize__aeabi_                  - Undefined Weak Reference
    __cxa_finalize                            - Undefined Weak Reference
    __rt_locale                               - Undefined Weak Reference
    __sigvec_lookup                           - Undefined Weak Reference
    _atexit_init                              - Undefined Weak Reference
    _call_atexit_fns                          - Undefined Weak Reference
    _clock_init                               - Undefined Weak Reference
    _fp_trap_init                             - Undefined Weak Reference
    _fp_trap_shutdown                         - Undefined Weak Reference
    _get_lc_collate                           - Undefined Weak Reference
    _get_lc_ctype                             - Undefined Weak Reference
    _get_lc_monetary                          - Undefined Weak Reference
    _get_lc_numeric                           - Undefined Weak Reference
    _get_lc_time                              - Undefined Weak Reference
    _getenv_init                              - Undefined Weak Reference
    _handle_redirection                       - Undefined Weak Reference
    _init_alloc                               - Undefined Weak Reference
    _init_user_alloc                          - Undefined Weak Reference
    _initio                                   - Undefined Weak Reference
    _rand_init                                - Undefined Weak Reference
    _signal_finish                            - Undefined Weak Reference
    _signal_init                              - Undefined Weak Reference
    _terminate_alloc                          - Undefined Weak Reference
    _terminate_user_alloc                     - Undefined Weak Reference
    _terminateio                              - Undefined Weak Reference
    __Vectors_Size                           0x00000138   Number         0  startup_stm32wle5xx.o ABSOLUTE
    __Vectors                                0x08000000   Data           4  startup_stm32wle5xx.o(RESET)
    __Vectors_End                            0x08000138   Data           0  startup_stm32wle5xx.o(RESET)
    __main                                   0x08000139   Thumb Code     8  __main.o(!!!main)
    __scatterload                            0x08000141   Thumb Code     0  __scatter.o(!!!scatter)
    __scatterload_rt2                        0x08000141   Thumb Code    44  __scatter.o(!!!scatter)
    __scatterload_rt2_thumb_only             0x08000141   Thumb Code     0  __scatter.o(!!!scatter)
    __scatterload_null                       0x0800014f   Thumb Code     0  __scatter.o(!!!scatter)
    __scatterload_copy                       0x08000175   Thumb Code    26  __scatter_copy.o(!!handler_copy)
    __scatterload_zeroinit                   0x08000191   Thumb Code    28  __scatter_zi.o(!!handler_zi)
    __rt_lib_init                            0x080001ad   Thumb Code     0  libinit.o(.ARM.Collect$$libinit$$00000000)
    __rt_lib_init_alloca_1                   0x080001af   Thumb Code     0  libinit2.o(.ARM.Collect$$libinit$$0000002E)
    __rt_lib_init_argv_1                     0x080001af   Thumb Code     0  libinit2.o(.ARM.Collect$$libinit$$0000002C)
    __rt_lib_init_atexit_1                   0x080001af   Thumb Code     0  libinit2.o(.ARM.Collect$$libinit$$0000001B)
    __rt_lib_init_clock_1                    0x080001af   Thumb Code     0  libinit2.o(.ARM.Collect$$libinit$$00000021)
    __rt_lib_init_cpp_1                      0x080001af   Thumb Code     0  libinit2.o(.ARM.Collect$$libinit$$00000032)
    __rt_lib_init_exceptions_1               0x080001af   Thumb Code     0  libinit2.o(.ARM.Collect$$libinit$$00000030)
    __rt_lib_init_fp_1                       0x080001af   Thumb Code     0  libinit2.o(.ARM.Collect$$libinit$$00000002)
    __rt_lib_init_fp_trap_1                  0x080001af   Thumb Code     0  libinit2.o(.ARM.Collect$$libinit$$0000001F)
    __rt_lib_init_getenv_1                   0x080001af   Thumb Code     0  libinit2.o(.ARM.Collect$$libinit$$00000023)
    __rt_lib_init_heap_1                     0x080001af   Thumb Code     0  libinit2.o(.ARM.Collect$$libinit$$0000000A)
    __rt_lib_init_lc_collate_1               0x080001af   Thumb Code     0  libinit2.o(.ARM.Collect$$libinit$$00000011)
    __rt_lib_init_lc_ctype_1                 0x080001af   Thumb Code     0  libinit2.o(.ARM.Collect$$libinit$$00000013)
    __rt_lib_init_lc_monetary_1              0x080001af   Thumb Code     0  libinit2.o(.ARM.Collect$$libinit$$00000015)
    __rt_lib_init_lc_numeric_1               0x080001af   Thumb Code     0  libinit2.o(.ARM.Collect$$libinit$$00000017)
    __rt_lib_init_lc_time_1                  0x080001af   Thumb Code     0  libinit2.o(.ARM.Collect$$libinit$$00000019)
    __rt_lib_init_preinit_1                  0x080001af   Thumb Code     0  libinit2.o(.ARM.Collect$$libinit$$00000004)
    __rt_lib_init_rand_1                     0x080001af   Thumb Code     0  libinit2.o(.ARM.Collect$$libinit$$0000000E)
    __rt_lib_init_return                     0x080001af   Thumb Code     0  libinit2.o(.ARM.Collect$$libinit$$00000033)
    __rt_lib_init_signal_1                   0x080001af   Thumb Code     0  libinit2.o(.ARM.Collect$$libinit$$0000001D)
    __rt_lib_init_stdio_1                    0x080001af   Thumb Code     0  libinit2.o(.ARM.Collect$$libinit$$00000025)
    __rt_lib_init_user_alloc_1               0x080001af   Thumb Code     0  libinit2.o(.ARM.Collect$$libinit$$0000000C)
    __rt_lib_shutdown                        0x080001b1   Thumb Code     0  libshutdown.o(.ARM.Collect$$libshutdown$$00000000)
    __rt_lib_shutdown_cpp_1                  0x080001b3   Thumb Code     0  libshutdown2.o(.ARM.Collect$$libshutdown$$00000004)
    __rt_lib_shutdown_fini_1                 0x080001b3   Thumb Code     0  libshutdown2.o(.ARM.Collect$$libshutdown$$00000002)
    __rt_lib_shutdown_fp_trap_1              0x080001b3   Thumb Code     0  libshutdown2.o(.ARM.Collect$$libshutdown$$00000009)
    __rt_lib_shutdown_heap_1                 0x080001b3   Thumb Code     0  libshutdown2.o(.ARM.Collect$$libshutdown$$00000011)
    __rt_lib_shutdown_return                 0x080001b3   Thumb Code     0  libshutdown2.o(.ARM.Collect$$libshutdown$$00000012)
    __rt_lib_shutdown_signal_1               0x080001b3   Thumb Code     0  libshutdown2.o(.ARM.Collect$$libshutdown$$0000000C)
    __rt_lib_shutdown_stdio_1                0x080001b3   Thumb Code     0  libshutdown2.o(.ARM.Collect$$libshutdown$$00000006)
    __rt_lib_shutdown_user_alloc_1           0x080001b3   Thumb Code     0  libshutdown2.o(.ARM.Collect$$libshutdown$$0000000E)
    __rt_entry                               0x080001b5   Thumb Code     0  __rtentry.o(.ARM.Collect$$rtentry$$00000000)
    __rt_entry_presh_1                       0x080001b5   Thumb Code     0  __rtentry2.o(.ARM.Collect$$rtentry$$00000002)
    __rt_entry_sh                            0x080001b5   Thumb Code     0  __rtentry4.o(.ARM.Collect$$rtentry$$00000004)
    __rt_entry_li                            0x080001bb   Thumb Code     0  __rtentry2.o(.ARM.Collect$$rtentry$$0000000A)
    __rt_entry_postsh_1                      0x080001bb   Thumb Code     0  __rtentry2.o(.ARM.Collect$$rtentry$$00000009)
    __rt_entry_main                          0x080001bf   Thumb Code     0  __rtentry2.o(.ARM.Collect$$rtentry$$0000000D)
    __rt_entry_postli_1                      0x080001bf   Thumb Code     0  __rtentry2.o(.ARM.Collect$$rtentry$$0000000C)
    __rt_exit                                0x080001c7   Thumb Code     0  rtexit.o(.ARM.Collect$$rtexit$$00000000)
    __rt_exit_ls                             0x080001c9   Thumb Code     0  rtexit2.o(.ARM.Collect$$rtexit$$00000003)
    __rt_exit_prels_1                        0x080001c9   Thumb Code     0  rtexit2.o(.ARM.Collect$$rtexit$$00000002)
    __rt_exit_exit                           0x080001cd   Thumb Code     0  rtexit2.o(.ARM.Collect$$rtexit$$00000004)
    Reset_Handler                            0x080001d5   Thumb Code     8  startup_stm32wle5xx.o(.text)
    ADC_IRQHandler                           0x080001ef   Thumb Code     0  startup_stm32wle5xx.o(.text)
    AES_IRQHandler                           0x080001ef   Thumb Code     0  startup_stm32wle5xx.o(.text)
    COMP_IRQHandler                          0x080001ef   Thumb Code     0  startup_stm32wle5xx.o(.text)
    DAC_IRQHandler                           0x080001ef   Thumb Code     0  startup_stm32wle5xx.o(.text)
    DMA1_Channel1_IRQHandler                 0x080001ef   Thumb Code     0  startup_stm32wle5xx.o(.text)
    DMA1_Channel2_IRQHandler                 0x080001ef   Thumb Code     0  startup_stm32wle5xx.o(.text)
    DMA1_Channel3_IRQHandler                 0x080001ef   Thumb Code     0  startup_stm32wle5xx.o(.text)
    DMA1_Channel4_IRQHandler                 0x080001ef   Thumb Code     0  startup_stm32wle5xx.o(.text)
    DMA1_Channel5_IRQHandler                 0x080001ef   Thumb Code     0  startup_stm32wle5xx.o(.text)
    DMA1_Channel6_IRQHandler                 0x080001ef   Thumb Code     0  startup_stm32wle5xx.o(.text)
    DMA1_Channel7_IRQHandler                 0x080001ef   Thumb Code     0  startup_stm32wle5xx.o(.text)
    DMA2_Channel1_IRQHandler                 0x080001ef   Thumb Code     0  startup_stm32wle5xx.o(.text)
    DMA2_Channel2_IRQHandler                 0x080001ef   Thumb Code     0  startup_stm32wle5xx.o(.text)
    DMA2_Channel3_IRQHandler                 0x080001ef   Thumb Code     0  startup_stm32wle5xx.o(.text)
    DMA2_Channel4_IRQHandler                 0x080001ef   Thumb Code     0  startup_stm32wle5xx.o(.text)
    DMA2_Channel5_IRQHandler                 0x080001ef   Thumb Code     0  startup_stm32wle5xx.o(.text)
    DMA2_Channel6_IRQHandler                 0x080001ef   Thumb Code     0  startup_stm32wle5xx.o(.text)
    DMA2_Channel7_IRQHandler                 0x080001ef   Thumb Code     0  startup_stm32wle5xx.o(.text)
    DMAMUX1_OVR_IRQHandler                   0x080001ef   Thumb Code     0  startup_stm32wle5xx.o(.text)
    EXTI0_IRQHandler                         0x080001ef   Thumb Code     0  startup_stm32wle5xx.o(.text)
    EXTI15_10_IRQHandler                     0x080001ef   Thumb Code     0  startup_stm32wle5xx.o(.text)
    EXTI1_IRQHandler                         0x080001ef   Thumb Code     0  startup_stm32wle5xx.o(.text)
    EXTI2_IRQHandler                         0x080001ef   Thumb Code     0  startup_stm32wle5xx.o(.text)
    EXTI3_IRQHandler                         0x080001ef   Thumb Code     0  startup_stm32wle5xx.o(.text)
    EXTI4_IRQHandler                         0x080001ef   Thumb Code     0  startup_stm32wle5xx.o(.text)
    EXTI9_5_IRQHandler                       0x080001ef   Thumb Code     0  startup_stm32wle5xx.o(.text)
    FLASH_IRQHandler                         0x080001ef   Thumb Code     0  startup_stm32wle5xx.o(.text)
    HSEM_IRQHandler                          0x080001ef   Thumb Code     0  startup_stm32wle5xx.o(.text)
    I2C1_ER_IRQHandler                       0x080001ef   Thumb Code     0  startup_stm32wle5xx.o(.text)
    I2C1_EV_IRQHandler                       0x080001ef   Thumb Code     0  startup_stm32wle5xx.o(.text)
    I2C2_ER_IRQHandler                       0x080001ef   Thumb Code     0  startup_stm32wle5xx.o(.text)
    I2C2_EV_IRQHandler                       0x080001ef   Thumb Code     0  startup_stm32wle5xx.o(.text)
    I2C3_ER_IRQHandler                       0x080001ef   Thumb Code     0  startup_stm32wle5xx.o(.text)
    I2C3_EV_IRQHandler                       0x080001ef   Thumb Code     0  startup_stm32wle5xx.o(.text)
    LPTIM1_IRQHandler                        0x080001ef   Thumb Code     0  startup_stm32wle5xx.o(.text)
    LPTIM2_IRQHandler                        0x080001ef   Thumb Code     0  startup_stm32wle5xx.o(.text)
    LPTIM3_IRQHandler                        0x080001ef   Thumb Code     0  startup_stm32wle5xx.o(.text)
    LPUART1_IRQHandler                       0x080001ef   Thumb Code     0  startup_stm32wle5xx.o(.text)
    PKA_IRQHandler                           0x080001ef   Thumb Code     0  startup_stm32wle5xx.o(.text)
    PVD_PVM_IRQHandler                       0x080001ef   Thumb Code     0  startup_stm32wle5xx.o(.text)
    RCC_IRQHandler                           0x080001ef   Thumb Code     0  startup_stm32wle5xx.o(.text)
    RNG_IRQHandler                           0x080001ef   Thumb Code     0  startup_stm32wle5xx.o(.text)
    RTC_Alarm_IRQHandler                     0x080001ef   Thumb Code     0  startup_stm32wle5xx.o(.text)
    RTC_WKUP_IRQHandler                      0x080001ef   Thumb Code     0  startup_stm32wle5xx.o(.text)
    SPI1_IRQHandler                          0x080001ef   Thumb Code     0  startup_stm32wle5xx.o(.text)
    SPI2_IRQHandler                          0x080001ef   Thumb Code     0  startup_stm32wle5xx.o(.text)
    SUBGHZSPI_IRQHandler                     0x080001ef   Thumb Code     0  startup_stm32wle5xx.o(.text)
    SUBGHZ_Radio_IRQHandler                  0x080001ef   Thumb Code     0  startup_stm32wle5xx.o(.text)
    TAMP_STAMP_LSECSS_SSRU_IRQHandler        0x080001ef   Thumb Code     0  startup_stm32wle5xx.o(.text)
    TIM16_IRQHandler                         0x080001ef   Thumb Code     0  startup_stm32wle5xx.o(.text)
    TIM17_IRQHandler                         0x080001ef   Thumb Code     0  startup_stm32wle5xx.o(.text)
    TIM1_BRK_IRQHandler                      0x080001ef   Thumb Code     0  startup_stm32wle5xx.o(.text)
    TIM1_CC_IRQHandler                       0x080001ef   Thumb Code     0  startup_stm32wle5xx.o(.text)
    TIM1_TRG_COM_IRQHandler                  0x080001ef   Thumb Code     0  startup_stm32wle5xx.o(.text)
    TIM1_UP_IRQHandler                       0x080001ef   Thumb Code     0  startup_stm32wle5xx.o(.text)
    TIM2_IRQHandler                          0x080001ef   Thumb Code     0  startup_stm32wle5xx.o(.text)
    USART1_IRQHandler                        0x080001ef   Thumb Code     0  startup_stm32wle5xx.o(.text)
    USART2_IRQHandler                        0x080001ef   Thumb Code     0  startup_stm32wle5xx.o(.text)
    WWDG_IRQHandler                          0x080001ef   Thumb Code     0  startup_stm32wle5xx.o(.text)
    __user_initial_stackheap                 0x080001f1   Thumb Code     0  startup_stm32wle5xx.o(.text)
    __aeabi_memclr4                          0x08000215   Thumb Code     0  rt_memclr_w.o(.text)
    __aeabi_memclr8                          0x08000215   Thumb Code     0  rt_memclr_w.o(.text)
    __rt_memclr_w                            0x08000215   Thumb Code    78  rt_memclr_w.o(.text)
    _memset_w                                0x08000219   Thumb Code     0  rt_memclr_w.o(.text)
    __use_two_region_memory                  0x08000263   Thumb Code     2  heapauxi.o(.text)
    __rt_heap_escrow$2region                 0x08000265   Thumb Code     2  heapauxi.o(.text)
    __rt_heap_expand$2region                 0x08000267   Thumb Code     2  heapauxi.o(.text)
    __user_setup_stackheap                   0x08000269   Thumb Code    74  sys_stackheap_outer.o(.text)
    exit                                     0x080002b3   Thumb Code    18  exit.o(.text)
    __user_libspace                          0x080002c5   Thumb Code     8  libspace.o(.text)
    __user_perproc_libspace                  0x080002c5   Thumb Code     0  libspace.o(.text)
    __user_perthread_libspace                0x080002c5   Thumb Code     0  libspace.o(.text)
    _sys_exit                                0x080002cd   Thumb Code     8  sys_exit.o(.text)
    __I$use$semihosting                      0x080002d9   Thumb Code     0  use_no_semi.o(.text)
    __use_no_semihosting_swi                 0x080002d9   Thumb Code     2  use_no_semi.o(.text)
    BusFault_Handler                         0x080002db   Thumb Code     2  stm32wlxx_it.o(i.BusFault_Handler)
    __semihosting_library_function           0x080002db   Thumb Code     0  indicate_semi.o(.text)
    DebugMon_Handler                         0x080002dd   Thumb Code     2  stm32wlxx_it.o(i.DebugMon_Handler)
    HAL_Delay                                0x080002e1   Thumb Code    32  stm32wlxx_hal.o(i.HAL_Delay)
    HAL_GPIO_Init                            0x08000305   Thumb Code   408  stm32wlxx_hal_gpio.o(i.HAL_GPIO_Init)
    HAL_GPIO_ReadPin                         0x080004ad   Thumb Code    10  stm32wlxx_hal_gpio.o(i.HAL_GPIO_ReadPin)
    HAL_GPIO_TogglePin                       0x080004b7   Thumb Code    16  stm32wlxx_hal_gpio.o(i.HAL_GPIO_TogglePin)
    HAL_GPIO_WritePin                        0x080004c7   Thumb Code    10  stm32wlxx_hal_gpio.o(i.HAL_GPIO_WritePin)
    HAL_GetTick                              0x080004d1   Thumb Code     6  stm32wlxx_hal.o(i.HAL_GetTick)
    HAL_IncTick                              0x080004dd   Thumb Code    12  stm32wlxx_hal.o(i.HAL_IncTick)
    HAL_Init                                 0x080004ed   Thumb Code    38  stm32wlxx_hal.o(i.HAL_Init)
    HAL_InitTick                             0x08000519   Thumb Code    60  stm32wlxx_hal.o(i.HAL_InitTick)
    HAL_MspInit                              0x08000559   Thumb Code     2  stm32wlxx_hal_msp.o(i.HAL_MspInit)
    HAL_NVIC_SetPriority                     0x0800055d   Thumb Code    60  stm32wlxx_hal_cortex.o(i.HAL_NVIC_SetPriority)
    HAL_NVIC_SetPriorityGrouping             0x0800059d   Thumb Code    26  stm32wlxx_hal_cortex.o(i.HAL_NVIC_SetPriorityGrouping)
    HAL_PWREx_GetVoltageRange                0x080005c1   Thumb Code    10  stm32wlxx_hal_pwr_ex.o(i.HAL_PWREx_GetVoltageRange)
    HAL_PWR_EnableBkUpAccess                 0x080005d1   Thumb Code    12  stm32wlxx_hal_pwr.o(i.HAL_PWR_EnableBkUpAccess)
    HAL_RCC_ClockConfig                      0x080005e1   Thumb Code   448  stm32wlxx_hal_rcc.o(i.HAL_RCC_ClockConfig)
    HAL_RCC_GetHCLKFreq                      0x080007ad   Thumb Code    30  stm32wlxx_hal_rcc.o(i.HAL_RCC_GetHCLKFreq)
    HAL_RCC_GetSysClockFreq                  0x080007d1   Thumb Code   220  stm32wlxx_hal_rcc.o(i.HAL_RCC_GetSysClockFreq)
    HAL_RCC_OscConfig                        0x080008b5   Thumb Code  1294  stm32wlxx_hal_rcc.o(i.HAL_RCC_OscConfig)
    HAL_SYSTICK_Config                       0x08000dc9   Thumb Code    40  stm32wlxx_hal_cortex.o(i.HAL_SYSTICK_Config)
    HardFault_Handler                        0x08000df1   Thumb Code     2  stm32wlxx_it.o(i.HardFault_Handler)
    MX_GPIO_Init                             0x08000e5d   Thumb Code    98  gpio.o(i.MX_GPIO_Init)
    MemManage_Handler                        0x08000ec5   Thumb Code     2  stm32wlxx_it.o(i.MemManage_Handler)
    NMI_Handler                              0x08000ec7   Thumb Code     2  stm32wlxx_it.o(i.NMI_Handler)
    PendSV_Handler                           0x08000ec9   Thumb Code     2  stm32wlxx_it.o(i.PendSV_Handler)
    SVC_Handler                              0x08000fa1   Thumb Code     2  stm32wlxx_it.o(i.SVC_Handler)
    SysTick_Handler                          0x08000fa3   Thumb Code     4  stm32wlxx_it.o(i.SysTick_Handler)
    SystemClock_Config                       0x08000fa9   Thumb Code   106  main.o(i.SystemClock_Config)
    SystemInit                               0x08001019   Thumb Code     2  system_stm32wlxx.o(i.SystemInit)
    UsageFault_Handler                       0x0800101b   Thumb Code     2  stm32wlxx_it.o(i.UsageFault_Handler)
    main                                     0x0800103d   Thumb Code   104  main.o(i.main)
    AHBPrescTable                            0x080010c4   Data          64  system_stm32wlxx.o(.constdata)
    MSIRangeTable                            0x08001104   Data          64  system_stm32wlxx.o(.constdata)
    Region$$Table$$Base                      0x08001144   Number         0  anon$$obj.o(Region$$Table)
    Region$$Table$$Limit                     0x08001164   Number         0  anon$$obj.o(Region$$Table)
    uwTickFreq                               0x20000000   Data           1  stm32wlxx_hal.o(.data)
    uwTickPrio                               0x20000004   Data           4  stm32wlxx_hal.o(.data)
    uwTick                                   0x20000008   Data           4  stm32wlxx_hal.o(.data)
    SystemCoreClock                          0x2000000c   Data           4  system_stm32wlxx.o(.data)
    __libspace_start                         0x20000010   Data          96  libspace.o(.bss)
    __temporary_stack_top$libspace           0x20000070   Data           0  libspace.o(.bss)



==============================================================================

Memory Map of the image

  Image Entry point : 0x08000139

  Load Region LR_IROM1 (Base: 0x08000000, Size: 0x00001174, Max: 0x00040000, ABSOLUTE)

    Execution Region ER_IROM1 (Exec base: 0x08000000, Load base: 0x08000000, Size: 0x00001164, Max: 0x00040000, ABSOLUTE)

    Exec Addr    Load Addr    Size         Type   Attr      Idx    E Section Name        Object

    0x08000000   0x08000000   0x00000138   Data   RO            4    RESET               startup_stm32wle5xx.o
    0x08000138   0x08000138   0x00000008   Code   RO         1940  * !!!main             c_w.l(__main.o)
    0x08000140   0x08000140   0x00000034   Code   RO         2099    !!!scatter          c_w.l(__scatter.o)
    0x08000174   0x08000174   0x0000001a   Code   RO         2101    !!handler_copy      c_w.l(__scatter_copy.o)
    0x0800018e   0x0800018e   0x00000002   PAD
    0x08000190   0x08000190   0x0000001c   Code   RO         2103    !!handler_zi        c_w.l(__scatter_zi.o)
    0x080001ac   0x080001ac   0x00000002   Code   RO         1967    .ARM.Collect$$libinit$$00000000  c_w.l(libinit.o)
    0x080001ae   0x080001ae   0x00000000   Code   RO         1974    .ARM.Collect$$libinit$$00000002  c_w.l(libinit2.o)
    0x080001ae   0x080001ae   0x00000000   Code   RO         1976    .ARM.Collect$$libinit$$00000004  c_w.l(libinit2.o)
    0x080001ae   0x080001ae   0x00000000   Code   RO         1979    .ARM.Collect$$libinit$$0000000A  c_w.l(libinit2.o)
    0x080001ae   0x080001ae   0x00000000   Code   RO         1981    .ARM.Collect$$libinit$$0000000C  c_w.l(libinit2.o)
    0x080001ae   0x080001ae   0x00000000   Code   RO         1983    .ARM.Collect$$libinit$$0000000E  c_w.l(libinit2.o)
    0x080001ae   0x080001ae   0x00000000   Code   RO         1986    .ARM.Collect$$libinit$$00000011  c_w.l(libinit2.o)
    0x080001ae   0x080001ae   0x00000000   Code   RO         1988    .ARM.Collect$$libinit$$00000013  c_w.l(libinit2.o)
    0x080001ae   0x080001ae   0x00000000   Code   RO         1990    .ARM.Collect$$libinit$$00000015  c_w.l(libinit2.o)
    0x080001ae   0x080001ae   0x00000000   Code   RO         1992    .ARM.Collect$$libinit$$00000017  c_w.l(libinit2.o)
    0x080001ae   0x080001ae   0x00000000   Code   RO         1994    .ARM.Collect$$libinit$$00000019  c_w.l(libinit2.o)
    0x080001ae   0x080001ae   0x00000000   Code   RO         1996    .ARM.Collect$$libinit$$0000001B  c_w.l(libinit2.o)
    0x080001ae   0x080001ae   0x00000000   Code   RO         1998    .ARM.Collect$$libinit$$0000001D  c_w.l(libinit2.o)
    0x080001ae   0x080001ae   0x00000000   Code   RO         2000    .ARM.Collect$$libinit$$0000001F  c_w.l(libinit2.o)
    0x080001ae   0x080001ae   0x00000000   Code   RO         2002    .ARM.Collect$$libinit$$00000021  c_w.l(libinit2.o)
    0x080001ae   0x080001ae   0x00000000   Code   RO         2004    .ARM.Collect$$libinit$$00000023  c_w.l(libinit2.o)
    0x080001ae   0x080001ae   0x00000000   Code   RO         2006    .ARM.Collect$$libinit$$00000025  c_w.l(libinit2.o)
    0x080001ae   0x080001ae   0x00000000   Code   RO         2010    .ARM.Collect$$libinit$$0000002C  c_w.l(libinit2.o)
    0x080001ae   0x080001ae   0x00000000   Code   RO         2012    .ARM.Collect$$libinit$$0000002E  c_w.l(libinit2.o)
    0x080001ae   0x080001ae   0x00000000   Code   RO         2014    .ARM.Collect$$libinit$$00000030  c_w.l(libinit2.o)
    0x080001ae   0x080001ae   0x00000000   Code   RO         2016    .ARM.Collect$$libinit$$00000032  c_w.l(libinit2.o)
    0x080001ae   0x080001ae   0x00000002   Code   RO         2017    .ARM.Collect$$libinit$$00000033  c_w.l(libinit2.o)
    0x080001b0   0x080001b0   0x00000002   Code   RO         2037    .ARM.Collect$$libshutdown$$00000000  c_w.l(libshutdown.o)
    0x080001b2   0x080001b2   0x00000000   Code   RO         2050    .ARM.Collect$$libshutdown$$00000002  c_w.l(libshutdown2.o)
    0x080001b2   0x080001b2   0x00000000   Code   RO         2052    .ARM.Collect$$libshutdown$$00000004  c_w.l(libshutdown2.o)
    0x080001b2   0x080001b2   0x00000000   Code   RO         2054    .ARM.Collect$$libshutdown$$00000006  c_w.l(libshutdown2.o)
    0x080001b2   0x080001b2   0x00000000   Code   RO         2057    .ARM.Collect$$libshutdown$$00000009  c_w.l(libshutdown2.o)
    0x080001b2   0x080001b2   0x00000000   Code   RO         2060    .ARM.Collect$$libshutdown$$0000000C  c_w.l(libshutdown2.o)
    0x080001b2   0x080001b2   0x00000000   Code   RO         2062    .ARM.Collect$$libshutdown$$0000000E  c_w.l(libshutdown2.o)
    0x080001b2   0x080001b2   0x00000000   Code   RO         2065    .ARM.Collect$$libshutdown$$00000011  c_w.l(libshutdown2.o)
    0x080001b2   0x080001b2   0x00000002   Code   RO         2066    .ARM.Collect$$libshutdown$$00000012  c_w.l(libshutdown2.o)
    0x080001b4   0x080001b4   0x00000000   Code   RO         1942    .ARM.Collect$$rtentry$$00000000  c_w.l(__rtentry.o)
    0x080001b4   0x080001b4   0x00000000   Code   RO         1944    .ARM.Collect$$rtentry$$00000002  c_w.l(__rtentry2.o)
    0x080001b4   0x080001b4   0x00000006   Code   RO         1956    .ARM.Collect$$rtentry$$00000004  c_w.l(__rtentry4.o)
    0x080001ba   0x080001ba   0x00000000   Code   RO         1946    .ARM.Collect$$rtentry$$00000009  c_w.l(__rtentry2.o)
    0x080001ba   0x080001ba   0x00000004   Code   RO         1947    .ARM.Collect$$rtentry$$0000000A  c_w.l(__rtentry2.o)
    0x080001be   0x080001be   0x00000000   Code   RO         1949    .ARM.Collect$$rtentry$$0000000C  c_w.l(__rtentry2.o)
    0x080001be   0x080001be   0x00000008   Code   RO         1950    .ARM.Collect$$rtentry$$0000000D  c_w.l(__rtentry2.o)
    0x080001c6   0x080001c6   0x00000002   Code   RO         1971    .ARM.Collect$$rtexit$$00000000  c_w.l(rtexit.o)
    0x080001c8   0x080001c8   0x00000000   Code   RO         2019    .ARM.Collect$$rtexit$$00000002  c_w.l(rtexit2.o)
    0x080001c8   0x080001c8   0x00000004   Code   RO         2020    .ARM.Collect$$rtexit$$00000003  c_w.l(rtexit2.o)
    0x080001cc   0x080001cc   0x00000006   Code   RO         2021    .ARM.Collect$$rtexit$$00000004  c_w.l(rtexit2.o)
    0x080001d2   0x080001d2   0x00000002   PAD
    0x080001d4   0x080001d4   0x00000040   Code   RO            5    .text               startup_stm32wle5xx.o
    0x08000214   0x08000214   0x0000004e   Code   RO         1936    .text               c_w.l(rt_memclr_w.o)
    0x08000262   0x08000262   0x00000006   Code   RO         1938    .text               c_w.l(heapauxi.o)
    0x08000268   0x08000268   0x0000004a   Code   RO         1958    .text               c_w.l(sys_stackheap_outer.o)
    0x080002b2   0x080002b2   0x00000012   Code   RO         1960    .text               c_w.l(exit.o)
    0x080002c4   0x080002c4   0x00000008   Code   RO         1968    .text               c_w.l(libspace.o)
    0x080002cc   0x080002cc   0x0000000c   Code   RO         2029    .text               c_w.l(sys_exit.o)
    0x080002d8   0x080002d8   0x00000002   Code   RO         2040    .text               c_w.l(use_no_semi.o)
    0x080002da   0x080002da   0x00000000   Code   RO         2042    .text               c_w.l(indicate_semi.o)
    0x080002da   0x080002da   0x00000002   Code   RO          192    i.BusFault_Handler  stm32wlxx_it.o
    0x080002dc   0x080002dc   0x00000002   Code   RO          193    i.DebugMon_Handler  stm32wlxx_it.o
    0x080002de   0x080002de   0x00000002   PAD
    0x080002e0   0x080002e0   0x00000024   Code   RO         1570    i.HAL_Delay         stm32wlxx_hal.o
    0x08000304   0x08000304   0x000001a8   Code   RO          843    i.HAL_GPIO_Init     stm32wlxx_hal_gpio.o
    0x080004ac   0x080004ac   0x0000000a   Code   RO          845    i.HAL_GPIO_ReadPin  stm32wlxx_hal_gpio.o
    0x080004b6   0x080004b6   0x00000010   Code   RO          846    i.HAL_GPIO_TogglePin  stm32wlxx_hal_gpio.o
    0x080004c6   0x080004c6   0x0000000a   Code   RO          848    i.HAL_GPIO_WritePin  stm32wlxx_hal_gpio.o
    0x080004d0   0x080004d0   0x0000000c   Code   RO         1574    i.HAL_GetTick       stm32wlxx_hal.o
    0x080004dc   0x080004dc   0x00000010   Code   RO         1580    i.HAL_IncTick       stm32wlxx_hal.o
    0x080004ec   0x080004ec   0x0000002c   Code   RO         1581    i.HAL_Init          stm32wlxx_hal.o
    0x08000518   0x08000518   0x00000040   Code   RO         1582    i.HAL_InitTick      stm32wlxx_hal.o
    0x08000558   0x08000558   0x00000002   Code   RO          267    i.HAL_MspInit       stm32wlxx_hal_msp.o
    0x0800055a   0x0800055a   0x00000002   PAD
    0x0800055c   0x0800055c   0x00000040   Code   RO         1439    i.HAL_NVIC_SetPriority  stm32wlxx_hal_cortex.o
    0x0800059c   0x0800059c   0x00000024   Code   RO         1440    i.HAL_NVIC_SetPriorityGrouping  stm32wlxx_hal_cortex.o
    0x080005c0   0x080005c0   0x00000010   Code   RO         1210    i.HAL_PWREx_GetVoltageRange  stm32wlxx_hal_pwr_ex.o
    0x080005d0   0x080005d0   0x00000010   Code   RO         1072    i.HAL_PWR_EnableBkUpAccess  stm32wlxx_hal_pwr.o
    0x080005e0   0x080005e0   0x000001cc   Code   RO          292    i.HAL_RCC_ClockConfig  stm32wlxx_hal_rcc.o
    0x080007ac   0x080007ac   0x00000024   Code   RO          297    i.HAL_RCC_GetHCLKFreq  stm32wlxx_hal_rcc.o
    0x080007d0   0x080007d0   0x000000e4   Code   RO          302    i.HAL_RCC_GetSysClockFreq  stm32wlxx_hal_rcc.o
    0x080008b4   0x080008b4   0x00000514   Code   RO          305    i.HAL_RCC_OscConfig  stm32wlxx_hal_rcc.o
    0x08000dc8   0x08000dc8   0x00000028   Code   RO         1444    i.HAL_SYSTICK_Config  stm32wlxx_hal_cortex.o
    0x08000df0   0x08000df0   0x00000002   Code   RO          194    i.HardFault_Handler  stm32wlxx_it.o
    0x08000df2   0x08000df2   0x00000014   Code   RO          160    i.LL_AHB2_GRP1_EnableClock  gpio.o
    0x08000e06   0x08000e06   0x0000000c   Code   RO          306    i.LL_RCC_GetSysClkSource  stm32wlxx_hal_rcc.o
    0x08000e12   0x08000e12   0x0000000c   Code   RO          307    i.LL_RCC_HSE_IsReady  stm32wlxx_hal_rcc.o
    0x08000e1e   0x08000e1e   0x00000012   Code   RO          308    i.LL_RCC_HSI_SetCalibTrimming  stm32wlxx_hal_rcc.o
    0x08000e30   0x08000e30   0x0000000c   Code   RO          309    i.LL_RCC_MSI_IsReady  stm32wlxx_hal_rcc.o
    0x08000e3c   0x08000e3c   0x00000012   Code   RO          310    i.LL_RCC_MSI_SetCalibTrimming  stm32wlxx_hal_rcc.o
    0x08000e4e   0x08000e4e   0x0000000c   Code   RO          311    i.LL_RCC_PLL_IsReady  stm32wlxx_hal_rcc.o
    0x08000e5a   0x08000e5a   0x00000002   PAD
    0x08000e5c   0x08000e5c   0x00000068   Code   RO          161    i.MX_GPIO_Init      gpio.o
    0x08000ec4   0x08000ec4   0x00000002   Code   RO          195    i.MemManage_Handler  stm32wlxx_it.o
    0x08000ec6   0x08000ec6   0x00000002   Code   RO          196    i.NMI_Handler       stm32wlxx_it.o
    0x08000ec8   0x08000ec8   0x00000002   Code   RO          197    i.PendSV_Handler    stm32wlxx_it.o
    0x08000eca   0x08000eca   0x00000002   PAD
    0x08000ecc   0x08000ecc   0x00000090   Code   RO          312    i.RCC_SetFlashLatency  stm32wlxx_hal_rcc.o
    0x08000f5c   0x08000f5c   0x00000044   Code   RO          313    i.RCC_SetFlashLatencyFromMSIRange  stm32wlxx_hal_rcc.o
    0x08000fa0   0x08000fa0   0x00000002   Code   RO          198    i.SVC_Handler       stm32wlxx_it.o
    0x08000fa2   0x08000fa2   0x00000004   Code   RO          199    i.SysTick_Handler   stm32wlxx_it.o
    0x08000fa6   0x08000fa6   0x00000002   PAD
    0x08000fa8   0x08000fa8   0x00000070   Code   RO           15    i.SystemClock_Config  main.o
    0x08001018   0x08001018   0x00000002   Code   RO         1900    i.SystemInit        system_stm32wlxx.o
    0x0800101a   0x0800101a   0x00000002   Code   RO          200    i.UsageFault_Handler  stm32wlxx_it.o
    0x0800101c   0x0800101c   0x00000020   Code   RO         1446    i.__NVIC_SetPriority  stm32wlxx_hal_cortex.o
    0x0800103c   0x0800103c   0x0000006c   Code   RO           16    i.main              main.o
    0x080010a8   0x080010a8   0x0000001c   Data   RO          314    .constdata          stm32wlxx_hal_rcc.o
    0x080010c4   0x080010c4   0x00000080   Data   RO         1901    .constdata          system_stm32wlxx.o
    0x08001144   0x08001144   0x00000020   Data   RO         2097    Region$$Table       anon$$obj.o


    Execution Region RW_IRAM1 (Exec base: 0x20000000, Load base: 0x08001164, Size: 0x00000670, Max: 0x00008000, ABSOLUTE)

    Exec Addr    Load Addr    Size         Type   Attr      Idx    E Section Name        Object

    0x20000000   0x08001164   0x0000000c   Data   RW         1596    .data               stm32wlxx_hal.o
    0x2000000c   0x08001170   0x00000004   Data   RW         1903    .data               system_stm32wlxx.o
    0x20000010        -       0x00000060   Zero   RW         1969    .bss                c_w.l(libspace.o)
    0x20000070        -       0x00000200   Zero   RW            3    HEAP                startup_stm32wle5xx.o
    0x20000270        -       0x00000400   Zero   RW            2    STACK               startup_stm32wle5xx.o


    Execution Region RW_IRAM2 (Exec base: 0x20008000, Load base: 0x08001174, Size: 0x00008000, Max: 0x00008000, ABSOLUTE)

    Exec Addr    Load Addr    Size         Type   Attr      Idx    E Section Name        Object

    0x20008000        -       0x00008000   Zero   RW            1    RW_IRAM2.bss        anon$$obj.o


==============================================================================

Image component sizes


      Code (inc. data)   RO Data    RW Data    ZI Data      Debug   Object Name

       124          6          0          0          0       6639   gpio.o
       220         10          0          0          0     389528   main.o
        64         26        312          0       1536        796   startup_stm32wle5xx.o
       172         24          0         12          0      11809   stm32wlxx_hal.o
       172         14          0          0          0      32942   stm32wlxx_hal_cortex.o
       460         16          0          0          0       3324   stm32wlxx_hal_gpio.o
         2          0          0          0          0        414   stm32wlxx_hal_msp.o
        16          4          0          0          0        499   stm32wlxx_hal_pwr.o
        16          6          0          0          0        524   stm32wlxx_hal_pwr_ex.o
      2320         72         28          0          0      44358   stm32wlxx_hal_rcc.o
        20          0          0          0          0       3722   stm32wlxx_it.o
         2          0        128          4          0       1121   system_stm32wlxx.o

    ----------------------------------------------------------------------
      3598        178        500         16      34304     495676   Object Totals
         0          0         32          0      32768          0   (incl. Generated)
        10          0          0          0          0          0   (incl. Padding)

    ----------------------------------------------------------------------

      Code (inc. data)   RO Data    RW Data    ZI Data      Debug   Library Member Name

         8          0          0          0          0         68   __main.o
         0          0          0          0          0          0   __rtentry.o
        12          0          0          0          0          0   __rtentry2.o
         6          0          0          0          0          0   __rtentry4.o
        52          8          0          0          0          0   __scatter.o
        26          0          0          0          0          0   __scatter_copy.o
        28          0          0          0          0          0   __scatter_zi.o
        18          0          0          0          0         80   exit.o
         6          0          0          0          0        152   heapauxi.o
         0          0          0          0          0          0   indicate_semi.o
         2          0          0          0          0          0   libinit.o
         2          0          0          0          0          0   libinit2.o
         2          0          0          0          0          0   libshutdown.o
         2          0          0          0          0          0   libshutdown2.o
         8          4          0          0         96         68   libspace.o
        78          0          0          0          0         80   rt_memclr_w.o
         2          0          0          0          0          0   rtexit.o
        10          0          0          0          0          0   rtexit2.o
        12          4          0          0          0         68   sys_exit.o
        74          0          0          0          0         80   sys_stackheap_outer.o
         2          0          0          0          0         68   use_no_semi.o

    ----------------------------------------------------------------------
       354         16          0          0         96        664   Library Totals
         4          0          0          0          0          0   (incl. Padding)

    ----------------------------------------------------------------------

      Code (inc. data)   RO Data    RW Data    ZI Data      Debug   Library Name

       350         16          0          0         96        664   c_w.l

    ----------------------------------------------------------------------
       354         16          0          0         96        664   Library Totals

    ----------------------------------------------------------------------

==============================================================================


      Code (inc. data)   RO Data    RW Data    ZI Data      Debug   

      3952        194        500         16      34400     494204   Grand Totals
      3952        194        500         16      34400     494204   ELF Image Totals
      3952        194        500         16          0          0   ROM Totals

==============================================================================

    Total RO  Size (Code + RO Data)                 4452 (   4.35kB)
    Total RW  Size (RW Data + ZI Data)             34416 (  33.61kB)
    Total ROM Size (Code + RO Data + RW Data)       4468 (   4.36kB)

==============================================================================

