Component: ARM Compiler 6.14 Tool: armlink [5db06800]

==============================================================================

Section Cross References

    startup_stm32wle5xx.o(STACK) refers (Special) to heapauxi.o(.text) for __use_two_region_memory
    startup_stm32wle5xx.o(HEAP) refers (Special) to heapauxi.o(.text) for __use_two_region_memory
    startup_stm32wle5xx.o(RESET) refers (Special) to heapauxi.o(.text) for __use_two_region_memory
    startup_stm32wle5xx.o(RESET) refers to startup_stm32wle5xx.o(STACK) for __initial_sp
    startup_stm32wle5xx.o(RESET) refers to startup_stm32wle5xx.o(.text) for Reset_Handler
    startup_stm32wle5xx.o(RESET) refers to stm32wlxx_it.o(.text.NMI_Handler) for NMI_Handler
    startup_stm32wle5xx.o(RESET) refers to stm32wlxx_it.o(.text.HardFault_Handler) for HardFault_Handler
    startup_stm32wle5xx.o(RESET) refers to stm32wlxx_it.o(.text.MemManage_Handler) for MemManage_Handler
    startup_stm32wle5xx.o(RESET) refers to stm32wlxx_it.o(.text.BusFault_Handler) for BusFault_Handler
    startup_stm32wle5xx.o(RESET) refers to stm32wlxx_it.o(.text.UsageFault_Handler) for UsageFault_Handler
    startup_stm32wle5xx.o(RESET) refers to stm32wlxx_it.o(.text.SVC_Handler) for SVC_Handler
    startup_stm32wle5xx.o(RESET) refers to stm32wlxx_it.o(.text.DebugMon_Handler) for DebugMon_Handler
    startup_stm32wle5xx.o(RESET) refers to stm32wlxx_it.o(.text.PendSV_Handler) for PendSV_Handler
    startup_stm32wle5xx.o(RESET) refers to stm32wlxx_it.o(.text.SysTick_Handler) for SysTick_Handler
    startup_stm32wle5xx.o(RESET) refers to stm32wlxx_it.o(.text.TIM2_IRQHandler) for TIM2_IRQHandler
    startup_stm32wle5xx.o(RESET) refers to stm32wlxx_it.o(.text.SUBGHZ_Radio_IRQHandler) for SUBGHZ_Radio_IRQHandler
    startup_stm32wle5xx.o(.text) refers (Special) to heapauxi.o(.text) for __use_two_region_memory
    startup_stm32wle5xx.o(.text) refers to system_stm32wlxx.o(.text.SystemInit) for SystemInit
    startup_stm32wle5xx.o(.text) refers to __main.o(!!!main) for __main
    startup_stm32wle5xx.o(.text) refers to startup_stm32wle5xx.o(HEAP) for Heap_Mem
    startup_stm32wle5xx.o(.text) refers to startup_stm32wle5xx.o(STACK) for Stack_Mem
    main.o(.text.main) refers to stm32wlxx_hal.o(.text.HAL_Init) for HAL_Init
    main.o(.text.main) refers to rt_memclr_w.o(.text) for __aeabi_memclr4
    main.o(.text.main) refers to stm32wlxx_hal_rcc.o(.text.HAL_RCC_OscConfig) for HAL_RCC_OscConfig
    main.o(.text.main) refers to stm32wlxx_hal_rcc.o(.text.HAL_RCC_ClockConfig) for HAL_RCC_ClockConfig
    main.o(.text.main) refers to gpio.o(.text.MX_GPIO_Init) for MX_GPIO_Init
    main.o(.text.main) refers to adc.o(.text.MX_ADC_Init) for MX_ADC_Init
    main.o(.text.main) refers to i2c.o(.text.MX_I2C1_Init) for MX_I2C1_Init
    main.o(.text.main) refers to tim.o(.text.MX_TIM2_Init) for MX_TIM2_Init
    main.o(.text.main) refers to usart.o(.text.MX_USART2_UART_Init) for MX_USART2_UART_Init
    main.o(.text.main) refers to subghz.o(.text.MX_SUBGHZ_Init) for MX_SUBGHZ_Init
    main.o(.text.main) refers to task.o(.text.BSP_Init) for BSP_Init
    main.o(.text.main) refers to task.o(.text.OLED_Proc) for OLED_Proc
    main.o(.text.main) refers to task.o(.text.KEY_Proc) for KEY_Proc
    main.o(.text.main) refers to task.o(.text.LoRa_Proc) for LoRa_Proc
    main.o(.ARM.exidx.text.main) refers to main.o(.text.main) for [Anonymous Symbol]
    main.o(.text.SystemClock_Config) refers to rt_memclr_w.o(.text) for __aeabi_memclr4
    main.o(.text.SystemClock_Config) refers to stm32wlxx_hal_rcc.o(.text.HAL_RCC_OscConfig) for HAL_RCC_OscConfig
    main.o(.text.SystemClock_Config) refers to stm32wlxx_hal_rcc.o(.text.HAL_RCC_ClockConfig) for HAL_RCC_ClockConfig
    main.o(.ARM.exidx.text.SystemClock_Config) refers to main.o(.text.SystemClock_Config) for [Anonymous Symbol]
    main.o(.ARM.exidx.text.Error_Handler) refers to main.o(.text.Error_Handler) for [Anonymous Symbol]
    gpio.o(.text.MX_GPIO_Init) refers to stm32wlxx_hal_gpio.o(.text.HAL_GPIO_WritePin) for HAL_GPIO_WritePin
    gpio.o(.text.MX_GPIO_Init) refers to stm32wlxx_hal_gpio.o(.text.HAL_GPIO_Init) for HAL_GPIO_Init
    gpio.o(.ARM.exidx.text.MX_GPIO_Init) refers to gpio.o(.text.MX_GPIO_Init) for [Anonymous Symbol]
    adc.o(.text.MX_ADC_Init) refers to adc.o(.bss.hadc) for hadc
    adc.o(.text.MX_ADC_Init) refers to stm32wlxx_hal_adc.o(.text.HAL_ADC_Init) for HAL_ADC_Init
    adc.o(.text.MX_ADC_Init) refers to main.o(.text.Error_Handler) for Error_Handler
    adc.o(.text.MX_ADC_Init) refers to stm32wlxx_hal_adc.o(.text.HAL_ADC_ConfigChannel) for HAL_ADC_ConfigChannel
    adc.o(.ARM.exidx.text.MX_ADC_Init) refers to adc.o(.text.MX_ADC_Init) for [Anonymous Symbol]
    adc.o(.text.HAL_ADC_MspInit) refers to stm32wlxx_hal_gpio.o(.text.HAL_GPIO_Init) for HAL_GPIO_Init
    adc.o(.ARM.exidx.text.HAL_ADC_MspInit) refers to adc.o(.text.HAL_ADC_MspInit) for [Anonymous Symbol]
[...]
    ../clib/signal.c                         0x00000000   Number         0  defsig_fpe_outer.o ABSOLUTE
    ../clib/signal.c                         0x00000000   Number         0  defsig_fpe_formal.o ABSOLUTE
    ../clib/signal.c                         0x00000000   Number         0  defsig_exit.o ABSOLUTE
    ../clib/signal.c                         0x00000000   Number         0  defsig_fpe_inner.o ABSOLUTE
    ../clib/signal.c                         0x00000000   Number         0  __raise.o ABSOLUTE
    ../clib/signal.c                         0x00000000   Number         0  defsig_general.o ABSOLUTE
    ../clib/signal.c                         0x00000000   Number         0  defsig_abrt_inner.o ABSOLUTE
    ../clib/signal.c                         0x00000000   Number         0  defsig_rtred_inner.o ABSOLUTE
    ../clib/signal.c                         0x00000000   Number         0  defsig_rtmem_inner.o ABSOLUTE
    ../clib/signal.c                         0x00000000   Number         0  defsig_rtmem_outer.o ABSOLUTE
    ../clib/signal.c                         0x00000000   Number         0  defsig_rtmem_formal.o ABSOLUTE
    ../clib/signal.c                         0x00000000   Number         0  defsig_stak_inner.o ABSOLUTE
    ../clib/signal.c                         0x00000000   Number         0  defsig_pvfn_inner.o ABSOLUTE
    ../clib/signal.c                         0x00000000   Number         0  defsig_cppl_inner.o ABSOLUTE
    ../clib/signal.c                         0x00000000   Number         0  defsig_segv_inner.o ABSOLUTE
    ../clib/signal.c                         0x00000000   Number         0  defsig_other.o ABSOLUTE
    ../clib/signal.s                         0x00000000   Number         0  defsig.o ABSOLUTE
    ../clib/stdlib.c                         0x00000000   Number         0  exit.o ABSOLUTE
    ../fplib/fpinit.s                        0x00000000   Number         0  fpinit.o ABSOLUTE
    adc.c                                    0x00000000   Number         0  adc.o ABSOLUTE
    dc.s                                     0x00000000   Number         0  dc.o ABSOLUTE
    gpio.c                                   0x00000000   Number         0  gpio.o ABSOLUTE
    i2c.c                                    0x00000000   Number         0  i2c.o ABSOLUTE
    lora.c                                   0x00000000   Number         0  lora.o ABSOLUTE
    main.c                                   0x00000000   Number         0  main.o ABSOLUTE
    oled.c                                   0x00000000   Number         0  oled.o ABSOLUTE
    startup_stm32wle5xx.s                    0x00000000   Number         0  startup_stm32wle5xx.o ABSOLUTE
    stm32wlxx_hal.c                          0x00000000   Number         0  stm32wlxx_hal.o ABSOLUTE
    stm32wlxx_hal_adc.c                      0x00000000   Number         0  stm32wlxx_hal_adc.o ABSOLUTE
    stm32wlxx_hal_adc_ex.c                   0x00000000   Number         0  stm32wlxx_hal_adc_ex.o ABSOLUTE
    stm32wlxx_hal_cortex.c                   0x00000000   Number         0  stm32wlxx_hal_cortex.o ABSOLUTE
    stm32wlxx_hal_dma.c                      0x00000000   Number         0  stm32wlxx_hal_dma.o ABSOLUTE
    stm32wlxx_hal_dma_ex.c                   0x00000000   Number         0  stm32wlxx_hal_dma_ex.o ABSOLUTE
    stm32wlxx_hal_exti.c                     0x00000000   Number         0  stm32wlxx_hal_exti.o ABSOLUTE
    stm32wlxx_hal_flash.c                    0x00000000   Number         0  stm32wlxx_hal_flash.o ABSOLUTE
    stm32wlxx_hal_flash_ex.c                 0x00000000   Number         0  stm32wlxx_hal_flash_ex.o ABSOLUTE
    stm32wlxx_hal_gpio.c                     0x00000000   Number         0  stm32wlxx_hal_gpio.o ABSOLUTE
    stm32wlxx_hal_i2c.c                      0x00000000   Number         0  stm32wlxx_hal_i2c.o ABSOLUTE
    stm32wlxx_hal_i2c_ex.c                   0x00000000   Number         0  stm32wlxx_hal_i2c_ex.o ABSOLUTE
    stm32wlxx_hal_msp.c                      0x00000000   Number         0  stm32wlxx_hal_msp.o ABSOLUTE
    stm32wlxx_hal_pwr.c                      0x00000000   Number         0  stm32wlxx_hal_pwr.o ABSOLUTE
    stm32wlxx_hal_pwr_ex.c                   0x00000000   Number         0  stm32wlxx_hal_pwr_ex.o ABSOLUTE
    stm32wlxx_hal_rcc.c                      0x00000000   Number         0  stm32wlxx_hal_rcc.o ABSOLUTE
    stm32wlxx_hal_rcc_ex.c                   0x00000000   Number         0  stm32wlxx_hal_rcc_ex.o ABSOLUTE
    stm32wlxx_hal_subghz.c                   0x00000000   Number         0  stm32wlxx_hal_subghz.o ABSOLUTE
    stm32wlxx_hal_tim.c                      0x00000000   Number         0  stm32wlxx_hal_tim.o ABSOLUTE
    stm32wlxx_hal_tim_ex.c                   0x00000000   Number         0  stm32wlxx_hal_tim_ex.o ABSOLUTE
    stm32wlxx_hal_uart.c                     0x00000000   Number         0  stm32wlxx_hal_uart.o ABSOLUTE
    stm32wlxx_hal_uart_ex.c                  0x00000000   Number         0  stm32wlxx_hal_uart_ex.o ABSOLUTE
    stm32wlxx_it.c                           0x00000000   Number         0  stm32wlxx_it.o ABSOLUTE
    stm32wlxx_ll_adc.c                       0x00000000   Number         0  stm32wlxx_ll_adc.o ABSOLUTE
    subghz.c                                 0x00000000   Number         0  subghz.o ABSOLUTE
    system_stm32wlxx.c                       0x00000000   Number         0  system_stm32wlxx.o ABSOLUTE
    task.c                                   0x00000000   Number         0  task.o ABSOLUTE
    tim.c                                    0x00000000   Number         0  tim.o ABSOLUTE
    usart.c                                  0x00000000   Number         0  usart.o ABSOLUTE
    RESET                                    0x08000000   Section      312  startup_stm32wle5xx.o(RESET)
    !!!main                                  0x08000138   Section        8  __main.o(!!!main)
    !!!scatter                               0x08000140   Section       52  __scatter.o(!!!scatter)
    !!handler_copy                           0x08000174   Section       26  __scatter_copy.o(!!handler_copy)
    !!handler_zi                             0x08000190   Section       28  __scatter_zi.o(!!handler_zi)
    .ARM.Collect$$_printf_percent$$00000000  0x080001ac   Section        0  _printf_percent.o(.ARM.Collect$$_printf_percent$$00000000)
    .ARM.Collect$$_printf_percent$$00000009  0x080001ac   Section        6  _printf_d.o(.ARM.Collect$$_printf_percent$$00000009)
    .ARM.Collect$$_printf_percent$$00000017  0x080001b2   Section        4  _printf_percent_end.o(.ARM.Collect$$_printf_percent$$00000017)
    .ARM.Collect$$libinit$$00000000          0x080001b6   Section        2  libinit.o(.ARM.Collect$$libinit$$00000000)
    .ARM.Collect$$libinit$$00000001          0x080001b8   Section        4  libinit2.o(.ARM.Collect$$libinit$$00000001)
    .ARM.Collect$$libinit$$00000004          0x080001bc   Section        0  libinit2.o(.ARM.Collect$$libinit$$00000004)
    .ARM.Collect$$libinit$$0000000A          0x080001bc   Section        0  libinit2.o(.ARM.Collect$$libinit$$0000000A)
    .ARM.Collect$$libinit$$0000000C          0x080001bc   Section        0  libinit2.o(.ARM.Collect$$libinit$$0000000C)
    .ARM.Collect$$libinit$$0000000E          0x080001bc   Section        0  libinit2.o(.ARM.Collect$$libinit$$0000000E)
    .ARM.Collect$$libinit$$00000011          0x080001bc   Section        0  libinit2.o(.ARM.Collect$$libinit$$00000011)
    .ARM.Collect$$libinit$$00000013          0x080001bc   Section        0  libinit2.o(.ARM.Collect$$libinit$$00000013)
    .ARM.Collect$$libinit$$00000015          0x080001bc   Section        0  libinit2.o(.ARM.Collect$$libinit$$00000015)
    .ARM.Collect$$libinit$$00000017          0x080001bc   Section        0  libinit2.o(.ARM.Collect$$libinit$$00000017)
    .ARM.Collect$$libinit$$00000019          0x080001bc   Section        0  libinit2.o(.ARM.Collect$$libinit$$00000019)
    .ARM.Collect$$libinit$$0000001B          0x080001bc   Section        0  libinit2.o(.ARM.Collect$$libinit$$0000001B)
    .ARM.Collect$$libinit$$0000001D          0x080001bc   Section        0  libinit2.o(.ARM.Collect$$libinit$$0000001D)
    .ARM.Collect$$libinit$$0000001F          0x080001bc   Section        0  libinit2.o(.ARM.Collect$$libinit$$0000001F)
    .ARM.Collect$$libinit$$00000021          0x080001bc   Section        0  libinit2.o(.ARM.Collect$$libinit$$00000021)
    .ARM.Collect$$libinit$$00000023          0x080001bc   Section        0  libinit2.o(.ARM.Collect$$libinit$$00000023)
    .ARM.Collect$$libinit$$00000025          0x080001bc   Section        0  libinit2.o(.ARM.Collect$$libinit$$00000025)
    .ARM.Collect$$libinit$$0000002C          0x080001bc   Section        0  libinit2.o(.ARM.Collect$$libinit$$0000002C)
    .ARM.Collect$$libinit$$0000002E          0x080001bc   Section        0  libinit2.o(.ARM.Collect$$libinit$$0000002E)
    .ARM.Collect$$libinit$$00000030          0x080001bc   Section        0  libinit2.o(.ARM.Collect$$libinit$$00000030)
    .ARM.Collect$$libinit$$00000032          0x080001bc   Section        0  libinit2.o(.ARM.Collect$$libinit$$00000032)
    .ARM.Collect$$libinit$$00000033          0x080001bc   Section        2  libinit2.o(.ARM.Collect$$libinit$$00000033)
    .ARM.Collect$$libshutdown$$00000000      0x080001be   Section        2  libshutdown.o(.ARM.Collect$$libshutdown$$00000000)
    .ARM.Collect$$libshutdown$$00000002      0x080001c0   Section        0  libshutdown2.o(.ARM.Collect$$libshutdown$$00000002)
    .ARM.Collect$$libshutdown$$00000004      0x080001c0   Section        0  libshutdown2.o(.ARM.Collect$$libshutdown$$00000004)
    .ARM.Collect$$libshutdown$$00000007      0x080001c0   Section        0  libshutdown2.o(.ARM.Collect$$libshutdown$$00000007)
    .ARM.Collect$$libshutdown$$0000000A      0x080001c0   Section        0  libshutdown2.o(.ARM.Collect$$libshutdown$$0000000A)
    .ARM.Collect$$libshutdown$$0000000C      0x080001c0   Section        0  libshutdown2.o(.ARM.Collect$$libshutdown$$0000000C)
    .ARM.Collect$$libshutdown$$0000000F      0x080001c0   Section        0  libshutdown2.o(.ARM.Collect$$libshutdown$$0000000F)
    .ARM.Collect$$libshutdown$$00000010      0x080001c0   Section        2  libshutdown2.o(.ARM.Collect$$libshutdown$$00000010)
    .ARM.Collect$$rtentry$$00000000          0x080001c2   Section        0  __rtentry.o(.ARM.Collect$$rtentry$$00000000)
    .ARM.Collect$$rtentry$$00000002          0x080001c2   Section        0  __rtentry2.o(.ARM.Collect$$rtentry$$00000002)
    .ARM.Collect$$rtentry$$00000004          0x080001c2   Section        6  __rtentry4.o(.ARM.Collect$$rtentry$$00000004)
    .ARM.Collect$$rtentry$$00000009          0x080001c8   Section        0  __rtentry2.o(.ARM.Collect$$rtentry$$00000009)
    .ARM.Collect$$rtentry$$0000000A          0x080001c8   Section        4  __rtentry2.o(.ARM.Collect$$rtentry$$0000000A)
    .ARM.Collect$$rtentry$$0000000C          0x080001cc   Section        0  __rtentry2.o(.ARM.Collect$$rtentry$$0000000C)
    .ARM.Collect$$rtentry$$0000000D          0x080001cc   Section        8  __rtentry2.o(.ARM.Collect$$rtentry$$0000000D)
    .ARM.Collect$$rtexit$$00000000           0x080001d4   Section        2  rtexit.o(.ARM.Collect$$rtexit$$00000000)
    .ARM.Collect$$rtexit$$00000002           0x080001d6   Section        0  rtexit2.o(.ARM.Collect$$rtexit$$00000002)
    .ARM.Collect$$rtexit$$00000003           0x080001d6   Section        4  rtexit2.o(.ARM.Collect$$rtexit$$00000003)
    .ARM.Collect$$rtexit$$00000004           0x080001da   Section        6  rtexit2.o(.ARM.Collect$$rtexit$$00000004)
    .text                                    0x080001e0   Section       64  startup_stm32wle5xx.o(.text)
    .text                                    0x08000220   Section      240  lludivv7m.o(.text)
    .text                                    0x08000310   Section        0  noretval__2sprintf.o(.text)
    .text                                    0x08000338   Section        0  _printf_pad.o(.text)
    .text                                    0x08000388   Section        0  _printf_dec.o(.text)
    .text                                    0x08000400   Section        0  __printf_wp.o(.text)
    .text                                    0x0800050e   Section       78  rt_memclr_w.o(.text)
    .text                                    0x0800055c   Section        0  heapauxi.o(.text)
    .text                                    0x08000562   Section        0  _printf_intcommon.o(.text)
    _printf_input_char                       0x08000615   Thumb Code    10  _printf_char_common.o(.text)
    .text                                    0x08000614   Section        0  _printf_char_common.o(.text)
    .text                                    0x08000644   Section        0  _sputc.o(.text)
    .text                                    0x0800064e   Section       74  sys_stackheap_outer.o(.text)
    .text                                    0x08000698   Section        0  exit.o(.text)
    .text                                    0x080006ac   Section        8  libspace.o(.text)
    .text                                    0x080006b4   Section        0  sys_exit.o(.text)
    .text                                    0x080006c0   Section        2  use_no_semi.o(.text)
    .text                                    0x080006c2   Section        0  indicate_semi.o(.text)
    .text                                    0x080006c4   Section        8  rt_fp_status_addr_intlibspace.o(.text)
    [Anonymous Symbol]                       0x080006cc   Section        0  task.o(.text.BSP_Init)
    [Anonymous Symbol]                       0x080006e0   Section        0  lora.o(.text.BSP_RADIO_Init)
    [Anonymous Symbol]                       0x08000730   Section        0  stm32wlxx_it.o(.text.BusFault_Handler)
    [Anonymous Symbol]                       0x08000734   Section        0  stm32wlxx_it.o(.text.DebugMon_Handler)
    [Anonymous Symbol]                       0x08000738   Section        0  main.o(.text.Error_Handler)
    [Anonymous Symbol]                       0x08000744   Section        0  stm32wlxx_hal_adc.o(.text.HAL_ADC_ConfigChannel)
    [Anonymous Symbol]                       0x080009ac   Section        0  stm32wlxx_hal_adc.o(.text.HAL_ADC_Init)
    [Anonymous Symbol]                       0x08000c24   Section        0  adc.o(.text.HAL_ADC_MspInit)
    [Anonymous Symbol]                       0x08000c8c   Section        0  stm32wlxx_hal.o(.text.HAL_Delay)
    [Anonymous Symbol]                       0x08000cb4   Section        0  stm32wlxx_hal_gpio.o(.text.HAL_GPIO_Init)
    [Anonymous Symbol]                       0x08000e88   Section        0  stm32wlxx_hal_gpio.o(.text.HAL_GPIO_ReadPin)
    [Anonymous Symbol]                       0x08000e94   Section        0  stm32wlxx_hal_gpio.o(.text.HAL_GPIO_WritePin)
    [Anonymous Symbol]                       0x08000ea0   Section        0  stm32wlxx_hal.o(.text.HAL_GetTick)
    [Anonymous Symbol]                       0x08000eac   Section        0  stm32wlxx_hal_i2c_ex.o(.text.HAL_I2CEx_ConfigAnalogFilter)
    [Anonymous Symbol]                       0x08000ef8   Section        0  stm32wlxx_hal_i2c_ex.o(.text.HAL_I2CEx_ConfigDigitalFilter)
    [Anonymous Symbol]                       0x08000f40   Section        0  stm32wlxx_hal_i2c.o(.text.HAL_I2C_Init)
    [Anonymous Symbol]                       0x08000fe4   Section        0  stm32wlxx_hal_i2c.o(.text.HAL_I2C_Master_Transmit)
    [Anonymous Symbol]                       0x08001254   Section        0  i2c.o(.text.HAL_I2C_MspInit)
    [Anonymous Symbol]                       0x080012e8   Section        0  stm32wlxx_hal.o(.text.HAL_IncTick)
    [Anonymous Symbol]                       0x08001304   Section        0  stm32wlxx_hal.o(.text.HAL_Init)
    [Anonymous Symbol]                       0x08001330   Section        0  stm32wlxx_hal.o(.text.HAL_InitTick)
    [Anonymous Symbol]                       0x0800137c   Section        0  stm32wlxx_hal_msp.o(.text.HAL_MspInit)
    [Anonymous Symbol]                       0x08001384   Section        0  stm32wlxx_hal_cortex.o(.text.HAL_NVIC_EnableIRQ)
    [Anonymous Symbol]                       0x080013a4   Section        0  stm32wlxx_hal_cortex.o(.text.HAL_NVIC_SetPriority)
    [Anonymous Symbol]                       0x080013fc   Section        0  stm32wlxx_hal_cortex.o(.text.HAL_NVIC_SetPriorityGrouping)
    [Anonymous Symbol]                       0x0800141c   Section        0  stm32wlxx_hal_pwr_ex.o(.text.HAL_PWREx_GetVoltageRange)
    [Anonymous Symbol]                       0x0800142c   Section        0  stm32wlxx_hal_pwr.o(.text.HAL_PWR_EnableBkUpAccess)
    [Anonymous Symbol]                       0x08001440   Section        0  stm32wlxx_hal_rcc_ex.o(.text.HAL_RCCEx_PeriphCLKConfig)
    [Anonymous Symbol]                       0x0800164c   Section        0  stm32wlxx_hal_rcc.o(.text.HAL_RCC_ClockConfig)
    [Anonymous Symbol]                       0x08001844   Section        0  stm32wlxx_hal_rcc.o(.text.HAL_RCC_GetHCLKFreq)
    [Anonymous Symbol]                       0x08001868   Section        0  stm32wlxx_hal_rcc.o(.text.HAL_RCC_GetPCLK1Freq)
    [Anonymous Symbol]                       0x080018a0   Section        0  stm32wlxx_hal_rcc.o(.text.HAL_RCC_GetPCLK2Freq)
    [Anonymous Symbol]                       0x080018d8   Section        0  stm32wlxx_hal_rcc.o(.text.HAL_RCC_GetSysClockFreq)
    [Anonymous Symbol]                       0x080019c8   Section        0  stm32wlxx_hal_rcc.o(.text.HAL_RCC_OscConfig)
    [Anonymous Symbol]                       0x08002124   Section        0  stm32wlxx_hal_subghz.o(.text.HAL_SUBGHZ_CADStatusCallback)
    [Anonymous Symbol]                       0x08002128   Section        0  stm32wlxx_hal_subghz.o(.text.HAL_SUBGHZ_CRCErrorCallback)
    [Anonymous Symbol]                       0x0800212c   Section        0  stm32wlxx_hal_subghz.o(.text.HAL_SUBGHZ_ExecGetCmd)
    [Anonymous Symbol]                       0x08002478   Section        0  stm32wlxx_hal_subghz.o(.text.HAL_SUBGHZ_ExecSetCmd)
    [Anonymous Symbol]                       0x08002738   Section        0  stm32wlxx_hal_subghz.o(.text.HAL_SUBGHZ_HeaderErrorCallback)
    [Anonymous Symbol]                       0x0800273c   Section        0  stm32wlxx_hal_subghz.o(.text.HAL_SUBGHZ_HeaderValidCallback)
    [Anonymous Symbol]                       0x08002740   Section        0  stm32wlxx_hal_subghz.o(.text.HAL_SUBGHZ_IRQHandler)
    [Anonymous Symbol]                       0x08002804   Section        0  stm32wlxx_hal_subghz.o(.text.HAL_SUBGHZ_Init)
    [Anonymous Symbol]                       0x08002928   Section        0  stm32wlxx_hal_subghz.o(.text.HAL_SUBGHZ_LrFhssHopCallback)
    [Anonymous Symbol]                       0x0800292c   Section        0  subghz.o(.text.HAL_SUBGHZ_MspInit)
    [Anonymous Symbol]                       0x08002960   Section        0  stm32wlxx_hal_subghz.o(.text.HAL_SUBGHZ_PreambleDetectedCallback)
    [Anonymous Symbol]                       0x08002964   Section        0  stm32wlxx_hal_subghz.o(.text.HAL_SUBGHZ_ReadBuffer)
    [Anonymous Symbol]                       0x08002d58   Section        0  stm32wlxx_hal_subghz.o(.text.HAL_SUBGHZ_RxCpltCallback)
    [Anonymous Symbol]                       0x08002d5c   Section        0  stm32wlxx_hal_subghz.o(.text.HAL_SUBGHZ_RxTxTimeoutCallback)
    [Anonymous Symbol]                       0x08002d60   Section        0  stm32wlxx_hal_subghz.o(.text.HAL_SUBGHZ_SyncWordValidCallback)
    [Anonymous Symbol]                       0x08002d64   Section        0  stm32wlxx_hal_subghz.o(.text.HAL_SUBGHZ_TxCpltCallback)
    [Anonymous Symbol]                       0x08002d68   Section        0  stm32wlxx_hal_subghz.o(.text.HAL_SUBGHZ_WriteBuffer)
    [Anonymous Symbol]                       0x080030b4   Section        0  stm32wlxx_hal_cortex.o(.text.HAL_SYSTICK_Config)
    [Anonymous Symbol]                       0x080030e0   Section        0  stm32wlxx_hal_tim_ex.o(.text.HAL_TIMEx_Break2Callback)
    [Anonymous Symbol]                       0x080030e4   Section        0  stm32wlxx_hal_tim_ex.o(.text.HAL_TIMEx_BreakCallback)
    [Anonymous Symbol]                       0x080030e8   Section        0  stm32wlxx_hal_tim_ex.o(.text.HAL_TIMEx_CommutCallback)
    [Anonymous Symbol]                       0x080030ec   Section        0  stm32wlxx_hal_tim_ex.o(.text.HAL_TIMEx_MasterConfigSynchronization)
    [Anonymous Symbol]                       0x08003150   Section        0  stm32wlxx_hal_tim.o(.text.HAL_TIM_Base_Init)
    [Anonymous Symbol]                       0x08003230   Section        0  tim.o(.text.HAL_TIM_Base_MspInit)
    [Anonymous Symbol]                       0x08003270   Section        0  stm32wlxx_hal_tim.o(.text.HAL_TIM_ConfigClockSource)
    [Anonymous Symbol]                       0x08003424   Section        0  stm32wlxx_hal_tim.o(.text.HAL_TIM_IC_CaptureCallback)
    [Anonymous Symbol]                       0x08003428   Section        0  stm32wlxx_hal_tim.o(.text.HAL_TIM_IRQHandler)
    [Anonymous Symbol]                       0x080035b0   Section        0  stm32wlxx_hal_tim.o(.text.HAL_TIM_OC_DelayElapsedCallback)
    [Anonymous Symbol]                       0x080035b4   Section        0  stm32wlxx_hal_tim.o(.text.HAL_TIM_PWM_PulseFinishedCallback)
    [Anonymous Symbol]                       0x080035b8   Section        0  stm32wlxx_hal_tim.o(.text.HAL_TIM_PeriodElapsedCallback)
    [Anonymous Symbol]                       0x080035bc   Section        0  stm32wlxx_hal_tim.o(.text.HAL_TIM_TriggerCallback)
    [Anonymous Symbol]                       0x080035c0   Section        0  stm32wlxx_hal_uart_ex.o(.text.HAL_UARTEx_DisableFifoMode)
    [Anonymous Symbol]                       0x080035f8   Section        0  stm32wlxx_hal_uart_ex.o(.text.HAL_UARTEx_SetRxFifoThreshold)
    [Anonymous Symbol]                       0x08003688   Section        0  stm32wlxx_hal_uart_ex.o(.text.HAL_UARTEx_SetTxFifoThreshold)
    [Anonymous Symbol]                       0x08003718   Section        0  stm32wlxx_hal_uart.o(.text.HAL_UART_Init)
    [Anonymous Symbol]                       0x080037e0   Section        0  usart.o(.text.HAL_UART_MspInit)
    [Anonymous Symbol]                       0x0800386c   Section        0  stm32wlxx_it.o(.text.HardFault_Handler)
    I2C_IsErrorOccurred                      0x08003871   Thumb Code   360  stm32wlxx_hal_i2c.o(.text.I2C_IsErrorOccurred)
    [Anonymous Symbol]                       0x08003870   Section        0  stm32wlxx_hal_i2c.o(.text.I2C_IsErrorOccurred)
    I2C_WaitOnTXISFlagUntilTimeout           0x080039d9   Thumb Code   134  stm32wlxx_hal_i2c.o(.text.I2C_WaitOnTXISFlagUntilTimeout)
    [Anonymous Symbol]                       0x080039d8   Section        0  stm32wlxx_hal_i2c.o(.text.I2C_WaitOnTXISFlagUntilTimeout)
    [Anonymous Symbol]                       0x08003a60   Section        0  task.o(.text.KEY_Proc)
    [Anonymous Symbol]                       0x08003b18   Section        0  lora.o(.text.LORA_Init)
    [Anonymous Symbol]                       0x08003c30   Section        0  lora.o(.text.LORA_Rx)
    [Anonymous Symbol]                       0x08003cc4   Section        0  lora.o(.text.LORA_Tx)
    [Anonymous Symbol]                       0x08003d8c   Section        0  task.o(.text.LoRa_Proc)
    [Anonymous Symbol]                       0x08003de0   Section        0  adc.o(.text.MX_ADC_Init)
    [Anonymous Symbol]                       0x08003e60   Section        0  gpio.o(.text.MX_GPIO_Init)
    [Anonymous Symbol]                       0x08003ee4   Section        0  i2c.o(.text.MX_I2C1_Init)
    [Anonymous Symbol]                       0x08003f50   Section        0  subghz.o(.text.MX_SUBGHZ_Init)
    [Anonymous Symbol]                       0x08003f70   Section        0  tim.o(.text.MX_TIM2_Init)
    [Anonymous Symbol]                       0x08003ff0   Section        0  usart.o(.text.MX_USART2_UART_Init)
    [Anonymous Symbol]                       0x08004074   Section        0  stm32wlxx_it.o(.text.MemManage_Handler)
    [Anonymous Symbol]                       0x08004078   Section        0  stm32wlxx_it.o(.text.NMI_Handler)
    [Anonymous Symbol]                       0x0800407c   Section        0  oled.o(.text.OLED_Clear)
    [Anonymous Symbol]                       0x08004130   Section        0  oled.o(.text.OLED_Init)
    [Anonymous Symbol]                       0x080041f8   Section        0  task.o(.text.OLED_Proc)
    [Anonymous Symbol]                       0x080042b8   Section        0  oled.o(.text.OLED_ShowChar)
    [Anonymous Symbol]                       0x08004424   Section        0  oled.o(.text.OLED_ShowString)
    [Anonymous Symbol]                       0x08004464   Section        0  i2c.o(.text.OLED_Write)
    [Anonymous Symbol]                       0x08004490   Section        0  stm32wlxx_it.o(.text.PendSV_Handler)
    [Anonymous Symbol]                       0x08004494   Section        0  stm32wlxx_it.o(.text.SUBGHZ_Radio_IRQHandler)
    [Anonymous Symbol]                       0x080044a0   Section        0  stm32wlxx_it.o(.text.SVC_Handler)
    [Anonymous Symbol]                       0x080044a4   Section        0  stm32wlxx_it.o(.text.SysTick_Handler)
    [Anonymous Symbol]                       0x080044c8   Section        0  system_stm32wlxx.o(.text.SystemInit)
    [Anonymous Symbol]                       0x080044cc   Section        0  stm32wlxx_it.o(.text.TIM2_IRQHandler)
    [Anonymous Symbol]                       0x080044d8   Section        0  stm32wlxx_hal_uart.o(.text.UART_AdvFeatureConfig)
    [Anonymous Symbol]                       0x080045c0   Section        0  stm32wlxx_hal_uart.o(.text.UART_SetConfig)
    [Anonymous Symbol]                       0x08004828   Section        0  stm32wlxx_hal_uart.o(.text.UART_WaitOnFlagUntilTimeout)
    [Anonymous Symbol]                       0x08004a3c   Section        0  stm32wlxx_it.o(.text.UsageFault_Handler)
    [Anonymous Symbol]                       0x08004a40   Section        0  main.o(.text.main)
    i._is_digit                              0x08004ae6   Section        0  __printf_wp.o(i._is_digit)
    x$fpl$fpinit                             0x08004af4   Section       14  fpinit.o(x$fpl$fpinit)
    .L__const.RCC_SetFlashLatency.FLASH_LATENCY_RANGE 0x08004b04   Data          12  stm32wlxx_hal_rcc.o(.rodata..L__const.RCC_SetFlashLatency.FLASH_LATENCY_RANGE)
    .Lswitch.table.UART_SetConfig.2          0x08004bc8   Data          16  stm32wlxx_hal_uart.o(.rodata.cst16)
    UARTEx_SetNbDataToProcess.numerator      0x08004bd8   Data           8  stm32wlxx_hal_uart_ex.o(.rodata.cst8)
    UARTEx_SetNbDataToProcess.denominator    0x08004be0   Data           8  stm32wlxx_hal_uart_ex.o(.rodata.cst8)
    .L_MergedGlobals                         0x20000000   Data           8  stm32wlxx_hal.o(.data..L_MergedGlobals)
    [Anonymous Symbol]                       0x20000000   Section        0  stm32wlxx_hal.o(.data..L_MergedGlobals)
    .bss                                     0x20000010   Section       96  libspace.o(.bss)
    .L_MergedGlobals                         0x20000070   Data          17  task.o(.bss..L_MergedGlobals)
    [Anonymous Symbol]                       0x20000070   Section        0  task.o(.bss..L_MergedGlobals)
    Heap_Mem                                 0x20000230   Data         512  startup_stm32wle5xx.o(HEAP)
    HEAP                                     0x20000230   Section      512  startup_stm32wle5xx.o(HEAP)
    Stack_Mem                                0x20000430   Data        1024  startup_stm32wle5xx.o(STACK)
    STACK                                    0x20000430   Section     1024  startup_stm32wle5xx.o(STACK)
    __initial_sp                             0x20000830   Data           0  startup_stm32wle5xx.o(STACK)

    Global Symbols

    Symbol Name                              Value     Ov Type        Size  Object(Section)

    BuildAttributes$$THM_ISAv4$E$P$D$K$B$S$7EM$PE$A:L22UL41UL21$X:L11$S22US41US21$IEEE1$IW$~IW$USESV6$~STKCKD$USESV7$~SHL$OTIME$ROPI$IEEEF$EBA8$UX$STANDARDLIB$REQ8$PRES8$EABIv2 0x00000000   Number         0  anon$$obj.o ABSOLUTE
    _printf_flags                            0x00000000   Number         0  printf_stubs.o ABSOLUTE
    _printf_return_value                     0x00000000   Number         0  printf_stubs.o ABSOLUTE
    _printf_sizespec                         0x00000000   Number         0  printf_stubs.o ABSOLUTE
    _printf_widthprec                        0x00000000   Number         0  printf_stubs.o ABSOLUTE
    __ARM_exceptions_init                     - Undefined Weak Reference
    __alloca_initialize                       - Undefined Weak Reference
    __arm_preinit_                            - Undefined Weak Reference
    __cpp_initialize__aeabi_                  - Undefined Weak Reference
    __cxa_finalize                            - Undefined Weak Reference
    __rt_locale                               - Undefined Weak Reference
    __sigvec_lookup                           - Undefined Weak Reference
    _atexit_init                              - Undefined Weak Reference
    _call_atexit_fns                          - Undefined Weak Reference
    _clock_init                               - Undefined Weak Reference
    _fp_trap_init                             - Undefined Weak Reference
    _fp_trap_shutdown                         - Undefined Weak Reference
    _get_lc_collate                           - Undefined Weak Reference
    _get_lc_ctype                             - Undefined Weak Reference
    _get_lc_monetary                          - Undefined Weak Reference
    _get_lc_numeric                           - Undefined Weak Reference
    _get_lc_time                              - Undefined Weak Reference
    _getenv_init                              - Undefined Weak Reference
    _handle_redirection                       - Undefined Weak Reference
    _init_alloc                               - Undefined Weak Reference
    _init_user_alloc                          - Undefined Weak Reference
    _initio                                   - Undefined Weak Reference
    _printf_truncate_signed                   - Undefined Weak Reference
    _printf_truncate_unsigned                 - Undefined Weak Reference
    _rand_init                                - Undefined Weak Reference
    _signal_finish                            - Undefined Weak Reference
    _signal_init                              - Undefined Weak Reference
    _terminate_alloc                          - Undefined Weak Reference
    _terminate_user_alloc                     - Undefined Weak Reference
    _terminateio                              - Undefined Weak Reference
    __Vectors_Size                           0x00000138   Number         0  startup_stm32wle5xx.o ABSOLUTE
    __Vectors                                0x08000000   Data           4  startup_stm32wle5xx.o(RESET)
    __Vectors_End                            0x08000138   Data           0  startup_stm32wle5xx.o(RESET)
    __main                                   0x08000139   Thumb Code     8  __main.o(!!!main)
    __scatterload                            0x08000141   Thumb Code     0  __scatter.o(!!!scatter)
    __scatterload_rt2                        0x08000141   Thumb Code    44  __scatter.o(!!!scatter)
    __scatterload_rt2_thumb_only             0x08000141   Thumb Code     0  __scatter.o(!!!scatter)
    __scatterload_null                       0x0800014f   Thumb Code     0  __scatter.o(!!!scatter)
    __scatterload_copy                       0x08000175   Thumb Code    26  __scatter_copy.o(!!handler_copy)
    __scatterload_zeroinit                   0x08000191   Thumb Code    28  __scatter_zi.o(!!handler_zi)
    _printf_d                                0x080001ad   Thumb Code     0  _printf_d.o(.ARM.Collect$$_printf_percent$$00000009)
    _printf_percent                          0x080001ad   Thumb Code     0  _printf_percent.o(.ARM.Collect$$_printf_percent$$00000000)
    _printf_percent_end                      0x080001b3   Thumb Code     0  _printf_percent_end.o(.ARM.Collect$$_printf_percent$$00000017)
    __rt_lib_init                            0x080001b7   Thumb Code     0  libinit.o(.ARM.Collect$$libinit$$00000000)
    __rt_lib_init_fp_1                       0x080001b9   Thumb Code     0  libinit2.o(.ARM.Collect$$libinit$$00000001)
    __rt_lib_init_alloca_1                   0x080001bd   Thumb Code     0  libinit2.o(.ARM.Collect$$libinit$$0000002E)
    __rt_lib_init_argv_1                     0x080001bd   Thumb Code     0  libinit2.o(.ARM.Collect$$libinit$$0000002C)
    __rt_lib_init_atexit_1                   0x080001bd   Thumb Code     0  libinit2.o(.ARM.Collect$$libinit$$0000001B)
    __rt_lib_init_clock_1                    0x080001bd   Thumb Code     0  libinit2.o(.ARM.Collect$$libinit$$00000021)
    __rt_lib_init_cpp_1                      0x080001bd   Thumb Code     0  libinit2.o(.ARM.Collect$$libinit$$00000032)
    __rt_lib_init_exceptions_1               0x080001bd   Thumb Code     0  libinit2.o(.ARM.Collect$$libinit$$00000030)
    __rt_lib_init_fp_trap_1                  0x080001bd   Thumb Code     0  libinit2.o(.ARM.Collect$$libinit$$0000001F)
    __rt_lib_init_getenv_1                   0x080001bd   Thumb Code     0  libinit2.o(.ARM.Collect$$libinit$$00000023)
    __rt_lib_init_heap_1                     0x080001bd   Thumb Code     0  libinit2.o(.ARM.Collect$$libinit$$0000000A)
    __rt_lib_init_lc_collate_1               0x080001bd   Thumb Code     0  libinit2.o(.ARM.Collect$$libinit$$00000011)
    __rt_lib_init_lc_ctype_1                 0x080001bd   Thumb Code     0  libinit2.o(.ARM.Collect$$libinit$$00000013)
    __rt_lib_init_lc_monetary_1              0x080001bd   Thumb Code     0  libinit2.o(.ARM.Collect$$libinit$$00000015)
    __rt_lib_init_lc_numeric_1               0x080001bd   Thumb Code     0  libinit2.o(.ARM.Collect$$libinit$$00000017)
    __rt_lib_init_lc_time_1                  0x080001bd   Thumb Code     0  libinit2.o(.ARM.Collect$$libinit$$00000019)
    __rt_lib_init_preinit_1                  0x080001bd   Thumb Code     0  libinit2.o(.ARM.Collect$$libinit$$00000004)
    __rt_lib_init_rand_1                     0x080001bd   Thumb Code     0  libinit2.o(.ARM.Collect$$libinit$$0000000E)
    __rt_lib_init_return                     0x080001bd   Thumb Code     0  libinit2.o(.ARM.Collect$$libinit$$00000033)
    __rt_lib_init_signal_1                   0x080001bd   Thumb Code     0  libinit2.o(.ARM.Collect$$libinit$$0000001D)
    __rt_lib_init_stdio_1                    0x080001bd   Thumb Code     0  libinit2.o(.ARM.Collect$$libinit$$00000025)
    __rt_lib_init_user_alloc_1               0x080001bd   Thumb Code     0  libinit2.o(.ARM.Collect$$libinit$$0000000C)
    __rt_lib_shutdown                        0x080001bf   Thumb Code     0  libshutdown.o(.ARM.Collect$$libshutdown$$00000000)
    __rt_lib_shutdown_cpp_1                  0x080001c1   Thumb Code     0  libshutdown2.o(.ARM.Collect$$libshutdown$$00000002)
    __rt_lib_shutdown_fp_trap_1              0x080001c1   Thumb Code     0  libshutdown2.o(.ARM.Collect$$libshutdown$$00000007)
    __rt_lib_shutdown_heap_1                 0x080001c1   Thumb Code     0  libshutdown2.o(.ARM.Collect$$libshutdown$$0000000F)
    __rt_lib_shutdown_return                 0x080001c1   Thumb Code     0  libshutdown2.o(.ARM.Collect$$libshutdown$$00000010)
    __rt_lib_shutdown_signal_1               0x080001c1   Thumb Code     0  libshutdown2.o(.ARM.Collect$$libshutdown$$0000000A)
    __rt_lib_shutdown_stdio_1                0x080001c1   Thumb Code     0  libshutdown2.o(.ARM.Collect$$libshutdown$$00000004)
    __rt_lib_shutdown_user_alloc_1           0x080001c1   Thumb Code     0  libshutdown2.o(.ARM.Collect$$libshutdown$$0000000C)
    __rt_entry                               0x080001c3   Thumb Code     0  __rtentry.o(.ARM.Collect$$rtentry$$00000000)
    __rt_entry_presh_1                       0x080001c3   Thumb Code     0  __rtentry2.o(.ARM.Collect$$rtentry$$00000002)
    __rt_entry_sh                            0x080001c3   Thumb Code     0  __rtentry4.o(.ARM.Collect$$rtentry$$00000004)
    __rt_entry_li                            0x080001c9   Thumb Code     0  __rtentry2.o(.ARM.Collect$$rtentry$$0000000A)
    __rt_entry_postsh_1                      0x080001c9   Thumb Code     0  __rtentry2.o(.ARM.Collect$$rtentry$$00000009)
    __rt_entry_main                          0x080001cd   Thumb Code     0  __rtentry2.o(.ARM.Collect$$rtentry$$0000000D)
    __rt_entry_postli_1                      0x080001cd   Thumb Code     0  __rtentry2.o(.ARM.Collect$$rtentry$$0000000C)
    __rt_exit                                0x080001d5   Thumb Code     0  rtexit.o(.ARM.Collect$$rtexit$$00000000)
    __rt_exit_ls                             0x080001d7   Thumb Code     0  rtexit2.o(.ARM.Collect$$rtexit$$00000003)
    __rt_exit_prels_1                        0x080001d7   Thumb Code     0  rtexit2.o(.ARM.Collect$$rtexit$$00000002)
    __rt_exit_exit                           0x080001db   Thumb Code     0  rtexit2.o(.ARM.Collect$$rtexit$$00000004)
    Reset_Handler                            0x080001e1   Thumb Code     8  startup_stm32wle5xx.o(.text)
    ADC_IRQHandler                           0x080001fb   Thumb Code     0  startup_stm32wle5xx.o(.text)
    AES_IRQHandler                           0x080001fb   Thumb Code     0  startup_stm32wle5xx.o(.text)
    COMP_IRQHandler                          0x080001fb   Thumb Code     0  startup_stm32wle5xx.o(.text)
    DAC_IRQHandler                           0x080001fb   Thumb Code     0  startup_stm32wle5xx.o(.text)
    DMA1_Channel1_IRQHandler                 0x080001fb   Thumb Code     0  startup_stm32wle5xx.o(.text)
    DMA1_Channel2_IRQHandler                 0x080001fb   Thumb Code     0  startup_stm32wle5xx.o(.text)
    DMA1_Channel3_IRQHandler                 0x080001fb   Thumb Code     0  startup_stm32wle5xx.o(.text)
    DMA1_Channel4_IRQHandler                 0x080001fb   Thumb Code     0  startup_stm32wle5xx.o(.text)
    DMA1_Channel5_IRQHandler                 0x080001fb   Thumb Code     0  startup_stm32wle5xx.o(.text)
    DMA1_Channel6_IRQHandler                 0x080001fb   Thumb Code     0  startup_stm32wle5xx.o(.text)
    DMA1_Channel7_IRQHandler                 0x080001fb   Thumb Code     0  startup_stm32wle5xx.o(.text)
    DMA2_Channel1_IRQHandler                 0x080001fb   Thumb Code     0  startup_stm32wle5xx.o(.text)
    DMA2_Channel2_IRQHandler                 0x080001fb   Thumb Code     0  startup_stm32wle5xx.o(.text)
    DMA2_Channel3_IRQHandler                 0x080001fb   Thumb Code     0  startup_stm32wle5xx.o(.text)
    DMA2_Channel4_IRQHandler                 0x080001fb   Thumb Code     0  startup_stm32wle5xx.o(.text)
    DMA2_Channel5_IRQHandler                 0x080001fb   Thumb Code     0  startup_stm32wle5xx.o(.text)
    DMA2_Channel6_IRQHandler                 0x080001fb   Thumb Code     0  startup_stm32wle5xx.o(.text)
    DMA2_Channel7_IRQHandler                 0x080001fb   Thumb Code     0  startup_stm32wle5xx.o(.text)
    DMAMUX1_OVR_IRQHandler                   0x080001fb   Thumb Code     0  startup_stm32wle5xx.o(.text)
    EXTI0_IRQHandler                         0x080001fb   Thumb Code     0  startup_stm32wle5xx.o(.text)
    EXTI15_10_IRQHandler                     0x080001fb   Thumb Code     0  startup_stm32wle5xx.o(.text)
    EXTI1_IRQHandler                         0x080001fb   Thumb Code     0  startup_stm32wle5xx.o(.text)
    EXTI2_IRQHandler                         0x080001fb   Thumb Code     0  startup_stm32wle5xx.o(.text)
    EXTI3_IRQHandler                         0x080001fb   Thumb Code     0  startup_stm32wle5xx.o(.text)
    EXTI4_IRQHandler                         0x080001fb   Thumb Code     0  startup_stm32wle5xx.o(.text)
    EXTI9_5_IRQHandler                       0x080001fb   Thumb Code     0  startup_stm32wle5xx.o(.text)
    FLASH_IRQHandler                         0x080001fb   Thumb Code     0  startup_stm32wle5xx.o(.text)
    HSEM_IRQHandler                          0x080001fb   Thumb Code     0  startup_stm32wle5xx.o(.text)
    I2C1_ER_IRQHandler                       0x080001fb   Thumb Code     0  startup_stm32wle5xx.o(.text)
    I2C1_EV_IRQHandler                       0x080001fb   Thumb Code     0  startup_stm32wle5xx.o(.text)
    I2C2_ER_IRQHandler                       0x080001fb   Thumb Code     0  startup_stm32wle5xx.o(.text)
    I2C2_EV_IRQHandler                       0x080001fb   Thumb Code     0  startup_stm32wle5xx.o(.text)
    I2C3_ER_IRQHandler                       0x080001fb   Thumb Code     0  startup_stm32wle5xx.o(.text)
    I2C3_EV_IRQHandler                       0x080001fb   Thumb Code     0  startup_stm32wle5xx.o(.text)
    LPTIM1_IRQHandler                        0x080001fb   Thumb Code     0  startup_stm32wle5xx.o(.text)
    LPTIM2_IRQHandler                        0x080001fb   Thumb Code     0  startup_stm32wle5xx.o(.text)
    LPTIM3_IRQHandler                        0x080001fb   Thumb Code     0  startup_stm32wle5xx.o(.text)
    LPUART1_IRQHandler                       0x080001fb   Thumb Code     0  startup_stm32wle5xx.o(.text)
    PKA_IRQHandler                           0x080001fb   Thumb Code     0  startup_stm32wle5xx.o(.text)
    PVD_PVM_IRQHandler                       0x080001fb   Thumb Code     0  startup_stm32wle5xx.o(.text)
    RCC_IRQHandler                           0x080001fb   Thumb Code     0  startup_stm32wle5xx.o(.text)
    RNG_IRQHandler                           0x080001fb   Thumb Code     0  startup_stm32wle5xx.o(.text)
    RTC_Alarm_IRQHandler                     0x080001fb   Thumb Code     0  startup_stm32wle5xx.o(.text)
    RTC_WKUP_IRQHandler                      0x080001fb   Thumb Code     0  startup_stm32wle5xx.o(.text)
    SPI1_IRQHandler                          0x080001fb   Thumb Code     0  startup_stm32wle5xx.o(.text)
    SPI2_IRQHandler                          0x080001fb   Thumb Code     0  startup_stm32wle5xx.o(.text)
    SUBGHZSPI_IRQHandler                     0x080001fb   Thumb Code     0  startup_stm32wle5xx.o(.text)
    TAMP_STAMP_LSECSS_SSRU_IRQHandler        0x080001fb   Thumb Code     0  startup_stm32wle5xx.o(.text)
    TIM16_IRQHandler                         0x080001fb   Thumb Code     0  startup_stm32wle5xx.o(.text)
    TIM17_IRQHandler                         0x080001fb   Thumb Code     0  startup_stm32wle5xx.o(.text)
    TIM1_BRK_IRQHandler                      0x080001fb   Thumb Code     0  startup_stm32wle5xx.o(.text)
    TIM1_CC_IRQHandler                       0x080001fb   Thumb Code     0  startup_stm32wle5xx.o(.text)
    TIM1_TRG_COM_IRQHandler                  0x080001fb   Thumb Code     0  startup_stm32wle5xx.o(.text)
    TIM1_UP_IRQHandler                       0x080001fb   Thumb Code     0  startup_stm32wle5xx.o(.text)
    USART1_IRQHandler                        0x080001fb   Thumb Code     0  startup_stm32wle5xx.o(.text)
    USART2_IRQHandler                        0x080001fb   Thumb Code     0  startup_stm32wle5xx.o(.text)
    WWDG_IRQHandler                          0x080001fb   Thumb Code     0  startup_stm32wle5xx.o(.text)
    __user_initial_stackheap                 0x080001fd   Thumb Code     0  startup_stm32wle5xx.o(.text)
    __aeabi_uldivmod                         0x08000221   Thumb Code     0  lludivv7m.o(.text)
    _ll_udiv                                 0x08000221   Thumb Code   240  lludivv7m.o(.text)
    __2sprintf                               0x08000311   Thumb Code    34  noretval__2sprintf.o(.text)
    _printf_pre_padding                      0x08000339   Thumb Code    44  _printf_pad.o(.text)
    _printf_post_padding                     0x08000365   Thumb Code    34  _printf_pad.o(.text)
    _printf_int_dec                          0x08000389   Thumb Code   104  _printf_dec.o(.text)
    __printf                                 0x08000401   Thumb Code   270  __printf_wp.o(.text)
    __aeabi_memclr4                          0x0800050f   Thumb Code     0  rt_memclr_w.o(.text)
    __aeabi_memclr8                          0x0800050f   Thumb Code     0  rt_memclr_w.o(.text)
    __rt_memclr_w                            0x0800050f   Thumb Code    78  rt_memclr_w.o(.text)
    _memset_w                                0x08000513   Thumb Code     0  rt_memclr_w.o(.text)
    __use_two_region_memory                  0x0800055d   Thumb Code     2  heapauxi.o(.text)
    __rt_heap_escrow$2region                 0x0800055f   Thumb Code     2  heapauxi.o(.text)
    __rt_heap_expand$2region                 0x08000561   Thumb Code     2  heapauxi.o(.text)
    _printf_int_common                       0x08000563   Thumb Code   178  _printf_intcommon.o(.text)
    _printf_char_common                      0x0800061f   Thumb Code    32  _printf_char_common.o(.text)
    _sputc                                   0x08000645   Thumb Code    10  _sputc.o(.text)
    __user_setup_stackheap                   0x0800064f   Thumb Code    74  sys_stackheap_outer.o(.text)
    exit                                     0x08000699   Thumb Code    18  exit.o(.text)
    __user_libspace                          0x080006ad   Thumb Code     8  libspace.o(.text)
    __user_perproc_libspace                  0x080006ad   Thumb Code     0  libspace.o(.text)
    __user_perthread_libspace                0x080006ad   Thumb Code     0  libspace.o(.text)
    _sys_exit                                0x080006b5   Thumb Code     8  sys_exit.o(.text)
    __I$use$semihosting                      0x080006c1   Thumb Code     0  use_no_semi.o(.text)
    __use_no_semihosting_swi                 0x080006c1   Thumb Code     2  use_no_semi.o(.text)
    __semihosting_library_function           0x080006c3   Thumb Code     0  indicate_semi.o(.text)
    __rt_fp_status_addr                      0x080006c5   Thumb Code     8  rt_fp_status_addr_intlibspace.o(.text)
    BSP_Init                                 0x080006cd   Thumb Code    18  task.o(.text.BSP_Init)
    BSP_RADIO_Init                           0x080006e1   Thumb Code    78  lora.o(.text.BSP_RADIO_Init)
    BusFault_Handler                         0x08000731   Thumb Code     2  stm32wlxx_it.o(.text.BusFault_Handler)
    DebugMon_Handler                         0x08000735   Thumb Code     2  stm32wlxx_it.o(.text.DebugMon_Handler)
    Error_Handler                            0x08000739   Thumb Code    10  main.o(.text.Error_Handler)
    HAL_ADC_ConfigChannel                    0x08000745   Thumb Code   614  stm32wlxx_hal_adc.o(.text.HAL_ADC_ConfigChannel)
    HAL_ADC_Init                             0x080009ad   Thumb Code   630  stm32wlxx_hal_adc.o(.text.HAL_ADC_Init)
    HAL_ADC_MspInit                          0x08000c25   Thumb Code   104  adc.o(.text.HAL_ADC_MspInit)
    HAL_Delay                                0x08000c8d   Thumb Code    40  stm32wlxx_hal.o(.text.HAL_Delay)
    HAL_GPIO_Init                            0x08000cb5   Thumb Code   468  stm32wlxx_hal_gpio.o(.text.HAL_GPIO_Init)
    HAL_GPIO_ReadPin                         0x08000e89   Thumb Code    10  stm32wlxx_hal_gpio.o(.text.HAL_GPIO_ReadPin)
    HAL_GPIO_WritePin                        0x08000e95   Thumb Code    12  stm32wlxx_hal_gpio.o(.text.HAL_GPIO_WritePin)
    HAL_GetTick                              0x08000ea1   Thumb Code    12  stm32wlxx_hal.o(.text.HAL_GetTick)
    HAL_I2CEx_ConfigAnalogFilter             0x08000ead   Thumb Code    74  stm32wlxx_hal_i2c_ex.o(.text.HAL_I2CEx_ConfigAnalogFilter)
    HAL_I2CEx_ConfigDigitalFilter            0x08000ef9   Thumb Code    72  stm32wlxx_hal_i2c_ex.o(.text.HAL_I2CEx_ConfigDigitalFilter)
    HAL_I2C_Init                             0x08000f41   Thumb Code   162  stm32wlxx_hal_i2c.o(.text.HAL_I2C_Init)
    HAL_I2C_Master_Transmit                  0x08000fe5   Thumb Code   624  stm32wlxx_hal_i2c.o(.text.HAL_I2C_Master_Transmit)
    HAL_I2C_MspInit                          0x08001255   Thumb Code   146  i2c.o(.text.HAL_I2C_MspInit)
    HAL_IncTick                              0x080012e9   Thumb Code    26  stm32wlxx_hal.o(.text.HAL_IncTick)
    HAL_Init                                 0x08001305   Thumb Code    44  stm32wlxx_hal.o(.text.HAL_Init)
    HAL_InitTick                             0x08001331   Thumb Code    74  stm32wlxx_hal.o(.text.HAL_InitTick)
    HAL_MspInit                              0x0800137d   Thumb Code     6  stm32wlxx_hal_msp.o(.text.HAL_MspInit)
    HAL_NVIC_EnableIRQ                       0x08001385   Thumb Code    32  stm32wlxx_hal_cortex.o(.text.HAL_NVIC_EnableIRQ)
    HAL_NVIC_SetPriority                     0x080013a5   Thumb Code    86  stm32wlxx_hal_cortex.o(.text.HAL_NVIC_SetPriority)
    HAL_NVIC_SetPriorityGrouping             0x080013fd   Thumb Code    32  stm32wlxx_hal_cortex.o(.text.HAL_NVIC_SetPriorityGrouping)
    HAL_PWREx_GetVoltageRange                0x0800141d   Thumb Code    16  stm32wlxx_hal_pwr_ex.o(.text.HAL_PWREx_GetVoltageRange)
    HAL_PWR_EnableBkUpAccess                 0x0800142d   Thumb Code    18  stm32wlxx_hal_pwr.o(.text.HAL_PWR_EnableBkUpAccess)
    HAL_RCCEx_PeriphCLKConfig                0x08001441   Thumb Code   522  stm32wlxx_hal_rcc_ex.o(.text.HAL_RCCEx_PeriphCLKConfig)
    HAL_RCC_ClockConfig                      0x0800164d   Thumb Code   502  stm32wlxx_hal_rcc.o(.text.HAL_RCC_ClockConfig)
    HAL_RCC_GetHCLKFreq                      0x08001845   Thumb Code    36  stm32wlxx_hal_rcc.o(.text.HAL_RCC_GetHCLKFreq)
    HAL_RCC_GetPCLK1Freq                     0x08001869   Thumb Code    56  stm32wlxx_hal_rcc.o(.text.HAL_RCC_GetPCLK1Freq)
    HAL_RCC_GetPCLK2Freq                     0x080018a1   Thumb Code    56  stm32wlxx_hal_rcc.o(.text.HAL_RCC_GetPCLK2Freq)
    HAL_RCC_GetSysClockFreq                  0x080018d9   Thumb Code   238  stm32wlxx_hal_rcc.o(.text.HAL_RCC_GetSysClockFreq)
    HAL_RCC_OscConfig                        0x080019c9   Thumb Code  1882  stm32wlxx_hal_rcc.o(.text.HAL_RCC_OscConfig)
    HAL_SUBGHZ_CADStatusCallback             0x08002125   Thumb Code     2  stm32wlxx_hal_subghz.o(.text.HAL_SUBGHZ_CADStatusCallback)
    HAL_SUBGHZ_CRCErrorCallback              0x08002129   Thumb Code     2  stm32wlxx_hal_subghz.o(.text.HAL_SUBGHZ_CRCErrorCallback)
    HAL_SUBGHZ_ExecGetCmd                    0x0800212d   Thumb Code   842  stm32wlxx_hal_subghz.o(.text.HAL_SUBGHZ_ExecGetCmd)
    HAL_SUBGHZ_ExecSetCmd                    0x08002479   Thumb Code   702  stm32wlxx_hal_subghz.o(.text.HAL_SUBGHZ_ExecSetCmd)
    HAL_SUBGHZ_HeaderErrorCallback           0x08002739   Thumb Code     2  stm32wlxx_hal_subghz.o(.text.HAL_SUBGHZ_HeaderErrorCallback)
    HAL_SUBGHZ_HeaderValidCallback           0x0800273d   Thumb Code     2  stm32wlxx_hal_subghz.o(.text.HAL_SUBGHZ_HeaderValidCallback)
    HAL_SUBGHZ_IRQHandler                    0x08002741   Thumb Code   196  stm32wlxx_hal_subghz.o(.text.HAL_SUBGHZ_IRQHandler)
    HAL_SUBGHZ_Init                          0x08002805   Thumb Code   292  stm32wlxx_hal_subghz.o(.text.HAL_SUBGHZ_Init)
    HAL_SUBGHZ_LrFhssHopCallback             0x08002929   Thumb Code     2  stm32wlxx_hal_subghz.o(.text.HAL_SUBGHZ_LrFhssHopCallback)
    HAL_SUBGHZ_MspInit                       0x0800292d   Thumb Code    50  subghz.o(.text.HAL_SUBGHZ_MspInit)
    HAL_SUBGHZ_PreambleDetectedCallback      0x08002961   Thumb Code     2  stm32wlxx_hal_subghz.o(.text.HAL_SUBGHZ_PreambleDetectedCallback)
    HAL_SUBGHZ_ReadBuffer                    0x08002965   Thumb Code  1010  stm32wlxx_hal_subghz.o(.text.HAL_SUBGHZ_ReadBuffer)
    HAL_SUBGHZ_RxCpltCallback                0x08002d59   Thumb Code     2  stm32wlxx_hal_subghz.o(.text.HAL_SUBGHZ_RxCpltCallback)
    HAL_SUBGHZ_RxTxTimeoutCallback           0x08002d5d   Thumb Code     2  stm32wlxx_hal_subghz.o(.text.HAL_SUBGHZ_RxTxTimeoutCallback)
    HAL_SUBGHZ_SyncWordValidCallback         0x08002d61   Thumb Code     2  stm32wlxx_hal_subghz.o(.text.HAL_SUBGHZ_SyncWordValidCallback)
    HAL_SUBGHZ_TxCpltCallback                0x08002d65   Thumb Code     2  stm32wlxx_hal_subghz.o(.text.HAL_SUBGHZ_TxCpltCallback)
    HAL_SUBGHZ_WriteBuffer                   0x08002d69   Thumb Code   842  stm32wlxx_hal_subghz.o(.text.HAL_SUBGHZ_WriteBuffer)
    HAL_SYSTICK_Config                       0x080030b5   Thumb Code    44  stm32wlxx_hal_cortex.o(.text.HAL_SYSTICK_Config)
    HAL_TIMEx_Break2Callback                 0x080030e1   Thumb Code     2  stm32wlxx_hal_tim_ex.o(.text.HAL_TIMEx_Break2Callback)
    HAL_TIMEx_BreakCallback                  0x080030e5   Thumb Code     2  stm32wlxx_hal_tim_ex.o(.text.HAL_TIMEx_BreakCallback)
    HAL_TIMEx_CommutCallback                 0x080030e9   Thumb Code     2  stm32wlxx_hal_tim_ex.o(.text.HAL_TIMEx_CommutCallback)
    HAL_TIMEx_MasterConfigSynchronization    0x080030ed   Thumb Code    98  stm32wlxx_hal_tim_ex.o(.text.HAL_TIMEx_MasterConfigSynchronization)
    HAL_TIM_Base_Init                        0x08003151   Thumb Code   222  stm32wlxx_hal_tim.o(.text.HAL_TIM_Base_Init)
    HAL_TIM_Base_MspInit                     0x08003231   Thumb Code    62  tim.o(.text.HAL_TIM_Base_MspInit)
    HAL_TIM_ConfigClockSource                0x08003271   Thumb Code   434  stm32wlxx_hal_tim.o(.text.HAL_TIM_ConfigClockSource)
    HAL_TIM_IC_CaptureCallback               0x08003425   Thumb Code     2  stm32wlxx_hal_tim.o(.text.HAL_TIM_IC_CaptureCallback)
    HAL_TIM_IRQHandler                       0x08003429   Thumb Code   392  stm32wlxx_hal_tim.o(.text.HAL_TIM_IRQHandler)
    HAL_TIM_OC_DelayElapsedCallback          0x080035b1   Thumb Code     2  stm32wlxx_hal_tim.o(.text.HAL_TIM_OC_DelayElapsedCallback)
    HAL_TIM_PWM_PulseFinishedCallback        0x080035b5   Thumb Code     2  stm32wlxx_hal_tim.o(.text.HAL_TIM_PWM_PulseFinishedCallback)
    HAL_TIM_PeriodElapsedCallback            0x080035b9   Thumb Code     2  stm32wlxx_hal_tim.o(.text.HAL_TIM_PeriodElapsedCallback)
    HAL_TIM_TriggerCallback                  0x080035bd   Thumb Code     2  stm32wlxx_hal_tim.o(.text.HAL_TIM_TriggerCallback)
    HAL_UARTEx_DisableFifoMode               0x080035c1   Thumb Code    54  stm32wlxx_hal_uart_ex.o(.text.HAL_UARTEx_DisableFifoMode)
    HAL_UARTEx_SetRxFifoThreshold            0x080035f9   Thumb Code   144  stm32wlxx_hal_uart_ex.o(.text.HAL_UARTEx_SetRxFifoThreshold)
    HAL_UARTEx_SetTxFifoThreshold            0x08003689   Thumb Code   144  stm32wlxx_hal_uart_ex.o(.text.HAL_UARTEx_SetTxFifoThreshold)
    HAL_UART_Init                            0x08003719   Thumb Code   200  stm32wlxx_hal_uart.o(.text.HAL_UART_Init)
    HAL_UART_MspInit                         0x080037e1   Thumb Code   140  usart.o(.text.HAL_UART_MspInit)
    HardFault_Handler                        0x0800386d   Thumb Code     2  stm32wlxx_it.o(.text.HardFault_Handler)
    KEY_Proc                                 0x08003a61   Thumb Code   184  task.o(.text.KEY_Proc)
    LORA_Init                                0x08003b19   Thumb Code   278  lora.o(.text.LORA_Init)
    LORA_Rx                                  0x08003c31   Thumb Code   148  lora.o(.text.LORA_Rx)
    LORA_Tx                                  0x08003cc5   Thumb Code   200  lora.o(.text.LORA_Tx)
    LoRa_Proc                                0x08003d8d   Thumb Code    84  task.o(.text.LoRa_Proc)
    MX_ADC_Init                              0x08003de1   Thumb Code   126  adc.o(.text.MX_ADC_Init)
    MX_GPIO_Init                             0x08003e61   Thumb Code   132  gpio.o(.text.MX_GPIO_Init)
    MX_I2C1_Init                             0x08003ee5   Thumb Code   108  i2c.o(.text.MX_I2C1_Init)
    MX_SUBGHZ_Init                           0x08003f51   Thumb Code    32  subghz.o(.text.MX_SUBGHZ_Init)
    MX_TIM2_Init                             0x08003f71   Thumb Code   126  tim.o(.text.MX_TIM2_Init)
    MX_USART2_UART_Init                      0x08003ff1   Thumb Code   130  usart.o(.text.MX_USART2_UART_Init)
    MemManage_Handler                        0x08004075   Thumb Code     2  stm32wlxx_it.o(.text.MemManage_Handler)
    NMI_Handler                              0x08004079   Thumb Code     2  stm32wlxx_it.o(.text.NMI_Handler)
    OLED_Clear                               0x0800407d   Thumb Code   180  oled.o(.text.OLED_Clear)
    OLED_Init                                0x08004131   Thumb Code   198  oled.o(.text.OLED_Init)
    OLED_Proc                                0x080041f9   Thumb Code   192  task.o(.text.OLED_Proc)
    OLED_ShowChar                            0x080042b9   Thumb Code   364  oled.o(.text.OLED_ShowChar)
    OLED_ShowString                          0x08004425   Thumb Code    64  oled.o(.text.OLED_ShowString)
    OLED_Write                               0x08004465   Thumb Code    44  i2c.o(.text.OLED_Write)
    PendSV_Handler                           0x08004491   Thumb Code     2  stm32wlxx_it.o(.text.PendSV_Handler)
    SUBGHZ_Radio_IRQHandler                  0x08004495   Thumb Code    12  stm32wlxx_it.o(.text.SUBGHZ_Radio_IRQHandler)
    SVC_Handler                              0x080044a1   Thumb Code     2  stm32wlxx_it.o(.text.SVC_Handler)
    SysTick_Handler                          0x080044a5   Thumb Code    36  stm32wlxx_it.o(.text.SysTick_Handler)
    SystemInit                               0x080044c9   Thumb Code     2  system_stm32wlxx.o(.text.SystemInit)
    TIM2_IRQHandler                          0x080044cd   Thumb Code    12  stm32wlxx_it.o(.text.TIM2_IRQHandler)
    UART_AdvFeatureConfig                    0x080044d9   Thumb Code   230  stm32wlxx_hal_uart.o(.text.UART_AdvFeatureConfig)
    UART_SetConfig                           0x080045c1   Thumb Code   616  stm32wlxx_hal_uart.o(.text.UART_SetConfig)
    UART_WaitOnFlagUntilTimeout              0x08004829   Thumb Code   532  stm32wlxx_hal_uart.o(.text.UART_WaitOnFlagUntilTimeout)
    UsageFault_Handler                       0x08004a3d   Thumb Code     2  stm32wlxx_it.o(.text.UsageFault_Handler)
    main                                     0x08004a41   Thumb Code   166  main.o(.text.main)
    _is_digit                                0x08004ae7   Thumb Code    14  __printf_wp.o(i._is_digit)
    _fp_init                                 0x08004af5   Thumb Code    14  fpinit.o(x$fpl$fpinit)
    __fplib_config_pureend_doubles           0x08004b01   Thumb Code     0  fpinit.o(x$fpl$fpinit)
    AHBPrescTable                            0x08004b10   Data          64  system_stm32wlxx.o(.rodata.AHBPrescTable)
    APBPrescTable                            0x08004b50   Data          32  system_stm32wlxx.o(.rodata.APBPrescTable)
    MSIRangeTable                            0x08004b70   Data          64  system_stm32wlxx.o(.rodata.MSIRangeTable)
    UARTPrescTable                           0x08004bb0   Data          24  stm32wlxx_hal_uart.o(.rodata.UARTPrescTable)
    g_F6x8                                   0x08004be8   Data         552  oled.o(.rodata.g_F6x8)
    g_F8X16                                  0x08004e10   Data        1520  oled.o(.rodata.g_F8X16)
    Region$$Table$$Base                      0x08005400   Number         0  anon$$obj.o(Region$$Table)
    Region$$Table$$Limit                     0x08005420   Number         0  anon$$obj.o(Region$$Table)
    uwTickFreq                               0x20000000   Data           1  stm32wlxx_hal.o(.data..L_MergedGlobals)
    uwTickPrio                               0x20000004   Data           4  stm32wlxx_hal.o(.data..L_MergedGlobals)
    SystemCoreClock                          0x20000008   Data           4  system_stm32wlxx.o(.data.SystemCoreClock)
    __libspace_start                         0x20000010   Data          96  libspace.o(.bss)
    State                                    0x20000070   Data           1  task.o(.bss..L_MergedGlobals)
    __temporary_stack_top$libspace           0x20000070   Data           0  libspace.o(.bss)
    Old_State                                0x20000071   Data           1  task.o(.bss..L_MergedGlobals)
    Task_Time                                0x20000072   Data           2  task.o(.bss..L_MergedGlobals)
    KEY                                      0x20000074   Data           3  task.o(.bss..L_MergedGlobals)
    LoRa_TX_Buf                              0x20000077   Data           5  task.o(.bss..L_MergedGlobals)
    LoRa_RX_Buf                              0x2000007c   Data           5  task.o(.bss..L_MergedGlobals)
    hadc                                     0x20000084   Data         100  adc.o(.bss.hadc)
    hi2c1                                    0x200000e8   Data          84  i2c.o(.bss.hi2c1)
    hsubghz                                  0x2000013c   Data          12  subghz.o(.bss.hsubghz)
    htim2                                    0x20000148   Data          76  tim.o(.bss.htim2)
    huart2                                   0x20000194   Data         148  usart.o(.bss.huart2)
    uwTick                                   0x20000228   Data           4  stm32wlxx_hal.o(.bss.uwTick)



==============================================================================

Memory Map of the image

  Image Entry point : 0x08000139

  Load Region LR_IROM1 (Base: 0x08000000, Size: 0x00005430, Max: 0x00040000, ABSOLUTE)

    Execution Region ER_IROM1 (Exec base: 0x08000000, Load base: 0x08000000, Size: 0x00005420, Max: 0x00040000, ABSOLUTE)

    Exec Addr    Load Addr    Size         Type   Attr      Idx    E Section Name        Object

    0x08000000   0x08000000   0x00000138   Data   RO            4    RESET               startup_stm32wle5xx.o
    0x08000138   0x08000138   0x00000008   Code   RO         1604  * !!!main             c_w.l(__main.o)
    0x08000140   0x08000140   0x00000034   Code   RO         1791    !!!scatter          c_w.l(__scatter.o)
    0x08000174   0x08000174   0x0000001a   Code   RO         1793    !!handler_copy      c_w.l(__scatter_copy.o)
    0x0800018e   0x0800018e   0x00000002   PAD
    0x08000190   0x08000190   0x0000001c   Code   RO         1795    !!handler_zi        c_w.l(__scatter_zi.o)
    0x080001ac   0x080001ac   0x00000000   Code   RO         1599    .ARM.Collect$$_printf_percent$$00000000  c_w.l(_printf_percent.o)
    0x080001ac   0x080001ac   0x00000006   Code   RO         1598    .ARM.Collect$$_printf_percent$$00000009  c_w.l(_printf_d.o)
    0x080001b2   0x080001b2   0x00000004   Code   RO         1617    .ARM.Collect$$_printf_percent$$00000017  c_w.l(_printf_percent_end.o)
    0x080001b6   0x080001b6   0x00000002   Code   RO         1650    .ARM.Collect$$libinit$$00000000  c_w.l(libinit.o)
    0x080001b8   0x080001b8   0x00000004   Code   RO         1662    .ARM.Collect$$libinit$$00000001  c_w.l(libinit2.o)
    0x080001bc   0x080001bc   0x00000000   Code   RO         1665    .ARM.Collect$$libinit$$00000004  c_w.l(libinit2.o)
    0x080001bc   0x080001bc   0x00000000   Code   RO         1668    .ARM.Collect$$libinit$$0000000A  c_w.l(libinit2.o)
    0x080001bc   0x080001bc   0x00000000   Code   RO         1670    .ARM.Collect$$libinit$$0000000C  c_w.l(libinit2.o)
    0x080001bc   0x080001bc   0x00000000   Code   RO         1672    .ARM.Collect$$libinit$$0000000E  c_w.l(libinit2.o)
    0x080001bc   0x080001bc   0x00000000   Code   RO         1675    .ARM.Collect$$libinit$$00000011  c_w.l(libinit2.o)
    0x080001bc   0x080001bc   0x00000000   Code   RO         1677    .ARM.Collect$$libinit$$00000013  c_w.l(libinit2.o)
    0x080001bc   0x080001bc   0x00000000   Code   RO         1679    .ARM.Collect$$libinit$$00000015  c_w.l(libinit2.o)
    0x080001bc   0x080001bc   0x00000000   Code   RO         1681    .ARM.Collect$$libinit$$00000017  c_w.l(libinit2.o)
    0x080001bc   0x080001bc   0x00000000   Code   RO         1683    .ARM.Collect$$libinit$$00000019  c_w.l(libinit2.o)
    0x080001bc   0x080001bc   0x00000000   Code   RO         1685    .ARM.Collect$$libinit$$0000001B  c_w.l(libinit2.o)
    0x080001bc   0x080001bc   0x00000000   Code   RO         1687    .ARM.Collect$$libinit$$0000001D  c_w.l(libinit2.o)
    0x080001bc   0x080001bc   0x00000000   Code   RO         1689    .ARM.Collect$$libinit$$0000001F  c_w.l(libinit2.o)
    0x080001bc   0x080001bc   0x00000000   Code   RO         1691    .ARM.Collect$$libinit$$00000021  c_w.l(libinit2.o)
    0x080001bc   0x080001bc   0x00000000   Code   RO         1693    .ARM.Collect$$libinit$$00000023  c_w.l(libinit2.o)
    0x080001bc   0x080001bc   0x00000000   Code   RO         1695    .ARM.Collect$$libinit$$00000025  c_w.l(libinit2.o)
    0x080001bc   0x080001bc   0x00000000   Code   RO         1699    .ARM.Collect$$libinit$$0000002C  c_w.l(libinit2.o)
    0x080001bc   0x080001bc   0x00000000   Code   RO         1701    .ARM.Collect$$libinit$$0000002E  c_w.l(libinit2.o)
    0x080001bc   0x080001bc   0x00000000   Code   RO         1703    .ARM.Collect$$libinit$$00000030  c_w.l(libinit2.o)
    0x080001bc   0x080001bc   0x00000000   Code   RO         1705    .ARM.Collect$$libinit$$00000032  c_w.l(libinit2.o)
    0x080001bc   0x080001bc   0x00000002   Code   RO         1706    .ARM.Collect$$libinit$$00000033  c_w.l(libinit2.o)
    0x080001be   0x080001be   0x00000002   Code   RO         1746    .ARM.Collect$$libshutdown$$00000000  c_w.l(libshutdown.o)
    0x080001c0   0x080001c0   0x00000000   Code   RO         1774    .ARM.Collect$$libshutdown$$00000002  c_w.l(libshutdown2.o)
    0x080001c0   0x080001c0   0x00000000   Code   RO         1776    .ARM.Collect$$libshutdown$$00000004  c_w.l(libshutdown2.o)
    0x080001c0   0x080001c0   0x00000000   Code   RO         1779    .ARM.Collect$$libshutdown$$00000007  c_w.l(libshutdown2.o)
    0x080001c0   0x080001c0   0x00000000   Code   RO         1782    .ARM.Collect$$libshutdown$$0000000A  c_w.l(libshutdown2.o)
    0x080001c0   0x080001c0   0x00000000   Code   RO         1784    .ARM.Collect$$libshutdown$$0000000C  c_w.l(libshutdown2.o)
    0x080001c0   0x080001c0   0x00000000   Code   RO         1787    .ARM.Collect$$libshutdown$$0000000F  c_w.l(libshutdown2.o)
    0x080001c0   0x080001c0   0x00000002   Code   RO         1788    .ARM.Collect$$libshutdown$$00000010  c_w.l(libshutdown2.o)
    0x080001c2   0x080001c2   0x00000000   Code   RO         1606    .ARM.Collect$$rtentry$$00000000  c_w.l(__rtentry.o)
    0x080001c2   0x080001c2   0x00000000   Code   RO         1619    .ARM.Collect$$rtentry$$00000002  c_w.l(__rtentry2.o)
    0x080001c2   0x080001c2   0x00000006   Code   RO         1631    .ARM.Collect$$rtentry$$00000004  c_w.l(__rtentry4.o)
    0x080001c8   0x080001c8   0x00000000   Code   RO         1621    .ARM.Collect$$rtentry$$00000009  c_w.l(__rtentry2.o)
    0x080001c8   0x080001c8   0x00000004   Code   RO         1622    .ARM.Collect$$rtentry$$0000000A  c_w.l(__rtentry2.o)
    0x080001cc   0x080001cc   0x00000000   Code   RO         1624    .ARM.Collect$$rtentry$$0000000C  c_w.l(__rtentry2.o)
    0x080001cc   0x080001cc   0x00000008   Code   RO         1625    .ARM.Collect$$rtentry$$0000000D  c_w.l(__rtentry2.o)
    0x080001d4   0x080001d4   0x00000002   Code   RO         1654    .ARM.Collect$$rtexit$$00000000  c_w.l(rtexit.o)
    0x080001d6   0x080001d6   0x00000000   Code   RO         1712    .ARM.Collect$$rtexit$$00000002  c_w.l(rtexit2.o)
    0x080001d6   0x080001d6   0x00000004   Code   RO         1713    .ARM.Collect$$rtexit$$00000003  c_w.l(rtexit2.o)
    0x080001da   0x080001da   0x00000006   Code   RO         1714    .ARM.Collect$$rtexit$$00000004  c_w.l(rtexit2.o)
    0x080001e0   0x080001e0   0x00000040   Code   RO            5    .text               startup_stm32wle5xx.o
    0x08000220   0x08000220   0x000000f0   Code   RO         1566    .text               c_w.l(lludivv7m.o)
    0x08000310   0x08000310   0x00000028   Code   RO         1570    .text               c_w.l(noretval__2sprintf.o)
    0x08000338   0x08000338   0x0000004e   Code   RO         1574    .text               c_w.l(_printf_pad.o)
    0x08000386   0x08000386   0x00000002   PAD
    0x08000388   0x08000388   0x00000078   Code   RO         1576    .text               c_w.l(_printf_dec.o)
    0x08000400   0x08000400   0x0000010e   Code   RO         1586    .text               c_w.l(__printf_wp.o)
    0x0800050e   0x0800050e   0x0000004e   Code   RO         1600    .text               c_w.l(rt_memclr_w.o)
    0x0800055c   0x0800055c   0x00000006   Code   RO         1602    .text               c_w.l(heapauxi.o)
    0x08000562   0x08000562   0x000000b2   Code   RO         1611    .text               c_w.l(_printf_intcommon.o)
    0x08000614   0x08000614   0x00000030   Code   RO         1613    .text               c_w.l(_printf_char_common.o)
    0x08000644   0x08000644   0x0000000a   Code   RO         1615    .text               c_w.l(_sputc.o)
    0x0800064e   0x0800064e   0x0000004a   Code   RO         1637    .text               c_w.l(sys_stackheap_outer.o)
    0x08000698   0x08000698   0x00000012   Code   RO         1639    .text               c_w.l(exit.o)
    0x080006aa   0x080006aa   0x00000002   PAD
    0x080006ac   0x080006ac   0x00000008   Code   RO         1651    .text               c_w.l(libspace.o)
    0x080006b4   0x080006b4   0x0000000c   Code   RO         1707    .text               c_w.l(sys_exit.o)
    0x080006c0   0x080006c0   0x00000002   Code   RO         1730    .text               c_w.l(use_no_semi.o)
    0x080006c2   0x080006c2   0x00000000   Code   RO         1732    .text               c_w.l(indicate_semi.o)
    0x080006c2   0x080006c2   0x00000002   PAD
    0x080006c4   0x080006c4   0x00000008   Code   RO         1736    .text               c_w.l(rt_fp_status_addr_intlibspace.o)
    0x080006cc   0x080006cc   0x00000012   Code   RO         1545    .text.BSP_Init      task.o
    0x080006de   0x080006de   0x00000002   PAD
    0x080006e0   0x080006e0   0x0000004e   Code   RO         1514    .text.BSP_RADIO_Init  lora.o
    0x0800072e   0x0800072e   0x00000002   PAD
    0x08000730   0x08000730   0x00000002   Code   RO          119    .text.BusFault_Handler  stm32wlxx_it.o
    0x08000732   0x08000732   0x00000002   PAD
    0x08000734   0x08000734   0x00000002   Code   RO          125    .text.DebugMon_Handler  stm32wlxx_it.o
    0x08000736   0x08000736   0x00000002   PAD
    0x08000738   0x08000738   0x0000000a   Code   RO           16    .text.Error_Handler  main.o
    0x08000742   0x08000742   0x00000002   PAD
    0x08000744   0x08000744   0x00000266   Code   RO          198    .text.HAL_ADC_ConfigChannel  stm32wlxx_hal_adc.o
    0x080009aa   0x080009aa   0x00000002   PAD
    0x080009ac   0x080009ac   0x00000276   Code   RO          150    .text.HAL_ADC_Init  stm32wlxx_hal_adc.o
    0x08000c22   0x08000c22   0x00000002   PAD
    0x08000c24   0x08000c24   0x00000068   Code   RO           38    .text.HAL_ADC_MspInit  adc.o
    0x08000c8c   0x08000c8c   0x00000028   Code   RO          639    .text.HAL_Delay     stm32wlxx_hal.o
    0x08000cb4   0x08000cb4   0x000001d4   Code   RO          375    .text.HAL_GPIO_Init  stm32wlxx_hal_gpio.o
    0x08000e88   0x08000e88   0x0000000a   Code   RO          379    .text.HAL_GPIO_ReadPin  stm32wlxx_hal_gpio.o
    0x08000e92   0x08000e92   0x00000002   PAD
    0x08000e94   0x08000e94   0x0000000c   Code   RO          381    .text.HAL_GPIO_WritePin  stm32wlxx_hal_gpio.o
    0x08000ea0   0x08000ea0   0x0000000c   Code   RO          631    .text.HAL_GetTick   stm32wlxx_hal.o
    0x08000eac   0x08000eac   0x0000004a   Code   RO          866    .text.HAL_I2CEx_ConfigAnalogFilter  stm32wlxx_hal_i2c_ex.o
    0x08000ef6   0x08000ef6   0x00000002   PAD
    0x08000ef8   0x08000ef8   0x00000048   Code   RO          868    .text.HAL_I2CEx_ConfigDigitalFilter  stm32wlxx_hal_i2c_ex.o
    0x08000f40   0x08000f40   0x000000a2   Code   RO          721    .text.HAL_I2C_Init  stm32wlxx_hal_i2c.o
    0x08000fe2   0x08000fe2   0x00000002   PAD
    0x08000fe4   0x08000fe4   0x00000270   Code   RO          729    .text.HAL_I2C_Master_Transmit  stm32wlxx_hal_i2c.o
    0x08001254   0x08001254   0x00000092   Code   RO           53    .text.HAL_I2C_MspInit  i2c.o
    0x080012e6   0x080012e6   0x00000002   PAD
    0x080012e8   0x080012e8   0x0000001a   Code   RO          629    .text.HAL_IncTick   stm32wlxx_hal.o
    0x08001302   0x08001302   0x00000002   PAD
    0x08001304   0x08001304   0x0000002c   Code   RO          619    .text.HAL_Init      stm32wlxx_hal.o
    0x08001330   0x08001330   0x0000004a   Code   RO          621    .text.HAL_InitTick  stm32wlxx_hal.o
    0x0800137a   0x0800137a   0x00000002   PAD
    0x0800137c   0x0800137c   0x00000006   Code   RO          142    .text.HAL_MspInit   stm32wlxx_hal_msp.o
    0x08001382   0x08001382   0x00000002   PAD
    0x08001384   0x08001384   0x00000020   Code   RO          577    .text.HAL_NVIC_EnableIRQ  stm32wlxx_hal_cortex.o
    0x080013a4   0x080013a4   0x00000056   Code   RO          575    .text.HAL_NVIC_SetPriority  stm32wlxx_hal_cortex.o
    0x080013fa   0x080013fa   0x00000002   PAD
    0x080013fc   0x080013fc   0x00000020   Code   RO          573    .text.HAL_NVIC_SetPriorityGrouping  stm32wlxx_hal_cortex.o
    0x0800141c   0x0800141c   0x00000010   Code   RO          491    .text.HAL_PWREx_GetVoltageRange  stm32wlxx_hal_pwr_ex.o
    0x0800142c   0x0800142c   0x00000012   Code   RO          453    .text.HAL_PWR_EnableBkUpAccess  stm32wlxx_hal_pwr.o
    0x0800143e   0x0800143e   0x00000002   PAD
    0x08001440   0x08001440   0x0000020a   Code   RO          278    .text.HAL_RCCEx_PeriphCLKConfig  stm32wlxx_hal_rcc_ex.o
    0x0800164a   0x0800164a   0x00000002   PAD
    0x0800164c   0x0800164c   0x000001f6   Code   RO          245    .text.HAL_RCC_ClockConfig  stm32wlxx_hal_rcc.o
    0x08001842   0x08001842   0x00000002   PAD
    0x08001844   0x08001844   0x00000024   Code   RO          243    .text.HAL_RCC_GetHCLKFreq  stm32wlxx_hal_rcc.o
    0x08001868   0x08001868   0x00000038   Code   RO          253    .text.HAL_RCC_GetPCLK1Freq  stm32wlxx_hal_rcc.o
    0x080018a0   0x080018a0   0x00000038   Code   RO          255    .text.HAL_RCC_GetPCLK2Freq  stm32wlxx_hal_rcc.o
    0x080018d8   0x080018d8   0x000000ee   Code   RO          249    .text.HAL_RCC_GetSysClockFreq  stm32wlxx_hal_rcc.o
    0x080019c6   0x080019c6   0x00000002   PAD
    0x080019c8   0x080019c8   0x0000075a   Code   RO          241    .text.HAL_RCC_OscConfig  stm32wlxx_hal_rcc.o
    0x08002122   0x08002122   0x00000002   PAD
    0x08002124   0x08002124   0x00000002   Code   RO          938    .text.HAL_SUBGHZ_CADStatusCallback  stm32wlxx_hal_subghz.o
    0x08002126   0x08002126   0x00000002   PAD
    0x08002128   0x08002128   0x00000002   Code   RO          936    .text.HAL_SUBGHZ_CRCErrorCallback  stm32wlxx_hal_subghz.o
    0x0800212a   0x0800212a   0x00000002   PAD
    0x0800212c   0x0800212c   0x0000034a   Code   RO          916    .text.HAL_SUBGHZ_ExecGetCmd  stm32wlxx_hal_subghz.o
    0x08002476   0x08002476   0x00000002   PAD
    0x08002478   0x08002478   0x000002be   Code   RO          914    .text.HAL_SUBGHZ_ExecSetCmd  stm32wlxx_hal_subghz.o
    0x08002736   0x08002736   0x00000002   PAD
    0x08002738   0x08002738   0x00000002   Code   RO          934    .text.HAL_SUBGHZ_HeaderErrorCallback  stm32wlxx_hal_subghz.o
    0x0800273a   0x0800273a   0x00000002   PAD
    0x0800273c   0x0800273c   0x00000002   Code   RO          932    .text.HAL_SUBGHZ_HeaderValidCallback  stm32wlxx_hal_subghz.o
    0x0800273e   0x0800273e   0x00000002   PAD
    0x08002740   0x08002740   0x000000c4   Code   RO          922    .text.HAL_SUBGHZ_IRQHandler  stm32wlxx_hal_subghz.o
    0x08002804   0x08002804   0x00000124   Code   RO          886    .text.HAL_SUBGHZ_Init  stm32wlxx_hal_subghz.o
    0x08002928   0x08002928   0x00000002   Code   RO          942    .text.HAL_SUBGHZ_LrFhssHopCallback  stm32wlxx_hal_subghz.o
    0x0800292a   0x0800292a   0x00000002   PAD
    0x0800292c   0x0800292c   0x00000032   Code   RO           70    .text.HAL_SUBGHZ_MspInit  subghz.o
    0x0800295e   0x0800295e   0x00000002   PAD
    0x08002960   0x08002960   0x00000002   Code   RO          928    .text.HAL_SUBGHZ_PreambleDetectedCallback  stm32wlxx_hal_subghz.o
    0x08002962   0x08002962   0x00000002   PAD
    0x08002964   0x08002964   0x000003f2   Code   RO          920    .text.HAL_SUBGHZ_ReadBuffer  stm32wlxx_hal_subghz.o
    0x08002d56   0x08002d56   0x00000002   PAD
    0x08002d58   0x08002d58   0x00000002   Code   RO          926    .text.HAL_SUBGHZ_RxCpltCallback  stm32wlxx_hal_subghz.o
    0x08002d5a   0x08002d5a   0x00000002   PAD
    0x08002d5c   0x08002d5c   0x00000002   Code   RO          940    .text.HAL_SUBGHZ_RxTxTimeoutCallback  stm32wlxx_hal_subghz.o
    0x08002d5e   0x08002d5e   0x00000002   PAD
    0x08002d60   0x08002d60   0x00000002   Code   RO          930    .text.HAL_SUBGHZ_SyncWordValidCallback  stm32wlxx_hal_subghz.o
    0x08002d62   0x08002d62   0x00000002   PAD
    0x08002d64   0x08002d64   0x00000002   Code   RO          924    .text.HAL_SUBGHZ_TxCpltCallback  stm32wlxx_hal_subghz.o
    0x08002d66   0x08002d66   0x00000002   PAD
    0x08002d68   0x08002d68   0x0000034a   Code   RO          918    .text.HAL_SUBGHZ_WriteBuffer  stm32wlxx_hal_subghz.o
    0x080030b2   0x080030b2   0x00000002   PAD
    0x080030b4   0x080030b4   0x0000002c   Code   RO          585    .text.HAL_SYSTICK_Config  stm32wlxx_hal_cortex.o
    0x080030e0   0x080030e0   0x00000002   Code   RO         1271    .text.HAL_TIMEx_Break2Callback  stm32wlxx_hal_tim_ex.o
    0x080030e2   0x080030e2   0x00000002   PAD
    0x080030e4   0x080030e4   0x00000002   Code   RO         1269    .text.HAL_TIMEx_BreakCallback  stm32wlxx_hal_tim_ex.o
    0x080030e6   0x080030e6   0x00000002   PAD
    0x080030e8   0x080030e8   0x00000002   Code   RO         1265    .text.HAL_TIMEx_CommutCallback  stm32wlxx_hal_tim_ex.o
    0x080030ea   0x080030ea   0x00000002   PAD
    0x080030ec   0x080030ec   0x00000062   Code   RO         1251    .text.HAL_TIMEx_MasterConfigSynchronization  stm32wlxx_hal_tim_ex.o
    0x0800314e   0x0800314e   0x00000002   PAD
    0x08003150   0x08003150   0x000000de   Code   RO          956    .text.HAL_TIM_Base_Init  stm32wlxx_hal_tim.o
    0x0800322e   0x0800322e   0x00000002   PAD
    0x08003230   0x08003230   0x0000003e   Code   RO           85    .text.HAL_TIM_Base_MspInit  tim.o
    0x0800326e   0x0800326e   0x00000002   PAD
    0x08003270   0x08003270   0x000001b2   Code   RO         1136    .text.HAL_TIM_ConfigClockSource  stm32wlxx_hal_tim.o
    0x08003422   0x08003422   0x00000002   PAD
    0x08003424   0x08003424   0x00000002   Code   RO         1092    .text.HAL_TIM_IC_CaptureCallback  stm32wlxx_hal_tim.o
    0x08003426   0x08003426   0x00000002   PAD
    0x08003428   0x08003428   0x00000188   Code   RO         1090    .text.HAL_TIM_IRQHandler  stm32wlxx_hal_tim.o
    0x080035b0   0x080035b0   0x00000002   Code   RO         1094    .text.HAL_TIM_OC_DelayElapsedCallback  stm32wlxx_hal_tim.o
    0x080035b2   0x080035b2   0x00000002   PAD
    0x080035b4   0x080035b4   0x00000002   Code   RO         1096    .text.HAL_TIM_PWM_PulseFinishedCallback  stm32wlxx_hal_tim.o
    0x080035b6   0x080035b6   0x00000002   PAD
    0x080035b8   0x080035b8   0x00000002   Code   RO         1098    .text.HAL_TIM_PeriodElapsedCallback  stm32wlxx_hal_tim.o
    0x080035ba   0x080035ba   0x00000002   PAD
    0x080035bc   0x080035bc   0x00000002   Code   RO         1100    .text.HAL_TIM_TriggerCallback  stm32wlxx_hal_tim.o
    0x080035be   0x080035be   0x00000002   PAD
    0x080035c0   0x080035c0   0x00000036   Code   RO         1447    .text.HAL_UARTEx_DisableFifoMode  stm32wlxx_hal_uart_ex.o
    0x080035f6   0x080035f6   0x00000002   PAD
    0x080035f8   0x080035f8   0x00000090   Code   RO         1451    .text.HAL_UARTEx_SetRxFifoThreshold  stm32wlxx_hal_uart_ex.o
    0x08003688   0x08003688   0x00000090   Code   RO         1449    .text.HAL_UARTEx_SetTxFifoThreshold  stm32wlxx_hal_uart_ex.o
    0x08003718   0x08003718   0x000000c8   Code   RO         1285    .text.HAL_UART_Init  stm32wlxx_hal_uart.o
    0x080037e0   0x080037e0   0x0000008c   Code   RO          100    .text.HAL_UART_MspInit  usart.o
    0x0800386c   0x0800386c   0x00000002   Code   RO          115    .text.HardFault_Handler  stm32wlxx_it.o
    0x0800386e   0x0800386e   0x00000002   PAD
    0x08003870   0x08003870   0x00000168   Code   RO          855    .text.I2C_IsErrorOccurred  stm32wlxx_hal_i2c.o
    0x080039d8   0x080039d8   0x00000086   Code   RO          731    .text.I2C_WaitOnTXISFlagUntilTimeout  stm32wlxx_hal_i2c.o
    0x08003a5e   0x08003a5e   0x00000002   PAD
    0x08003a60   0x08003a60   0x000000b8   Code   RO         1549    .text.KEY_Proc      task.o
    0x08003b18   0x08003b18   0x00000116   Code   RO         1508    .text.LORA_Init     lora.o
    0x08003c2e   0x08003c2e   0x00000002   PAD
    0x08003c30   0x08003c30   0x00000094   Code   RO         1512    .text.LORA_Rx       lora.o
    0x08003cc4   0x08003cc4   0x000000c8   Code   RO         1510    .text.LORA_Tx       lora.o
    0x08003d8c   0x08003d8c   0x00000054   Code   RO         1551    .text.LoRa_Proc     task.o
    0x08003de0   0x08003de0   0x0000007e   Code   RO           36    .text.MX_ADC_Init   adc.o
    0x08003e5e   0x08003e5e   0x00000002   PAD
    0x08003e60   0x08003e60   0x00000084   Code   RO           26    .text.MX_GPIO_Init  gpio.o
    0x08003ee4   0x08003ee4   0x0000006c   Code   RO           51    .text.MX_I2C1_Init  i2c.o
    0x08003f50   0x08003f50   0x00000020   Code   RO           68    .text.MX_SUBGHZ_Init  subghz.o
    0x08003f70   0x08003f70   0x0000007e   Code   RO           83    .text.MX_TIM2_Init  tim.o
    0x08003fee   0x08003fee   0x00000002   PAD
    0x08003ff0   0x08003ff0   0x00000082   Code   RO           98    .text.MX_USART2_UART_Init  usart.o
    0x08004072   0x08004072   0x00000002   PAD
    0x08004074   0x08004074   0x00000002   Code   RO          117    .text.MemManage_Handler  stm32wlxx_it.o
    0x08004076   0x08004076   0x00000002   PAD
    0x08004078   0x08004078   0x00000002   Code   RO          113    .text.NMI_Handler   stm32wlxx_it.o
    0x0800407a   0x0800407a   0x00000002   PAD
    0x0800407c   0x0800407c   0x000000b4   Code   RO         1526    .text.OLED_Clear    oled.o
    0x08004130   0x08004130   0x000000c6   Code   RO         1528    .text.OLED_Init     oled.o
    0x080041f6   0x080041f6   0x00000002   PAD
    0x080041f8   0x080041f8   0x000000c0   Code   RO         1547    .text.OLED_Proc     task.o
    0x080042b8   0x080042b8   0x0000016c   Code   RO         1530    .text.OLED_ShowChar  oled.o
    0x08004424   0x08004424   0x00000040   Code   RO         1532    .text.OLED_ShowString  oled.o
    0x08004464   0x08004464   0x0000002c   Code   RO           57    .text.OLED_Write    i2c.o
    0x08004490   0x08004490   0x00000002   Code   RO          127    .text.PendSV_Handler  stm32wlxx_it.o
    0x08004492   0x08004492   0x00000002   PAD
    0x08004494   0x08004494   0x0000000c   Code   RO          133    .text.SUBGHZ_Radio_IRQHandler  stm32wlxx_it.o
    0x080044a0   0x080044a0   0x00000002   Code   RO          123    .text.SVC_Handler   stm32wlxx_it.o
    0x080044a2   0x080044a2   0x00000002   PAD
    0x080044a4   0x080044a4   0x00000024   Code   RO          129    .text.SysTick_Handler  stm32wlxx_it.o
    0x080044c8   0x080044c8   0x00000002   Code   RO         1470    .text.SystemInit    system_stm32wlxx.o
    0x080044ca   0x080044ca   0x00000002   PAD
    0x080044cc   0x080044cc   0x0000000c   Code   RO          131    .text.TIM2_IRQHandler  stm32wlxx_it.o
    0x080044d8   0x080044d8   0x000000e6   Code   RO         1291    .text.UART_AdvFeatureConfig  stm32wlxx_hal_uart.o
    0x080045be   0x080045be   0x00000002   PAD
    0x080045c0   0x080045c0   0x00000268   Code   RO         1289    .text.UART_SetConfig  stm32wlxx_hal_uart.o
    0x08004828   0x08004828   0x00000214   Code   RO         1307    .text.UART_WaitOnFlagUntilTimeout  stm32wlxx_hal_uart.o
    0x08004a3c   0x08004a3c   0x00000002   Code   RO          121    .text.UsageFault_Handler  stm32wlxx_it.o
    0x08004a3e   0x08004a3e   0x00000002   PAD
    0x08004a40   0x08004a40   0x000000a6   Code   RO           12    .text.main          main.o
    0x08004ae6   0x08004ae6   0x0000000e   Code   RO         1588    i._is_digit         c_w.l(__printf_wp.o)
    0x08004af4   0x08004af4   0x0000000e   Code   RO         1724    x$fpl$fpinit        f_ws.l(fpinit.o)
    0x08004b02   0x08004b02   0x00000002   PAD
    0x08004b04   0x08004b04   0x0000000c   Data   RO          269    .rodata..L__const.RCC_SetFlashLatency.FLASH_LATENCY_RANGE  stm32wlxx_hal_rcc.o
    0x08004b10   0x08004b10   0x00000040   Data   RO         1475    .rodata.AHBPrescTable  system_stm32wlxx.o
    0x08004b50   0x08004b50   0x00000020   Data   RO         1476    .rodata.APBPrescTable  system_stm32wlxx.o
    0x08004b70   0x08004b70   0x00000040   Data   RO         1477    .rodata.MSIRangeTable  system_stm32wlxx.o
    0x08004bb0   0x08004bb0   0x00000018   Data   RO         1419    .rodata.UARTPrescTable  stm32wlxx_hal_uart.o
    0x08004bc8   0x08004bc8   0x00000010   Data   RO         1420    .rodata.cst16       stm32wlxx_hal_uart.o
    0x08004bd8   0x08004bd8   0x00000010   Data   RO         1461    .rodata.cst8        stm32wlxx_hal_uart_ex.o
    0x08004be8   0x08004be8   0x00000228   Data   RO         1534    .rodata.g_F6x8      oled.o
    0x08004e10   0x08004e10   0x000005f0   Data   RO         1535    .rodata.g_F8X16     oled.o
    0x08005400   0x08005400   0x00000020   Data   RO         1790    Region$$Table       anon$$obj.o


    Execution Region RW_IRAM1 (Exec base: 0x20000000, Load base: 0x08005420, Size: 0x00000830, Max: 0x00008000, ABSOLUTE)

    Exec Addr    Load Addr    Size         Type   Attr      Idx    E Section Name        Object

    0x20000000   0x08005420   0x00000008   Data   RW          686    .data..L_MergedGlobals  stm32wlxx_hal.o
    0x20000008   0x08005428   0x00000004   Data   RW         1474    .data.SystemCoreClock  system_stm32wlxx.o
    0x2000000c   0x0800542c   0x00000004   PAD
    0x20000010        -       0x00000060   Zero   RW         1652    .bss                c_w.l(libspace.o)
    0x20000070        -       0x00000011   Zero   RW         1556    .bss..L_MergedGlobals  task.o
    0x20000081   0x0800542c   0x00000003   PAD
    0x20000084        -       0x00000064   Zero   RW           42    .bss.hadc           adc.o
    0x200000e8        -       0x00000054   Zero   RW           59    .bss.hi2c1          i2c.o
    0x2000013c        -       0x0000000c   Zero   RW           74    .bss.hsubghz        subghz.o
    0x20000148        -       0x0000004c   Zero   RW           89    .bss.htim2          tim.o
    0x20000194        -       0x00000094   Zero   RW          104    .bss.huart2         usart.o
    0x20000228        -       0x00000004   Zero   RW          685    .bss.uwTick         stm32wlxx_hal.o
    0x2000022c   0x0800542c   0x00000004   PAD
    0x20000230        -       0x00000200   Zero   RW            3    HEAP                startup_stm32wle5xx.o
    0x20000430        -       0x00000400   Zero   RW            2    STACK               startup_stm32wle5xx.o


    Execution Region RW_IRAM2 (Exec base: 0x20008000, Load base: 0x08005430, Size: 0x00008000, Max: 0x00008000, ABSOLUTE)

    Exec Addr    Load Addr    Size         Type   Attr      Idx    E Section Name        Object

    0x20008000        -       0x00008000   Zero   RW            1    RW_IRAM2.bss        anon$$obj.o


==============================================================================

Image component sizes


      Code (inc. data)   RO Data    RW Data    ZI Data      Debug   Object Name

       230          0          0          0        100       6199   adc.o
       132          0          0          0          0       2618   gpio.o
       298          0          0          0         84       6962   i2c.o
       704          0          0          0          0       8958   lora.o
       176          0          0          0          0       2729   main.o
       806          0       2072          0          0       3285   oled.o
        64         26        312          0       1536        784   startup_stm32wle5xx.o
       196          0          0          8          4      10931   stm32wlxx_hal.o
      1244          0          0          0          0      22614   stm32wlxx_hal_adc.o
       194          0          0          0          0       9755   stm32wlxx_hal_cortex.o
       490          0          0          0          0       4942   stm32wlxx_hal_gpio.o
      1280          0          0          0          0      63658   stm32wlxx_hal_i2c.o
       146          0          0          0          0       5527   stm32wlxx_hal_i2c_ex.o
         6          0          0          0          0        369   stm32wlxx_hal_msp.o
        18          0          0          0          0       5138   stm32wlxx_hal_pwr.o
        16          0          0          0          0      10522   stm32wlxx_hal_pwr_ex.o
      2770          0         12          0          0      16186   stm32wlxx_hal_rcc.o
       522          0          0          0          0      13223   stm32wlxx_hal_rcc_ex.o
      3904          0          0          0          0      26764   stm32wlxx_hal_subghz.o
      1058          0          0          0          0      61218   stm32wlxx_hal_tim.o
       104          0          0          0          0      23322   stm32wlxx_hal_tim_ex.o
      1578         46         40          0          0      41111   stm32wlxx_hal_uart.o
       342          0         16          0          0      11190   stm32wlxx_hal_uart_ex.o
        76          0          0          0          0       1210   stm32wlxx_it.o
        82          0          0          0         12       4460   subghz.o
         2          0        160          4          0       2408   system_stm32wlxx.o
       478         24          0          0         17       2506   task.o
       188          0          0          0         76       7658   tim.o
       270          0          0          0        148       6867   usart.o

    ----------------------------------------------------------------------
     17498         96       2644         12      34756     383114   Object Totals
         0          0         32          0      32768          0   (incl. Generated)
       124          0          0          0         11          0   (incl. Padding)

    ----------------------------------------------------------------------

      Code (inc. data)   RO Data    RW Data    ZI Data      Debug   Library Member Name

         8          0          0          0          0         68   __main.o
       284          0          0          0          0        156   __printf_wp.o
         0          0          0          0          0          0   __rtentry.o
        12          0          0          0          0          0   __rtentry2.o
         6          0          0          0          0          0   __rtentry4.o
        52          8          0          0          0          0   __scatter.o
        26          0          0          0          0          0   __scatter_copy.o
        28          0          0          0          0          0   __scatter_zi.o
        48          6          0          0          0         96   _printf_char_common.o
         6          0          0          0          0          0   _printf_d.o
       120         16          0          0          0         92   _printf_dec.o
       178          0          0          0          0         88   _printf_intcommon.o
        78          0          0          0          0        108   _printf_pad.o
         0          0          0          0          0          0   _printf_percent.o
         4          0          0          0          0          0   _printf_percent_end.o
        10          0          0          0          0         68   _sputc.o
        18          0          0          0          0         80   exit.o
         6          0          0          0          0        152   heapauxi.o
         0          0          0          0          0          0   indicate_semi.o
         2          0          0          0          0          0   libinit.o
         6          0          0          0          0          0   libinit2.o
         2          0          0          0          0          0   libshutdown.o
         2          0          0          0          0          0   libshutdown2.o
         8          4          0          0         96         68   libspace.o
       240          0          0          0          0        100   lludivv7m.o
        40          6          0          0          0         84   noretval__2sprintf.o
         8          4          0          0          0         68   rt_fp_status_addr_intlibspace.o
        78          0          0          0          0         80   rt_memclr_w.o
         2          0          0          0          0          0   rtexit.o
        10          0          0          0          0          0   rtexit2.o
        12          4          0          0          0         68   sys_exit.o
        74          0          0          0          0         80   sys_stackheap_outer.o
         2          0          0          0          0         68   use_no_semi.o
        14          0          0          0          0         76   fpinit.o

    ----------------------------------------------------------------------
      1394         48          0          0         96       1600   Library Totals
        10          0          0          0          0          0   (incl. Padding)

    ----------------------------------------------------------------------

      Code (inc. data)   RO Data    RW Data    ZI Data      Debug   Library Name

      1370         48          0          0         96       1524   c_w.l
        14          0          0          0          0         76   f_ws.l

    ----------------------------------------------------------------------
      1394         48          0          0         96       1600   Library Totals

    ----------------------------------------------------------------------

==============================================================================


      Code (inc. data)   RO Data    RW Data    ZI Data      Debug   

     18892        144       2644         12      34852     383550   Grand Totals
     18892        144       2644         12      34852     383550   ELF Image Totals
     18892        144       2644         12          0          0   ROM Totals

==============================================================================

    Total RO  Size (Code + RO Data)                21536 (  21.03kB)
    Total RW  Size (RW Data + ZI Data)             34864 (  34.05kB)
    Total ROM Size (Code + RO Data + RW Data)      21548 (  21.04kB)

==============================================================================

