<html>
<body>
<pre>
<h1>µVision Build Log</h1>
<h2>Tool Versions:</h2>
IDE-Version: ¦ÌVision V5.30.0.0
Copyright (C) 2020 ARM Ltd and ARM Germany GmbH. All rights reserved.
License Information: 1 yellow_sky@live.cn, 1, LIC=32B1Q-NVJ8T-Z93G9-48A0B-BMK3I-1495Q
 
Tool Versions:
Toolchain:       MDK-ARM Plus  Version: 5.30.0.0
Toolchain Path:  C:\Keil_v5\ARM\ARMCLANG\Bin
C Compiler:      ArmClang.exe V6.14
Assembler:       Armasm.exe V6.14
Linker/Locator:  ArmLink.exe V6.14
Library Manager: ArmAr.exe V6.14
Hex Converter:   FromElf.exe V6.14
CPU DLL:         SARMCM3.DLL V5.30.0.0
Dialog DLL:      DCM.DLL V1.17.3.0
Target DLL:      CMSIS_AGDI.dll V1.32.5.0
Dialog DLL:      TCM.DLL V1.42.0.0
 
<h2>Project:</h2>
e:\Work\[027] CT127C\Êý¾Ý°ü\Demo\Demo4_1OLED\MDK-ARM\Demo4_1OLED.uvprojx
Project File Date:  08/02/2024

<h2>Output:</h2>
*** Using Compiler 'V6.14', folder: 'C:\Keil_v5\ARM\ARMCLANG\Bin'
Build target 'Demo4_1OLED'
assembling startup_stm32wle5xx.s...
compiling gpio.c...
compiling i2c.c...
compiling main.c...
compiling stm32wlxx_it.c...
compiling stm32wlxx_hal_msp.c...
compiling stm32wlxx_hal_rcc_ex.c...
compiling stm32wlxx_hal_rcc.c...
compiling stm32wlxx_hal_flash_ex.c...
compiling stm32wlxx_hal_flash.c...
compiling stm32wlxx_hal_gpio.c...
compiling stm32wlxx_hal_dma_ex.c...
compiling stm32wlxx_hal_pwr.c...
compiling stm32wlxx_hal_dma.c...
compiling stm32wlxx_hal_cortex.c...
compiling stm32wlxx_hal_exti.c...
compiling stm32wlxx_hal_pwr_ex.c...
compiling stm32wlxx_hal.c...
compiling stm32wlxx_hal_tim.c...
compiling stm32wlxx_hal_i2c_ex.c...
compiling stm32wlxx_hal_tim_ex.c...
compiling system_stm32wlxx.c...
compiling oled.c...
compiling stm32wlxx_hal_i2c.c...
linking...
Program Size: Code=8248 RO-data=2576 RW-data=12 ZI-data=34516  
FromELF: creating hex file...
"Demo4_1OLED\Demo4_1OLED.axf" - 0 Error(s), 0 Warning(s).

<h2>Software Packages used:</h2>

Package Vendor: ARM
                http://www.keil.com/pack/ARM.CMSIS.5.7.0.pack
                ARM.CMSIS.5.7.0
                CMSIS (Cortex Microcontroller Software Interface Standard)
   * Component: CORE Version: 5.4.0

Package Vendor: Keil
                https://www.keil.com/pack/Keil.STM32WLxx_DFP.1.2.0.pack
                Keil.STM32WLxx_DFP.1.2.0
                STMicroelectronics STM32WL Series Device Support

<h2>Collection of Component include folders:</h2>
  .\RTE\_Demo4_1OLED
  C:\Users\yello\AppData\Local\Arm\Packs\ARM\CMSIS\5.7.0\CMSIS\Core\Include
  C:\Users\yello\AppData\Local\Arm\Packs\Keil\STM32WLxx_DFP\1.2.0\Drivers\CMSIS\Device\ST\STM32WLxx\Include

<h2>Collection of Component Files used:</h2>

   * Component: ARM::CMSIS:CORE:5.4.0
      Include file:  CMSIS\Core\Include\tz_context.h
Build Time Elapsed:  00:00:15
</pre>
</body>
</html>
