Component: ARM Compiler 6.14 Tool: armlink [5db06800]

==============================================================================

Section Cross References

    startup_stm32wle5xx.o(STACK) refers (Special) to heapauxi.o(.text) for __use_two_region_memory
    startup_stm32wle5xx.o(HEAP) refers (Special) to heapauxi.o(.text) for __use_two_region_memory
    startup_stm32wle5xx.o(RESET) refers (Special) to heapauxi.o(.text) for __use_two_region_memory
    startup_stm32wle5xx.o(RESET) refers to startup_stm32wle5xx.o(STACK) for __initial_sp
    startup_stm32wle5xx.o(RESET) refers to startup_stm32wle5xx.o(.text) for Reset_Handler
    startup_stm32wle5xx.o(RESET) refers to stm32wlxx_it.o(.text.NMI_Handler) for NMI_Handler
    startup_stm32wle5xx.o(RESET) refers to stm32wlxx_it.o(.text.HardFault_Handler) for HardFault_Handler
    startup_stm32wle5xx.o(RESET) refers to stm32wlxx_it.o(.text.MemManage_Handler) for MemManage_Handler
    startup_stm32wle5xx.o(RESET) refers to stm32wlxx_it.o(.text.BusFault_Handler) for BusFault_Handler
    startup_stm32wle5xx.o(RESET) refers to stm32wlxx_it.o(.text.UsageFault_Handler) for UsageFault_Handler
    startup_stm32wle5xx.o(RESET) refers to stm32wlxx_it.o(.text.SVC_Handler) for SVC_Handler
    startup_stm32wle5xx.o(RESET) refers to stm32wlxx_it.o(.text.DebugMon_Handler) for DebugMon_Handler
    startup_stm32wle5xx.o(RESET) refers to stm32wlxx_it.o(.text.PendSV_Handler) for PendSV_Handler
    startup_stm32wle5xx.o(RESET) refers to stm32wlxx_it.o(.text.SysTick_Handler) for SysTick_Handler
    startup_stm32wle5xx.o(.text) refers (Special) to heapauxi.o(.text) for __use_two_region_memory
    startup_stm32wle5xx.o(.text) refers to system_stm32wlxx.o(.text.SystemInit) for SystemInit
    startup_stm32wle5xx.o(.text) refers to __main.o(!!!main) for __main
    startup_stm32wle5xx.o(.text) refers to startup_stm32wle5xx.o(HEAP) for Heap_Mem
    startup_stm32wle5xx.o(.text) refers to startup_stm32wle5xx.o(STACK) for Stack_Mem
    main.o(.text.main) refers to stm32wlxx_hal.o(.text.HAL_Init) for HAL_Init
    main.o(.text.main) refers to rt_memclr_w.o(.text) for __aeabi_memclr4
    main.o(.text.main) refers to stm32wlxx_hal_rcc.o(.text.HAL_RCC_OscConfig) for HAL_RCC_OscConfig
    main.o(.text.main) refers to stm32wlxx_hal_rcc.o(.text.HAL_RCC_ClockConfig) for HAL_RCC_ClockConfig
    main.o(.text.main) refers to gpio.o(.text.MX_GPIO_Init) for MX_GPIO_Init
    main.o(.text.main) refers to i2c.o(.text.MX_I2C1_Init) for MX_I2C1_Init
    main.o(.text.main) refers to task.o(.text.BSP_Init) for BSP_Init
    main.o(.text.main) refers to task.o(.text.OLED_Proc) for OLED_Proc
    main.o(.text.main) refers to task.o(.text.KEY_Proc) for KEY_Proc
    main.o(.ARM.exidx.text.main) refers to main.o(.text.main) for [Anonymous Symbol]
    main.o(.text.SystemClock_Config) refers to rt_memclr_w.o(.text) for __aeabi_memclr4
    main.o(.text.SystemClock_Config) refers to stm32wlxx_hal_rcc.o(.text.HAL_RCC_OscConfig) for HAL_RCC_OscConfig
    main.o(.text.SystemClock_Config) refers to stm32wlxx_hal_rcc.o(.text.HAL_RCC_ClockConfig) for HAL_RCC_ClockConfig
    main.o(.ARM.exidx.text.SystemClock_Config) refers to main.o(.text.SystemClock_Config) for [Anonymous Symbol]
    main.o(.ARM.exidx.text.Error_Handler) refers to main.o(.text.Error_Handler) for [Anonymous Symbol]
    gpio.o(.text.MX_GPIO_Init) refers to stm32wlxx_hal_gpio.o(.text.HAL_GPIO_WritePin) for HAL_GPIO_WritePin
    gpio.o(.text.MX_GPIO_Init) refers to stm32wlxx_hal_gpio.o(.text.HAL_GPIO_Init) for HAL_GPIO_Init
    gpio.o(.ARM.exidx.text.MX_GPIO_Init) refers to gpio.o(.text.MX_GPIO_Init) for [Anonymous Symbol]
    i2c.o(.text.MX_I2C1_Init) refers to i2c.o(.bss.hi2c1) for hi2c1
    i2c.o(.text.MX_I2C1_Init) refers to stm32wlxx_hal_i2c.o(.text.HAL_I2C_Init) for HAL_I2C_Init
    i2c.o(.text.MX_I2C1_Init) refers to main.o(.text.Error_Handler) for Error_Handler
    i2c.o(.text.MX_I2C1_Init) refers to stm32wlxx_hal_i2c_ex.o(.text.HAL_I2CEx_ConfigAnalogFilter) for HAL_I2CEx_ConfigAnalogFilter
    i2c.o(.text.MX_I2C1_Init) refers to stm32wlxx_hal_i2c_ex.o(.text.HAL_I2CEx_ConfigDigitalFilter) for HAL_I2CEx_ConfigDigitalFilter
    i2c.o(.ARM.exidx.text.MX_I2C1_Init) refers to i2c.o(.text.MX_I2C1_Init) for [Anonymous Symbol]
    i2c.o(.text.HAL_I2C_MspInit) refers to rt_memclr_w.o(.text) for __aeabi_memclr4
    i2c.o(.text.HAL_I2C_MspInit) refers to stm32wlxx_hal_rcc_ex.o(.text.HAL_RCCEx_PeriphCLKConfig) for HAL_RCCEx_PeriphCLKConfig
    i2c.o(.text.HAL_I2C_MspInit) refers to main.o(.text.Error_Handler) for Error_Handler
    i2c.o(.text.HAL_I2C_MspInit) refers to stm32wlxx_hal_gpio.o(.text.HAL_GPIO_Init) for HAL_GPIO_Init
    i2c.o(.ARM.exidx.text.HAL_I2C_MspInit) refers to i2c.o(.text.HAL_I2C_MspInit) for [Anonymous Symbol]
    i2c.o(.text.HAL_I2C_MspDeInit) refers to stm32wlxx_hal_gpio.o(.text.HAL_GPIO_DeInit) for HAL_GPIO_DeInit
    i2c.o(.ARM.exidx.text.HAL_I2C_MspDeInit) refers to i2c.o(.text.HAL_I2C_MspDeInit) for [Anonymous Symbol]
[...]
    Removing stm32wlxx_hal_cortex.o(.text.HAL_MPU_Enable), (24 bytes).
    Removing stm32wlxx_hal_cortex.o(.ARM.exidx.text.HAL_MPU_Enable), (8 bytes).
    Removing stm32wlxx_hal_cortex.o(.text.HAL_MPU_Disable), (18 bytes).
    Removing stm32wlxx_hal_cortex.o(.ARM.exidx.text.HAL_MPU_Disable), (8 bytes).
    Removing stm32wlxx_hal_cortex.o(.text.HAL_MPU_ConfigRegion), (94 bytes).
    Removing stm32wlxx_hal_cortex.o(.ARM.exidx.text.HAL_MPU_ConfigRegion), (8 bytes).
    Removing stm32wlxx_hal.o(.text), (0 bytes).
    Removing stm32wlxx_hal.o(.ARM.exidx.text.HAL_Init), (8 bytes).
    Removing stm32wlxx_hal.o(.ARM.exidx.text.HAL_InitTick), (8 bytes).
    Removing stm32wlxx_hal.o(.text.HAL_MspInit), (2 bytes).
    Removing stm32wlxx_hal.o(.ARM.exidx.text.HAL_MspInit), (8 bytes).
    Removing stm32wlxx_hal.o(.text.HAL_DeInit), (78 bytes).
    Removing stm32wlxx_hal.o(.ARM.exidx.text.HAL_DeInit), (8 bytes).
    Removing stm32wlxx_hal.o(.text.HAL_MspDeInit), (2 bytes).
    Removing stm32wlxx_hal.o(.ARM.exidx.text.HAL_MspDeInit), (8 bytes).
    Removing stm32wlxx_hal.o(.ARM.exidx.text.HAL_IncTick), (8 bytes).
    Removing stm32wlxx_hal.o(.ARM.exidx.text.HAL_GetTick), (8 bytes).
    Removing stm32wlxx_hal.o(.text.HAL_GetTickPrio), (12 bytes).
    Removing stm32wlxx_hal.o(.ARM.exidx.text.HAL_GetTickPrio), (8 bytes).
    Removing stm32wlxx_hal.o(.text.HAL_SetTickFreq), (38 bytes).
    Removing stm32wlxx_hal.o(.ARM.exidx.text.HAL_SetTickFreq), (8 bytes).
    Removing stm32wlxx_hal.o(.text.HAL_GetTickFreq), (12 bytes).
    Removing stm32wlxx_hal.o(.ARM.exidx.text.HAL_GetTickFreq), (8 bytes).
    Removing stm32wlxx_hal.o(.ARM.exidx.text.HAL_Delay), (8 bytes).
    Removing stm32wlxx_hal.o(.text.HAL_SuspendTick), (18 bytes).
    Removing stm32wlxx_hal.o(.ARM.exidx.text.HAL_SuspendTick), (8 bytes).
    Removing stm32wlxx_hal.o(.text.HAL_ResumeTick), (18 bytes).
    Removing stm32wlxx_hal.o(.ARM.exidx.text.HAL_ResumeTick), (8 bytes).
    Removing stm32wlxx_hal.o(.text.HAL_GetHalVersion), (8 bytes).
    Removing stm32wlxx_hal.o(.ARM.exidx.text.HAL_GetHalVersion), (8 bytes).
    Removing stm32wlxx_hal.o(.text.HAL_GetREVID), (14 bytes).
    Removing stm32wlxx_hal.o(.ARM.exidx.text.HAL_GetREVID), (8 bytes).
    Removing stm32wlxx_hal.o(.text.HAL_GetDEVID), (16 bytes).
    Removing stm32wlxx_hal.o(.ARM.exidx.text.HAL_GetDEVID), (8 bytes).
    Removing stm32wlxx_hal.o(.text.HAL_GetUIDw0), (12 bytes).
    Removing stm32wlxx_hal.o(.ARM.exidx.text.HAL_GetUIDw0), (8 bytes).
    Removing stm32wlxx_hal.o(.text.HAL_GetUIDw1), (12 bytes).
    Removing stm32wlxx_hal.o(.ARM.exidx.text.HAL_GetUIDw1), (8 bytes).
    Removing stm32wlxx_hal.o(.text.HAL_GetUIDw2), (12 bytes).
    Removing stm32wlxx_hal.o(.ARM.exidx.text.HAL_GetUIDw2), (8 bytes).
    Removing stm32wlxx_hal.o(.text.HAL_DBGMCU_EnableDBGSleepMode), (18 bytes).
    Removing stm32wlxx_hal.o(.ARM.exidx.text.HAL_DBGMCU_EnableDBGSleepMode), (8 bytes).
    Removing stm32wlxx_hal.o(.text.HAL_DBGMCU_DisableDBGSleepMode), (18 bytes).
    Removing stm32wlxx_hal.o(.ARM.exidx.text.HAL_DBGMCU_DisableDBGSleepMode), (8 bytes).
    Removing stm32wlxx_hal.o(.text.HAL_DBGMCU_EnableDBGStopMode), (18 bytes).
    Removing stm32wlxx_hal.o(.ARM.exidx.text.HAL_DBGMCU_EnableDBGStopMode), (8 bytes).
    Removing stm32wlxx_hal.o(.text.HAL_DBGMCU_DisableDBGStopMode), (18 bytes).
    Removing stm32wlxx_hal.o(.ARM.exidx.text.HAL_DBGMCU_DisableDBGStopMode), (8 bytes).
    Removing stm32wlxx_hal.o(.text.HAL_DBGMCU_EnableDBGStandbyMode), (18 bytes).
    Removing stm32wlxx_hal.o(.ARM.exidx.text.HAL_DBGMCU_EnableDBGStandbyMode), (8 bytes).
    Removing stm32wlxx_hal.o(.text.HAL_DBGMCU_DisableDBGStandbyMode), (18 bytes).
    Removing stm32wlxx_hal.o(.ARM.exidx.text.HAL_DBGMCU_DisableDBGStandbyMode), (8 bytes).
    Removing stm32wlxx_hal.o(.text.HAL_SYSCFG_SRAM2Erase), (24 bytes).
    Removing stm32wlxx_hal.o(.ARM.exidx.text.HAL_SYSCFG_SRAM2Erase), (8 bytes).
    Removing stm32wlxx_hal.o(.text.HAL_SYSCFG_VREFBUF_VoltageScalingConfig), (42 bytes).
    Removing stm32wlxx_hal.o(.ARM.exidx.text.HAL_SYSCFG_VREFBUF_VoltageScalingConfig), (8 bytes).
    Removing stm32wlxx_hal.o(.text.HAL_SYSCFG_VREFBUF_TrimmingConfig), (10 bytes).
    Removing stm32wlxx_hal.o(.ARM.exidx.text.HAL_SYSCFG_VREFBUF_TrimmingConfig), (8 bytes).
    Removing stm32wlxx_hal.o(.text.HAL_SYSCFG_VREFBUF_HighImpedanceConfig), (18 bytes).
    Removing stm32wlxx_hal.o(.ARM.exidx.text.HAL_SYSCFG_VREFBUF_HighImpedanceConfig), (8 bytes).
    Removing stm32wlxx_hal.o(.text.HAL_SYSCFG_EnableVREFBUF), (48 bytes).
    Removing stm32wlxx_hal.o(.ARM.exidx.text.HAL_SYSCFG_EnableVREFBUF), (8 bytes).
    Removing stm32wlxx_hal.o(.text.HAL_SYSCFG_DisableVREFBUF), (16 bytes).
    Removing stm32wlxx_hal.o(.ARM.exidx.text.HAL_SYSCFG_DisableVREFBUF), (8 bytes).
    Removing stm32wlxx_hal.o(.text.HAL_SYSCFG_EnableIOAnalogSwitchBooster), (16 bytes).
    Removing stm32wlxx_hal.o(.ARM.exidx.text.HAL_SYSCFG_EnableIOAnalogSwitchBooster), (8 bytes).
    Removing stm32wlxx_hal.o(.text.HAL_SYSCFG_DisableIOAnalogSwitchBooster), (16 bytes).
    Removing stm32wlxx_hal.o(.ARM.exidx.text.HAL_SYSCFG_DisableIOAnalogSwitchBooster), (8 bytes).
    Removing stm32wlxx_hal_exti.o(.text), (0 bytes).
    Removing stm32wlxx_hal_exti.o(.text.HAL_EXTI_SetConfigLine), (220 bytes).
    Removing stm32wlxx_hal_exti.o(.ARM.exidx.text.HAL_EXTI_SetConfigLine), (8 bytes).
    Removing stm32wlxx_hal_exti.o(.text.HAL_EXTI_GetConfigLine), (162 bytes).
    Removing stm32wlxx_hal_exti.o(.ARM.exidx.text.HAL_EXTI_GetConfigLine), (8 bytes).
    Removing stm32wlxx_hal_exti.o(.text.HAL_EXTI_ClearConfigLine), (136 bytes).
    Removing stm32wlxx_hal_exti.o(.ARM.exidx.text.HAL_EXTI_ClearConfigLine), (8 bytes).
    Removing stm32wlxx_hal_exti.o(.text.HAL_EXTI_RegisterCallback), (12 bytes).
    Removing stm32wlxx_hal_exti.o(.ARM.exidx.text.HAL_EXTI_RegisterCallback), (8 bytes).
    Removing stm32wlxx_hal_exti.o(.text.HAL_EXTI_GetHandle), (12 bytes).
    Removing stm32wlxx_hal_exti.o(.ARM.exidx.text.HAL_EXTI_GetHandle), (8 bytes).
    Removing stm32wlxx_hal_exti.o(.text.HAL_EXTI_IRQHandler), (56 bytes).
    Removing stm32wlxx_hal_exti.o(.ARM.exidx.text.HAL_EXTI_IRQHandler), (8 bytes).
    Removing stm32wlxx_hal_exti.o(.text.HAL_EXTI_GetPending), (32 bytes).
    Removing stm32wlxx_hal_exti.o(.ARM.exidx.text.HAL_EXTI_GetPending), (8 bytes).
    Removing stm32wlxx_hal_exti.o(.text.HAL_EXTI_ClearPending), (30 bytes).
    Removing stm32wlxx_hal_exti.o(.ARM.exidx.text.HAL_EXTI_ClearPending), (8 bytes).
    Removing stm32wlxx_hal_exti.o(.text.HAL_EXTI_GenerateSWI), (30 bytes).
    Removing stm32wlxx_hal_exti.o(.ARM.exidx.text.HAL_EXTI_GenerateSWI), (8 bytes).
    Removing stm32wlxx_hal_i2c.o(.text), (0 bytes).
    Removing stm32wlxx_hal_i2c.o(.ARM.exidx.text.HAL_I2C_Init), (8 bytes).
    Removing stm32wlxx_hal_i2c.o(.text.HAL_I2C_MspInit), (2 bytes).
    Removing stm32wlxx_hal_i2c.o(.ARM.exidx.text.HAL_I2C_MspInit), (8 bytes).
    Removing stm32wlxx_hal_i2c.o(.text.HAL_I2C_DeInit), (54 bytes).
    Removing stm32wlxx_hal_i2c.o(.ARM.exidx.text.HAL_I2C_DeInit), (8 bytes).
    Removing stm32wlxx_hal_i2c.o(.text.HAL_I2C_MspDeInit), (2 bytes).
    Removing stm32wlxx_hal_i2c.o(.ARM.exidx.text.HAL_I2C_MspDeInit), (8 bytes).
    Removing stm32wlxx_hal_i2c.o(.ARM.exidx.text.HAL_I2C_Master_Transmit), (8 bytes).
    Removing stm32wlxx_hal_i2c.o(.ARM.exidx.text.I2C_WaitOnTXISFlagUntilTimeout), (8 bytes).
    Removing stm32wlxx_hal_i2c.o(.text.HAL_I2C_Master_Receive), (622 bytes).
    Removing stm32wlxx_hal_i2c.o(.ARM.exidx.text.HAL_I2C_Master_Receive), (8 bytes).
    Removing stm32wlxx_hal_i2c.o(.text.I2C_WaitOnRXNEFlagUntilTimeout), (190 bytes).
    Removing stm32wlxx_hal_i2c.o(.ARM.exidx.text.I2C_WaitOnRXNEFlagUntilTimeout), (8 bytes).
    Removing stm32wlxx_hal_i2c.o(.text.HAL_I2C_Slave_Transmit), (652 bytes).
    Removing stm32wlxx_hal_i2c.o(.ARM.exidx.text.HAL_I2C_Slave_Transmit), (8 bytes).
    Removing stm32wlxx_hal_i2c.o(.text.HAL_I2C_Slave_Receive), (544 bytes).
    Removing stm32wlxx_hal_i2c.o(.ARM.exidx.text.HAL_I2C_Slave_Receive), (8 bytes).
    Removing stm32wlxx_hal_i2c.o(.text.HAL_I2C_Master_Transmit_IT), (170 bytes).
    Removing stm32wlxx_hal_i2c.o(.ARM.exidx.text.HAL_I2C_Master_Transmit_IT), (8 bytes).
    Removing stm32wlxx_hal_i2c.o(.text.I2C_Master_ISR_IT), (456 bytes).
    Removing stm32wlxx_hal_i2c.o(.ARM.exidx.text.I2C_Master_ISR_IT), (8 bytes).
    Removing stm32wlxx_hal_i2c.o(.text.HAL_I2C_Master_Receive_IT), (170 bytes).
    Removing stm32wlxx_hal_i2c.o(.ARM.exidx.text.HAL_I2C_Master_Receive_IT), (8 bytes).
    Removing stm32wlxx_hal_i2c.o(.text.HAL_I2C_Slave_Transmit_IT), (114 bytes).
    Removing stm32wlxx_hal_i2c.o(.ARM.exidx.text.HAL_I2C_Slave_Transmit_IT), (8 bytes).
    Removing stm32wlxx_hal_i2c.o(.text.I2C_Slave_ISR_IT), (580 bytes).
    Removing stm32wlxx_hal_i2c.o(.ARM.exidx.text.I2C_Slave_ISR_IT), (8 bytes).
    Removing stm32wlxx_hal_i2c.o(.text.HAL_I2C_Slave_Receive_IT), (114 bytes).
    Removing stm32wlxx_hal_i2c.o(.ARM.exidx.text.HAL_I2C_Slave_Receive_IT), (8 bytes).
    Removing stm32wlxx_hal_i2c.o(.text.HAL_I2C_Master_Transmit_DMA), (342 bytes).
    Removing stm32wlxx_hal_i2c.o(.ARM.exidx.text.HAL_I2C_Master_Transmit_DMA), (8 bytes).
    Removing stm32wlxx_hal_i2c.o(.text.I2C_Master_ISR_DMA), (442 bytes).
    Removing stm32wlxx_hal_i2c.o(.ARM.exidx.text.I2C_Master_ISR_DMA), (8 bytes).
    Removing stm32wlxx_hal_i2c.o(.text.I2C_DMAMasterTransmitCplt), (142 bytes).
    Removing stm32wlxx_hal_i2c.o(.ARM.exidx.text.I2C_DMAMasterTransmitCplt), (8 bytes).
    Removing stm32wlxx_hal_i2c.o(.text.I2C_DMAError), (18 bytes).
    Removing stm32wlxx_hal_i2c.o(.ARM.exidx.text.I2C_DMAError), (8 bytes).
    Removing stm32wlxx_hal_i2c.o(.text.HAL_I2C_Master_Receive_DMA), (336 bytes).
    Removing stm32wlxx_hal_i2c.o(.ARM.exidx.text.HAL_I2C_Master_Receive_DMA), (8 bytes).
    Removing stm32wlxx_hal_i2c.o(.text.I2C_DMAMasterReceiveCplt), (142 bytes).
    Removing stm32wlxx_hal_i2c.o(.ARM.exidx.text.I2C_DMAMasterReceiveCplt), (8 bytes).
    Removing stm32wlxx_hal_i2c.o(.text.HAL_I2C_Slave_Transmit_DMA), (230 bytes).
    Removing stm32wlxx_hal_i2c.o(.ARM.exidx.text.HAL_I2C_Slave_Transmit_DMA), (8 bytes).
    Removing stm32wlxx_hal_i2c.o(.text.I2C_Slave_ISR_DMA), (552 bytes).
    Removing stm32wlxx_hal_i2c.o(.ARM.exidx.text.I2C_Slave_ISR_DMA), (8 bytes).
    Removing stm32wlxx_hal_i2c.o(.text.I2C_DMASlaveTransmitCplt), (168 bytes).
    Removing stm32wlxx_hal_i2c.o(.ARM.exidx.text.I2C_DMASlaveTransmitCplt), (8 bytes).
    Removing stm32wlxx_hal_i2c.o(.text.HAL_I2C_Slave_Receive_DMA), (230 bytes).
    Removing stm32wlxx_hal_i2c.o(.ARM.exidx.text.HAL_I2C_Slave_Receive_DMA), (8 bytes).
    Removing stm32wlxx_hal_i2c.o(.text.I2C_DMASlaveReceiveCplt), (176 bytes).
    Removing stm32wlxx_hal_i2c.o(.ARM.exidx.text.I2C_DMASlaveReceiveCplt), (8 bytes).
    Removing stm32wlxx_hal_i2c.o(.text.HAL_I2C_Mem_Write), (842 bytes).
    Removing stm32wlxx_hal_i2c.o(.ARM.exidx.text.HAL_I2C_Mem_Write), (8 bytes).
    Removing stm32wlxx_hal_i2c.o(.text.HAL_I2C_Mem_Read), (880 bytes).
    Removing stm32wlxx_hal_i2c.o(.ARM.exidx.text.HAL_I2C_Mem_Read), (8 bytes).
    Removing stm32wlxx_hal_i2c.o(.text.HAL_I2C_Mem_Write_IT), (196 bytes).
    Removing stm32wlxx_hal_i2c.o(.ARM.exidx.text.HAL_I2C_Mem_Write_IT), (8 bytes).
    Removing stm32wlxx_hal_i2c.o(.text.I2C_Mem_ISR_IT), (404 bytes).
    Removing stm32wlxx_hal_i2c.o(.ARM.exidx.text.I2C_Mem_ISR_IT), (8 bytes).
    Removing stm32wlxx_hal_i2c.o(.text.HAL_I2C_Mem_Read_IT), (190 bytes).
    Removing stm32wlxx_hal_i2c.o(.ARM.exidx.text.HAL_I2C_Mem_Read_IT), (8 bytes).
    Removing stm32wlxx_hal_i2c.o(.text.HAL_I2C_Mem_Write_DMA), (346 bytes).
    Removing stm32wlxx_hal_i2c.o(.ARM.exidx.text.HAL_I2C_Mem_Write_DMA), (8 bytes).
    Removing stm32wlxx_hal_i2c.o(.text.I2C_Mem_ISR_DMA), (436 bytes).
    Removing stm32wlxx_hal_i2c.o(.ARM.exidx.text.I2C_Mem_ISR_DMA), (8 bytes).
    Removing stm32wlxx_hal_i2c.o(.text.HAL_I2C_Mem_Read_DMA), (330 bytes).
    Removing stm32wlxx_hal_i2c.o(.ARM.exidx.text.HAL_I2C_Mem_Read_DMA), (8 bytes).
    Removing stm32wlxx_hal_i2c.o(.text.HAL_I2C_IsDeviceReady), (546 bytes).
    Removing stm32wlxx_hal_i2c.o(.ARM.exidx.text.HAL_I2C_IsDeviceReady), (8 bytes).
    Removing stm32wlxx_hal_i2c.o(.text.HAL_I2C_Master_Seq_Transmit_IT), (204 bytes).
    Removing stm32wlxx_hal_i2c.o(.ARM.exidx.text.HAL_I2C_Master_Seq_Transmit_IT), (8 bytes).
    Removing stm32wlxx_hal_i2c.o(.text.HAL_I2C_Master_Seq_Transmit_DMA), (404 bytes).
    Removing stm32wlxx_hal_i2c.o(.ARM.exidx.text.HAL_I2C_Master_Seq_Transmit_DMA), (8 bytes).
    Removing stm32wlxx_hal_i2c.o(.text.HAL_I2C_Master_Seq_Receive_IT), (238 bytes).
    Removing stm32wlxx_hal_i2c.o(.ARM.exidx.text.HAL_I2C_Master_Seq_Receive_IT), (8 bytes).
    Removing stm32wlxx_hal_i2c.o(.text.HAL_I2C_Master_Seq_Receive_DMA), (398 bytes).
    Removing stm32wlxx_hal_i2c.o(.ARM.exidx.text.HAL_I2C_Master_Seq_Receive_DMA), (8 bytes).
    Removing stm32wlxx_hal_i2c.o(.text.HAL_I2C_Slave_Seq_Transmit_IT), (228 bytes).
    Removing stm32wlxx_hal_i2c.o(.ARM.exidx.text.HAL_I2C_Slave_Seq_Transmit_IT), (8 bytes).
    Removing stm32wlxx_hal_i2c.o(.text.I2C_DMAAbort), (60 bytes).
    Removing stm32wlxx_hal_i2c.o(.ARM.exidx.text.I2C_DMAAbort), (8 bytes).
    Removing stm32wlxx_hal_i2c.o(.text.HAL_I2C_Slave_Seq_Transmit_DMA), (388 bytes).
    Removing stm32wlxx_hal_i2c.o(.ARM.exidx.text.HAL_I2C_Slave_Seq_Transmit_DMA), (8 bytes).
    Removing stm32wlxx_hal_i2c.o(.text.HAL_I2C_Slave_Seq_Receive_IT), (228 bytes).
    Removing stm32wlxx_hal_i2c.o(.ARM.exidx.text.HAL_I2C_Slave_Seq_Receive_IT), (8 bytes).
    Removing stm32wlxx_hal_i2c.o(.text.HAL_I2C_Slave_Seq_Receive_DMA), (416 bytes).
    Removing stm32wlxx_hal_i2c.o(.ARM.exidx.text.HAL_I2C_Slave_Seq_Receive_DMA), (8 bytes).
    Removing stm32wlxx_hal_i2c.o(.text.HAL_I2C_EnableListen_IT), (42 bytes).
    Removing stm32wlxx_hal_i2c.o(.ARM.exidx.text.HAL_I2C_EnableListen_IT), (8 bytes).
    Removing stm32wlxx_hal_i2c.o(.text.HAL_I2C_DisableListen_IT), (58 bytes).
    Removing stm32wlxx_hal_i2c.o(.ARM.exidx.text.HAL_I2C_DisableListen_IT), (8 bytes).
    Removing stm32wlxx_hal_i2c.o(.text.HAL_I2C_Master_Abort_IT), (210 bytes).
    Removing stm32wlxx_hal_i2c.o(.ARM.exidx.text.HAL_I2C_Master_Abort_IT), (8 bytes).
    Removing stm32wlxx_hal_i2c.o(.text.HAL_I2C_EV_IRQHandler), (16 bytes).
    Removing stm32wlxx_hal_i2c.o(.ARM.exidx.text.HAL_I2C_EV_IRQHandler), (8 bytes).
    Removing stm32wlxx_hal_i2c.o(.text.HAL_I2C_ER_IRQHandler), (96 bytes).
    Removing stm32wlxx_hal_i2c.o(.ARM.exidx.text.HAL_I2C_ER_IRQHandler), (8 bytes).
    Removing stm32wlxx_hal_i2c.o(.text.I2C_ITError), (334 bytes).
    Removing stm32wlxx_hal_i2c.o(.ARM.exidx.text.I2C_ITError), (8 bytes).
    Removing stm32wlxx_hal_i2c.o(.text.HAL_I2C_MasterTxCpltCallback), (2 bytes).
    Removing stm32wlxx_hal_i2c.o(.ARM.exidx.text.HAL_I2C_MasterTxCpltCallback), (8 bytes).
    Removing stm32wlxx_hal_i2c.o(.text.HAL_I2C_MasterRxCpltCallback), (2 bytes).
    Removing stm32wlxx_hal_i2c.o(.ARM.exidx.text.HAL_I2C_MasterRxCpltCallback), (8 bytes).
    Removing stm32wlxx_hal_i2c.o(.text.HAL_I2C_SlaveTxCpltCallback), (2 bytes).
    Removing stm32wlxx_hal_i2c.o(.ARM.exidx.text.HAL_I2C_SlaveTxCpltCallback), (8 bytes).
    Removing stm32wlxx_hal_i2c.o(.text.HAL_I2C_SlaveRxCpltCallback), (2 bytes).
    Removing stm32wlxx_hal_i2c.o(.ARM.exidx.text.HAL_I2C_SlaveRxCpltCallback), (8 bytes).
    Removing stm32wlxx_hal_i2c.o(.text.HAL_I2C_AddrCallback), (2 bytes).
    Removing stm32wlxx_hal_i2c.o(.ARM.exidx.text.HAL_I2C_AddrCallback), (8 bytes).
    Removing stm32wlxx_hal_i2c.o(.text.HAL_I2C_ListenCpltCallback), (2 bytes).
    Removing stm32wlxx_hal_i2c.o(.ARM.exidx.text.HAL_I2C_ListenCpltCallback), (8 bytes).
    Removing stm32wlxx_hal_i2c.o(.text.HAL_I2C_MemTxCpltCallback), (2 bytes).
    Removing stm32wlxx_hal_i2c.o(.ARM.exidx.text.HAL_I2C_MemTxCpltCallback), (8 bytes).
    Removing stm32wlxx_hal_i2c.o(.text.HAL_I2C_MemRxCpltCallback), (2 bytes).
    Removing stm32wlxx_hal_i2c.o(.ARM.exidx.text.HAL_I2C_MemRxCpltCallback), (8 bytes).
    Removing stm32wlxx_hal_i2c.o(.text.HAL_I2C_ErrorCallback), (2 bytes).
    Removing stm32wlxx_hal_i2c.o(.ARM.exidx.text.HAL_I2C_ErrorCallback), (8 bytes).
    Removing stm32wlxx_hal_i2c.o(.text.HAL_I2C_AbortCpltCallback), (2 bytes).
    Removing stm32wlxx_hal_i2c.o(.ARM.exidx.text.HAL_I2C_AbortCpltCallback), (8 bytes).
    Removing stm32wlxx_hal_i2c.o(.text.HAL_I2C_GetState), (6 bytes).
    Removing stm32wlxx_hal_i2c.o(.ARM.exidx.text.HAL_I2C_GetState), (8 bytes).
    Removing stm32wlxx_hal_i2c.o(.text.HAL_I2C_GetMode), (6 bytes).
    Removing stm32wlxx_hal_i2c.o(.ARM.exidx.text.HAL_I2C_GetMode), (8 bytes).
    Removing stm32wlxx_hal_i2c.o(.text.HAL_I2C_GetError), (4 bytes).
    Removing stm32wlxx_hal_i2c.o(.ARM.exidx.text.HAL_I2C_GetError), (8 bytes).
    Removing stm32wlxx_hal_i2c.o(.text.I2C_ITMasterCplt), (308 bytes).
    Removing stm32wlxx_hal_i2c.o(.ARM.exidx.text.I2C_ITMasterCplt), (8 bytes).
    Removing stm32wlxx_hal_i2c.o(.text.I2C_ITSlaveCplt), (600 bytes).
    Removing stm32wlxx_hal_i2c.o(.ARM.exidx.text.I2C_ITSlaveCplt), (8 bytes).
    Removing stm32wlxx_hal_i2c.o(.text.I2C_ITAddrCplt), (158 bytes).
    Removing stm32wlxx_hal_i2c.o(.ARM.exidx.text.I2C_ITAddrCplt), (8 bytes).
    Removing stm32wlxx_hal_i2c.o(.ARM.exidx.text.I2C_IsErrorOccurred), (8 bytes).
    Removing stm32wlxx_hal_i2c.o(.rodata..Lswitch.table.I2C_ITSlaveCplt.3), (40 bytes).
    Removing stm32wlxx_hal_i2c_ex.o(.text), (0 bytes).
    Removing stm32wlxx_hal_i2c_ex.o(.ARM.exidx.text.HAL_I2CEx_ConfigAnalogFilter), (8 bytes).
    Removing stm32wlxx_hal_i2c_ex.o(.ARM.exidx.text.HAL_I2CEx_ConfigDigitalFilter), (8 bytes).
    Removing stm32wlxx_hal_i2c_ex.o(.text.HAL_I2CEx_EnableWakeUp), (68 bytes).
    Removing stm32wlxx_hal_i2c_ex.o(.ARM.exidx.text.HAL_I2CEx_EnableWakeUp), (8 bytes).
    Removing stm32wlxx_hal_i2c_ex.o(.text.HAL_I2CEx_DisableWakeUp), (68 bytes).
    Removing stm32wlxx_hal_i2c_ex.o(.ARM.exidx.text.HAL_I2CEx_DisableWakeUp), (8 bytes).
    Removing stm32wlxx_hal_i2c_ex.o(.text.HAL_I2CEx_EnableFastModePlus), (14 bytes).
    Removing stm32wlxx_hal_i2c_ex.o(.ARM.exidx.text.HAL_I2CEx_EnableFastModePlus), (8 bytes).
    Removing stm32wlxx_hal_i2c_ex.o(.text.HAL_I2CEx_DisableFastModePlus), (16 bytes).
    Removing stm32wlxx_hal_i2c_ex.o(.ARM.exidx.text.HAL_I2CEx_DisableFastModePlus), (8 bytes).
    Removing stm32wlxx_hal_tim.o(.text), (0 bytes).
    Removing stm32wlxx_hal_tim_ex.o(.text), (0 bytes).
    Removing system_stm32wlxx.o(.text), (0 bytes).
    Removing system_stm32wlxx.o(.ARM.exidx.text.SystemInit), (8 bytes).
    Removing system_stm32wlxx.o(.text.SystemCoreClockUpdate), (186 bytes).
    Removing system_stm32wlxx.o(.ARM.exidx.text.SystemCoreClockUpdate), (8 bytes).
    Removing system_stm32wlxx.o(.rodata.APBPrescTable), (32 bytes).
    Removing oled.o(.text), (0 bytes).
    Removing oled.o(.text.OLED_SetPos), (44 bytes).
    Removing oled.o(.ARM.exidx.text.OLED_SetPos), (8 bytes).
    Removing oled.o(.ARM.exidx.text.OLED_Clear), (8 bytes).
    Removing oled.o(.ARM.exidx.text.OLED_Init), (8 bytes).
    Removing oled.o(.ARM.exidx.text.OLED_ShowChar), (8 bytes).
    Removing oled.o(.ARM.exidx.text.OLED_ShowString), (8 bytes).
    Removing oled.o(.data.g_Hzk), (512 bytes).
    Removing task.o(.text), (0 bytes).
    Removing task.o(.ARM.exidx.text.BSP_Init), (8 bytes).
    Removing task.o(.ARM.exidx.text.OLED_Proc), (8 bytes).
    Removing task.o(.ARM.exidx.text.KEY_Proc), (8 bytes).
    Removing task.o(.rodata.str1.4), (12 bytes).

572 unused section(s) (total 29870 bytes) removed from the image.

==============================================================================

Image Symbol Table

    Local Symbols

    Symbol Name                              Value     Ov Type        Size  Object(Section)

    ../clib/angel/boardlib.s                 0x00000000   Number         0  boardinit1.o ABSOLUTE
    ../clib/angel/boardlib.s                 0x00000000   Number         0  boardinit2.o ABSOLUTE
    ../clib/angel/boardlib.s                 0x00000000   Number         0  boardinit3.o ABSOLUTE
    ../clib/angel/boardlib.s                 0x00000000   Number         0  boardshut.o ABSOLUTE
    ../clib/angel/handlers.s                 0x00000000   Number         0  __scatter_copy.o ABSOLUTE
    ../clib/angel/handlers.s                 0x00000000   Number         0  __scatter_zi.o ABSOLUTE
    ../clib/angel/kernel.s                   0x00000000   Number         0  __rtentry.o ABSOLUTE
    ../clib/angel/kernel.s                   0x00000000   Number         0  __rtentry2.o ABSOLUTE
    ../clib/angel/kernel.s                   0x00000000   Number         0  __rtentry4.o ABSOLUTE
    ../clib/angel/kernel.s                   0x00000000   Number         0  rtexit.o ABSOLUTE
    ../clib/angel/kernel.s                   0x00000000   Number         0  rtexit2.o ABSOLUTE
    ../clib/angel/rt.s                       0x00000000   Number         0  rt_fp_status_addr.o ABSOLUTE
    ../clib/angel/rt.s                       0x00000000   Number         0  rt_fp_status_addr_intlibspace.o ABSOLUTE
    ../clib/angel/rt.s                       0x00000000   Number         0  rt_raise.o ABSOLUTE
    ../clib/angel/scatter.s                  0x00000000   Number         0  __scatter.o ABSOLUTE
    ../clib/angel/startup.s                  0x00000000   Number         0  __main.o ABSOLUTE
    ../clib/angel/sys.s                      0x00000000   Number         0  sys_stackheap_outer.o ABSOLUTE
    ../clib/angel/sys.s                      0x00000000   Number         0  libspace.o ABSOLUTE
    ../clib/angel/sys.s                      0x00000000   Number         0  use_no_semi.o ABSOLUTE
    ../clib/angel/sys.s                      0x00000000   Number         0  indicate_semi.o ABSOLUTE
    ../clib/angel/sysapp.c                   0x00000000   Number         0  sys_exit.o ABSOLUTE
    ../clib/angel/sysapp.c                   0x00000000   Number         0  sys_exit_hlt.o ABSOLUTE
    ../clib/angel/sysapp.c                   0x00000000   Number         0  sys_command.o ABSOLUTE
    ../clib/angel/sysapp.c                   0x00000000   Number         0  sys_command_hlt.o ABSOLUTE
    ../clib/angel/sysapp.c                   0x00000000   Number         0  sys_wrch.o ABSOLUTE
    ../clib/angel/sysapp.c                   0x00000000   Number         0  sys_wrch_hlt.o ABSOLUTE
    ../clib/armsys.c                         0x00000000   Number         0  argv_veneer.o ABSOLUTE
    ../clib/armsys.c                         0x00000000   Number         0  argv_veneer.o ABSOLUTE
    ../clib/armsys.c                         0x00000000   Number         0  _get_argv_nomalloc.o ABSOLUTE
    ../clib/armsys.c                         0x00000000   Number         0  no_argv.o ABSOLUTE
    ../clib/heapalloc.c                      0x00000000   Number         0  hrguard.o ABSOLUTE
    ../clib/heapaux.c                        0x00000000   Number         0  heapauxi.o ABSOLUTE
    ../clib/libinit.s                        0x00000000   Number         0  libinit.o ABSOLUTE
    ../clib/libinit.s                        0x00000000   Number         0  libinit2.o ABSOLUTE
    ../clib/libinit.s                        0x00000000   Number         0  libshutdown.o ABSOLUTE
    ../clib/libinit.s                        0x00000000   Number         0  libshutdown2.o ABSOLUTE
    ../clib/memcpset.s                       0x00000000   Number         0  rt_memclr_w.o ABSOLUTE
    ../clib/misc.s                           0x00000000   Number         0  printf_stubs.o ABSOLUTE
    ../clib/printf.c                         0x00000000   Number         0  __2sprintf.o ABSOLUTE
    ../clib/printf.c                         0x00000000   Number         0  noretval__2sprintf.o ABSOLUTE
    ../clib/printf.c                         0x00000000   Number         0  __printf.o ABSOLUTE
    ../clib/printf.c                         0x00000000   Number         0  _printf_pad.o ABSOLUTE
    ../clib/printf.c                         0x00000000   Number         0  _printf_dec.o ABSOLUTE
    ../clib/printf.c                         0x00000000   Number         0  __printf_flags.o ABSOLUTE
    ../clib/printf.c                         0x00000000   Number         0  __printf_ss.o ABSOLUTE
    ../clib/printf.c                         0x00000000   Number         0  __printf_flags_ss.o ABSOLUTE
    ../clib/printf.c                         0x00000000   Number         0  __printf_wp.o ABSOLUTE
    ../clib/printf.c                         0x00000000   Number         0  __printf_flags_wp.o ABSOLUTE
    ../clib/printf.c                         0x00000000   Number         0  __printf_ss_wp.o ABSOLUTE
    ../clib/printf.c                         0x00000000   Number         0  __printf_flags_ss_wp.o ABSOLUTE
    ../clib/printf.c                         0x00000000   Number         0  _printf_intcommon.o ABSOLUTE
    ../clib/printf.c                         0x00000000   Number         0  _printf_char_common.o ABSOLUTE
    ../clib/printf.c                         0x00000000   Number         0  _sputc.o ABSOLUTE
    ../clib/printf.c                         0x00000000   Number         0  __printf_nopercent.o ABSOLUTE
    ../clib/printf_percent.s                 0x00000000   Number         0  _printf_d.o ABSOLUTE
    ../clib/printf_percent.s                 0x00000000   Number         0  _printf_percent.o ABSOLUTE
    ../clib/printf_percent.s                 0x00000000   Number         0  _printf_percent_end.o ABSOLUTE
    ../clib/signal.c                         0x00000000   Number         0  defsig_rtmem_outer.o ABSOLUTE
    ../clib/signal.c                         0x00000000   Number         0  defsig_rtmem_formal.o ABSOLUTE
    ../clib/signal.c                         0x00000000   Number         0  defsig_exit.o ABSOLUTE
    ../clib/signal.c                         0x00000000   Number         0  defsig_rtmem_inner.o ABSOLUTE
    ../clib/signal.c                         0x00000000   Number         0  __raise.o ABSOLUTE
    ../clib/signal.c                         0x00000000   Number         0  defsig_general.o ABSOLUTE
    ../clib/signal.c                         0x00000000   Number         0  defsig_abrt_inner.o ABSOLUTE
    ../clib/signal.c                         0x00000000   Number         0  defsig_fpe_inner.o ABSOLUTE
    ../clib/signal.c                         0x00000000   Number         0  defsig_rtred_inner.o ABSOLUTE
    ../clib/signal.c                         0x00000000   Number         0  defsig_stak_inner.o ABSOLUTE
    ../clib/signal.c                         0x00000000   Number         0  defsig_pvfn_inner.o ABSOLUTE
    ../clib/signal.c                         0x00000000   Number         0  defsig_cppl_inner.o ABSOLUTE
    ../clib/signal.c                         0x00000000   Number         0  defsig_segv_inner.o ABSOLUTE
    ../clib/signal.c                         0x00000000   Number         0  defsig_other.o ABSOLUTE
    ../clib/signal.s                         0x00000000   Number         0  defsig.o ABSOLUTE
    ../clib/stdlib.c                         0x00000000   Number         0  exit.o ABSOLUTE
    ../fplib/fpinit.s                        0x00000000   Number         0  fpinit.o ABSOLUTE
    dc.s                                     0x00000000   Number         0  dc.o ABSOLUTE
    gpio.c                                   0x00000000   Number         0  gpio.o ABSOLUTE
    i2c.c                                    0x00000000   Number         0  i2c.o ABSOLUTE
    main.c                                   0x00000000   Number         0  main.o ABSOLUTE
    oled.c                                   0x00000000   Number         0  oled.o ABSOLUTE
    startup_stm32wle5xx.s                    0x00000000   Number         0  startup_stm32wle5xx.o ABSOLUTE
    stm32wlxx_hal.c                          0x00000000   Number         0  stm32wlxx_hal.o ABSOLUTE
    stm32wlxx_hal_cortex.c                   0x00000000   Number         0  stm32wlxx_hal_cortex.o ABSOLUTE
    stm32wlxx_hal_dma.c                      0x00000000   Number         0  stm32wlxx_hal_dma.o ABSOLUTE
    stm32wlxx_hal_dma_ex.c                   0x00000000   Number         0  stm32wlxx_hal_dma_ex.o ABSOLUTE
    stm32wlxx_hal_exti.c                     0x00000000   Number         0  stm32wlxx_hal_exti.o ABSOLUTE
    stm32wlxx_hal_flash.c                    0x00000000   Number         0  stm32wlxx_hal_flash.o ABSOLUTE
    stm32wlxx_hal_flash_ex.c                 0x00000000   Number         0  stm32wlxx_hal_flash_ex.o ABSOLUTE
    stm32wlxx_hal_gpio.c                     0x00000000   Number         0  stm32wlxx_hal_gpio.o ABSOLUTE
    stm32wlxx_hal_i2c.c                      0x00000000   Number         0  stm32wlxx_hal_i2c.o ABSOLUTE
    stm32wlxx_hal_i2c_ex.c                   0x00000000   Number         0  stm32wlxx_hal_i2c_ex.o ABSOLUTE
    stm32wlxx_hal_msp.c                      0x00000000   Number         0  stm32wlxx_hal_msp.o ABSOLUTE
    stm32wlxx_hal_pwr.c                      0x00000000   Number         0  stm32wlxx_hal_pwr.o ABSOLUTE
    stm32wlxx_hal_pwr_ex.c                   0x00000000   Number         0  stm32wlxx_hal_pwr_ex.o ABSOLUTE
    stm32wlxx_hal_rcc.c                      0x00000000   Number         0  stm32wlxx_hal_rcc.o ABSOLUTE
    stm32wlxx_hal_rcc_ex.c                   0x00000000   Number         0  stm32wlxx_hal_rcc_ex.o ABSOLUTE
    stm32wlxx_hal_tim.c                      0x00000000   Number         0  stm32wlxx_hal_tim.o ABSOLUTE
    stm32wlxx_hal_tim_ex.c                   0x00000000   Number         0  stm32wlxx_hal_tim_ex.o ABSOLUTE
    stm32wlxx_it.c                           0x00000000   Number         0  stm32wlxx_it.o ABSOLUTE
    system_stm32wlxx.c                       0x00000000   Number         0  system_stm32wlxx.o ABSOLUTE
    task.c                                   0x00000000   Number         0  task.o ABSOLUTE
    RESET                                    0x08000000   Section      312  startup_stm32wle5xx.o(RESET)
    !!!main                                  0x08000138   Section        8  __main.o(!!!main)
    !!!scatter                               0x08000140   Section       52  __scatter.o(!!!scatter)
    !!handler_copy                           0x08000174   Section       26  __scatter_copy.o(!!handler_copy)
    !!handler_zi                             0x08000190   Section       28  __scatter_zi.o(!!handler_zi)
    .ARM.Collect$$_printf_percent$$00000000  0x080001ac   Section        0  _printf_percent.o(.ARM.Collect$$_printf_percent$$00000000)
    .ARM.Collect$$_printf_percent$$00000009  0x080001ac   Section        6  _printf_d.o(.ARM.Collect$$_printf_percent$$00000009)
    .ARM.Collect$$_printf_percent$$00000017  0x080001b2   Section        4  _printf_percent_end.o(.ARM.Collect$$_printf_percent$$00000017)
    .ARM.Collect$$libinit$$00000000          0x080001b6   Section        2  libinit.o(.ARM.Collect$$libinit$$00000000)
    .ARM.Collect$$libinit$$00000001          0x080001b8   Section        4  libinit2.o(.ARM.Collect$$libinit$$00000001)
    .ARM.Collect$$libinit$$00000004          0x080001bc   Section        0  libinit2.o(.ARM.Collect$$libinit$$00000004)
    .ARM.Collect$$libinit$$0000000A          0x080001bc   Section        0  libinit2.o(.ARM.Collect$$libinit$$0000000A)
    .ARM.Collect$$libinit$$0000000C          0x080001bc   Section        0  libinit2.o(.ARM.Collect$$libinit$$0000000C)
    .ARM.Collect$$libinit$$0000000E          0x080001bc   Section        0  libinit2.o(.ARM.Collect$$libinit$$0000000E)
    .ARM.Collect$$libinit$$00000011          0x080001bc   Section        0  libinit2.o(.ARM.Collect$$libinit$$00000011)
    .ARM.Collect$$libinit$$00000013          0x080001bc   Section        0  libinit2.o(.ARM.Collect$$libinit$$00000013)
    .ARM.Collect$$libinit$$00000015          0x080001bc   Section        0  libinit2.o(.ARM.Collect$$libinit$$00000015)
    .ARM.Collect$$libinit$$00000017          0x080001bc   Section        0  libinit2.o(.ARM.Collect$$libinit$$00000017)
    .ARM.Collect$$libinit$$00000019          0x080001bc   Section        0  libinit2.o(.ARM.Collect$$libinit$$00000019)
    .ARM.Collect$$libinit$$0000001B          0x080001bc   Section        0  libinit2.o(.ARM.Collect$$libinit$$0000001B)
    .ARM.Collect$$libinit$$0000001D          0x080001bc   Section        0  libinit2.o(.ARM.Collect$$libinit$$0000001D)
    .ARM.Collect$$libinit$$0000001F          0x080001bc   Section        0  libinit2.o(.ARM.Collect$$libinit$$0000001F)
    .ARM.Collect$$libinit$$00000021          0x080001bc   Section        0  libinit2.o(.ARM.Collect$$libinit$$00000021)
    .ARM.Collect$$libinit$$00000023          0x080001bc   Section        0  libinit2.o(.ARM.Collect$$libinit$$00000023)
    .ARM.Collect$$libinit$$00000025          0x080001bc   Section        0  libinit2.o(.ARM.Collect$$libinit$$00000025)
    .ARM.Collect$$libinit$$0000002C          0x080001bc   Section        0  libinit2.o(.ARM.Collect$$libinit$$0000002C)
    .ARM.Collect$$libinit$$0000002E          0x080001bc   Section        0  libinit2.o(.ARM.Collect$$libinit$$0000002E)
    .ARM.Collect$$libinit$$00000030          0x080001bc   Section        0  libinit2.o(.ARM.Collect$$libinit$$00000030)
    .ARM.Collect$$libinit$$00000032          0x080001bc   Section        0  libinit2.o(.ARM.Collect$$libinit$$00000032)
    .ARM.Collect$$libinit$$00000033          0x080001bc   Section        2  libinit2.o(.ARM.Collect$$libinit$$00000033)
    .ARM.Collect$$libshutdown$$00000000      0x080001be   Section        2  libshutdown.o(.ARM.Collect$$libshutdown$$00000000)
    .ARM.Collect$$libshutdown$$00000002      0x080001c0   Section        0  libshutdown2.o(.ARM.Collect$$libshutdown$$00000002)
    .ARM.Collect$$libshutdown$$00000004      0x080001c0   Section        0  libshutdown2.o(.ARM.Collect$$libshutdown$$00000004)
    .ARM.Collect$$libshutdown$$00000007      0x080001c0   Section        0  libshutdown2.o(.ARM.Collect$$libshutdown$$00000007)
    .ARM.Collect$$libshutdown$$0000000A      0x080001c0   Section        0  libshutdown2.o(.ARM.Collect$$libshutdown$$0000000A)
    .ARM.Collect$$libshutdown$$0000000C      0x080001c0   Section        0  libshutdown2.o(.ARM.Collect$$libshutdown$$0000000C)
    .ARM.Collect$$libshutdown$$0000000F      0x080001c0   Section        0  libshutdown2.o(.ARM.Collect$$libshutdown$$0000000F)
    .ARM.Collect$$libshutdown$$00000010      0x080001c0   Section        2  libshutdown2.o(.ARM.Collect$$libshutdown$$00000010)
    .ARM.Collect$$rtentry$$00000000          0x080001c2   Section        0  __rtentry.o(.ARM.Collect$$rtentry$$00000000)
    .ARM.Collect$$rtentry$$00000002          0x080001c2   Section        0  __rtentry2.o(.ARM.Collect$$rtentry$$00000002)
    .ARM.Collect$$rtentry$$00000004          0x080001c2   Section        6  __rtentry4.o(.ARM.Collect$$rtentry$$00000004)
    .ARM.Collect$$rtentry$$00000009          0x080001c8   Section        0  __rtentry2.o(.ARM.Collect$$rtentry$$00000009)
    .ARM.Collect$$rtentry$$0000000A          0x080001c8   Section        4  __rtentry2.o(.ARM.Collect$$rtentry$$0000000A)
    .ARM.Collect$$rtentry$$0000000C          0x080001cc   Section        0  __rtentry2.o(.ARM.Collect$$rtentry$$0000000C)
    .ARM.Collect$$rtentry$$0000000D          0x080001cc   Section        8  __rtentry2.o(.ARM.Collect$$rtentry$$0000000D)
    .ARM.Collect$$rtexit$$00000000           0x080001d4   Section        2  rtexit.o(.ARM.Collect$$rtexit$$00000000)
    .ARM.Collect$$rtexit$$00000002           0x080001d6   Section        0  rtexit2.o(.ARM.Collect$$rtexit$$00000002)
    .ARM.Collect$$rtexit$$00000003           0x080001d6   Section        4  rtexit2.o(.ARM.Collect$$rtexit$$00000003)
    .ARM.Collect$$rtexit$$00000004           0x080001da   Section        6  rtexit2.o(.ARM.Collect$$rtexit$$00000004)
    .text                                    0x080001e0   Section       64  startup_stm32wle5xx.o(.text)
    .text                                    0x08000220   Section        0  noretval__2sprintf.o(.text)
    .text                                    0x08000248   Section        0  _printf_pad.o(.text)
    .text                                    0x08000298   Section        0  _printf_dec.o(.text)
    .text                                    0x08000310   Section        0  __printf_flags_wp.o(.text)
    .text                                    0x08000448   Section       78  rt_memclr_w.o(.text)
    .text                                    0x08000496   Section        0  heapauxi.o(.text)
    .text                                    0x0800049c   Section        0  _printf_intcommon.o(.text)
    _printf_input_char                       0x08000551   Thumb Code    10  _printf_char_common.o(.text)
    .text                                    0x08000550   Section        0  _printf_char_common.o(.text)
    .text                                    0x08000580   Section        0  _sputc.o(.text)
    .text                                    0x0800058a   Section       74  sys_stackheap_outer.o(.text)
    .text                                    0x080005d4   Section        0  exit.o(.text)
    .text                                    0x080005e8   Section        8  libspace.o(.text)
    .text                                    0x080005f0   Section        0  sys_exit.o(.text)
    .text                                    0x080005fc   Section        8  rt_fp_status_addr_intlibspace.o(.text)
    .text                                    0x08000604   Section        2  use_no_semi.o(.text)
    .text                                    0x08000606   Section        0  indicate_semi.o(.text)
    [Anonymous Symbol]                       0x08000608   Section        0  task.o(.text.BSP_Init)
    [Anonymous Symbol]                       0x08000694   Section        0  stm32wlxx_it.o(.text.BusFault_Handler)
    [Anonymous Symbol]                       0x08000698   Section        0  stm32wlxx_it.o(.text.DebugMon_Handler)
    [Anonymous Symbol]                       0x0800069c   Section        0  main.o(.text.Error_Handler)
    [Anonymous Symbol]                       0x080006a8   Section        0  stm32wlxx_hal.o(.text.HAL_Delay)
    [Anonymous Symbol]                       0x080006d0   Section        0  stm32wlxx_hal_gpio.o(.text.HAL_GPIO_Init)
    [Anonymous Symbol]                       0x080008a4   Section        0  stm32wlxx_hal_gpio.o(.text.HAL_GPIO_ReadPin)
    [Anonymous Symbol]                       0x080008b0   Section        0  stm32wlxx_hal_gpio.o(.text.HAL_GPIO_WritePin)
    [Anonymous Symbol]                       0x080008bc   Section        0  stm32wlxx_hal.o(.text.HAL_GetTick)
    [Anonymous Symbol]                       0x080008c8   Section        0  stm32wlxx_hal_i2c_ex.o(.text.HAL_I2CEx_ConfigAnalogFilter)
    [Anonymous Symbol]                       0x08000914   Section        0  stm32wlxx_hal_i2c_ex.o(.text.HAL_I2CEx_ConfigDigitalFilter)
    [Anonymous Symbol]                       0x0800095c   Section        0  stm32wlxx_hal_i2c.o(.text.HAL_I2C_Init)
    [Anonymous Symbol]                       0x08000a00   Section        0  stm32wlxx_hal_i2c.o(.text.HAL_I2C_Master_Transmit)
    [Anonymous Symbol]                       0x08000c70   Section        0  i2c.o(.text.HAL_I2C_MspInit)
    [Anonymous Symbol]                       0x08000d04   Section        0  stm32wlxx_hal.o(.text.HAL_IncTick)
    [Anonymous Symbol]                       0x08000d20   Section        0  stm32wlxx_hal.o(.text.HAL_Init)
    [Anonymous Symbol]                       0x08000d4c   Section        0  stm32wlxx_hal.o(.text.HAL_InitTick)
    [Anonymous Symbol]                       0x08000d98   Section        0  stm32wlxx_hal_msp.o(.text.HAL_MspInit)
    [Anonymous Symbol]                       0x08000d9c   Section        0  stm32wlxx_hal_cortex.o(.text.HAL_NVIC_SetPriority)
    [Anonymous Symbol]                       0x08000df4   Section        0  stm32wlxx_hal_cortex.o(.text.HAL_NVIC_SetPriorityGrouping)
    [Anonymous Symbol]                       0x08000e14   Section        0  stm32wlxx_hal_pwr_ex.o(.text.HAL_PWREx_GetVoltageRange)
    [Anonymous Symbol]                       0x08000e24   Section        0  stm32wlxx_hal_pwr.o(.text.HAL_PWR_EnableBkUpAccess)
    [Anonymous Symbol]                       0x08000e38   Section        0  stm32wlxx_hal_rcc_ex.o(.text.HAL_RCCEx_PeriphCLKConfig)
    [Anonymous Symbol]                       0x08001044   Section        0  stm32wlxx_hal_rcc.o(.text.HAL_RCC_ClockConfig)
    [Anonymous Symbol]                       0x0800123c   Section        0  stm32wlxx_hal_rcc.o(.text.HAL_RCC_GetHCLKFreq)
    [Anonymous Symbol]                       0x08001260   Section        0  stm32wlxx_hal_rcc.o(.text.HAL_RCC_GetSysClockFreq)
    [Anonymous Symbol]                       0x08001350   Section        0  stm32wlxx_hal_rcc.o(.text.HAL_RCC_OscConfig)
    [Anonymous Symbol]                       0x08001aac   Section        0  stm32wlxx_hal_cortex.o(.text.HAL_SYSTICK_Config)
    [Anonymous Symbol]                       0x08001ad8   Section        0  stm32wlxx_it.o(.text.HardFault_Handler)
    I2C_IsErrorOccurred                      0x08001add   Thumb Code   360  stm32wlxx_hal_i2c.o(.text.I2C_IsErrorOccurred)
    [Anonymous Symbol]                       0x08001adc   Section        0  stm32wlxx_hal_i2c.o(.text.I2C_IsErrorOccurred)
    I2C_WaitOnTXISFlagUntilTimeout           0x08001c45   Thumb Code   134  stm32wlxx_hal_i2c.o(.text.I2C_WaitOnTXISFlagUntilTimeout)
    [Anonymous Symbol]                       0x08001c44   Section        0  stm32wlxx_hal_i2c.o(.text.I2C_WaitOnTXISFlagUntilTimeout)
    [Anonymous Symbol]                       0x08001ccc   Section        0  task.o(.text.KEY_Proc)
    [Anonymous Symbol]                       0x08001e34   Section        0  gpio.o(.text.MX_GPIO_Init)
    [Anonymous Symbol]                       0x08001ee0   Section        0  i2c.o(.text.MX_I2C1_Init)
    [Anonymous Symbol]                       0x08001f4c   Section        0  stm32wlxx_it.o(.text.MemManage_Handler)
    [Anonymous Symbol]                       0x08001f50   Section        0  stm32wlxx_it.o(.text.NMI_Handler)
    [Anonymous Symbol]                       0x08001f54   Section        0  oled.o(.text.OLED_Clear)
    [Anonymous Symbol]                       0x08002008   Section        0  oled.o(.text.OLED_Init)
    [Anonymous Symbol]                       0x080020d0   Section        0  task.o(.text.OLED_Proc)
    [Anonymous Symbol]                       0x08002194   Section        0  oled.o(.text.OLED_ShowChar)
    [Anonymous Symbol]                       0x08002300   Section        0  oled.o(.text.OLED_ShowString)
    [Anonymous Symbol]                       0x08002340   Section        0  i2c.o(.text.OLED_Write)
    [Anonymous Symbol]                       0x0800236c   Section        0  stm32wlxx_it.o(.text.PendSV_Handler)
    [Anonymous Symbol]                       0x08002370   Section        0  stm32wlxx_it.o(.text.SVC_Handler)
    [Anonymous Symbol]                       0x08002374   Section        0  stm32wlxx_it.o(.text.SysTick_Handler)
    [Anonymous Symbol]                       0x080023a8   Section        0  system_stm32wlxx.o(.text.SystemInit)
    [Anonymous Symbol]                       0x080023ac   Section        0  stm32wlxx_it.o(.text.UsageFault_Handler)
    [Anonymous Symbol]                       0x080023b0   Section        0  main.o(.text.main)
    i._is_digit                              0x08002442   Section        0  __printf_wp.o(i._is_digit)
    x$fpl$fpinit                             0x08002450   Section       14  fpinit.o(x$fpl$fpinit)
    maptable                                 0x0800245e   Data          17  __printf_flags_wp.o(.constdata)
    .constdata                               0x0800245e   Section       17  __printf_flags_wp.o(.constdata)
    .L__const.RCC_SetFlashLatency.FLASH_LATENCY_RANGE 0x08002470   Data          12  stm32wlxx_hal_rcc.o(.rodata..L__const.RCC_SetFlashLatency.FLASH_LATENCY_RANGE)
    .L_MergedGlobals                         0x20000000   Data           8  stm32wlxx_hal.o(.data..L_MergedGlobals)
    [Anonymous Symbol]                       0x20000000   Section        0  stm32wlxx_hal.o(.data..L_MergedGlobals)
    .bss                                     0x20000010   Section       96  libspace.o(.bss)
    .L_MergedGlobals                         0x20000070   Data          11  task.o(.bss..L_MergedGlobals)
    [Anonymous Symbol]                       0x20000070   Section        0  task.o(.bss..L_MergedGlobals)
    Heap_Mem                                 0x200000d8   Data         512  startup_stm32wle5xx.o(HEAP)
    HEAP                                     0x200000d8   Section      512  startup_stm32wle5xx.o(HEAP)
    Stack_Mem                                0x200002d8   Data        1024  startup_stm32wle5xx.o(STACK)
    STACK                                    0x200002d8   Section     1024  startup_stm32wle5xx.o(STACK)
    __initial_sp                             0x200006d8   Data           0  startup_stm32wle5xx.o(STACK)

    Global Symbols

    Symbol Name                              Value     Ov Type        Size  Object(Section)

    BuildAttributes$$THM_ISAv4$E$P$D$K$B$S$7EM$PE$A:L22UL41UL21$X:L11$S22US41US21$IEEE1$IW$~IW$USESV6$~STKCKD$USESV7$~SHL$OTIME$ROPI$IEEEF$EBA8$UX$STANDARDLIB$REQ8$PRES8$EABIv2 0x00000000   Number         0  anon$$obj.o ABSOLUTE
    _printf_flags                            0x00000000   Number         0  printf_stubs.o ABSOLUTE
    _printf_return_value                     0x00000000   Number         0  printf_stubs.o ABSOLUTE
    _printf_sizespec                         0x00000000   Number         0  printf_stubs.o ABSOLUTE
    _printf_widthprec                        0x00000000   Number         0  printf_stubs.o ABSOLUTE
    __ARM_exceptions_init                     - Undefined Weak Reference
    __alloca_initialize                       - Undefined Weak Reference
    __arm_preinit_                            - Undefined Weak Reference
    __cpp_initialize__aeabi_                  - Undefined Weak Reference
    __cxa_finalize                            - Undefined Weak Reference
    __rt_locale                               - Undefined Weak Reference
    __sigvec_lookup                           - Undefined Weak Reference
    _atexit_init                              - Undefined Weak Reference
    _call_atexit_fns                          - Undefined Weak Reference
    _clock_init                               - Undefined Weak Reference
    _fp_trap_init                             - Undefined Weak Reference
    _fp_trap_shutdown                         - Undefined Weak Reference
    _get_lc_collate                           - Undefined Weak Reference
    _get_lc_ctype                             - Undefined Weak Reference
    _get_lc_monetary                          - Undefined Weak Reference
    _get_lc_numeric                           - Undefined Weak Reference
    _get_lc_time                              - Undefined Weak Reference
    _getenv_init                              - Undefined Weak Reference
    _handle_redirection                       - Undefined Weak Reference
    _init_alloc                               - Undefined Weak Reference
    _init_user_alloc                          - Undefined Weak Reference
    _initio                                   - Undefined Weak Reference
    _printf_truncate_signed                   - Undefined Weak Reference
    _printf_truncate_unsigned                 - Undefined Weak Reference
    _rand_init                                - Undefined Weak Reference
    _signal_finish                            - Undefined Weak Reference
    _signal_init                              - Undefined Weak Reference
    _terminate_alloc                          - Undefined Weak Reference
    _terminate_user_alloc                     - Undefined Weak Reference
    _terminateio                              - Undefined Weak Reference
    __Vectors_Size                           0x00000138   Number         0  startup_stm32wle5xx.o ABSOLUTE
    __Vectors                                0x08000000   Data           4  startup_stm32wle5xx.o(RESET)
    __Vectors_End                            0x08000138   Data           0  startup_stm32wle5xx.o(RESET)
    __main                                   0x08000139   Thumb Code     8  __main.o(!!!main)
    __scatterload                            0x08000141   Thumb Code     0  __scatter.o(!!!scatter)
    __scatterload_rt2                        0x08000141   Thumb Code    44  __scatter.o(!!!scatter)
    __scatterload_rt2_thumb_only             0x08000141   Thumb Code     0  __scatter.o(!!!scatter)
    __scatterload_null                       0x0800014f   Thumb Code     0  __scatter.o(!!!scatter)
    __scatterload_copy                       0x08000175   Thumb Code    26  __scatter_copy.o(!!handler_copy)
    __scatterload_zeroinit                   0x08000191   Thumb Code    28  __scatter_zi.o(!!handler_zi)
    _printf_d                                0x080001ad   Thumb Code     0  _printf_d.o(.ARM.Collect$$_printf_percent$$00000009)
    _printf_percent                          0x080001ad   Thumb Code     0  _printf_percent.o(.ARM.Collect$$_printf_percent$$00000000)
    _printf_percent_end                      0x080001b3   Thumb Code     0  _printf_percent_end.o(.ARM.Collect$$_printf_percent$$00000017)
    __rt_lib_init                            0x080001b7   Thumb Code     0  libinit.o(.ARM.Collect$$libinit$$00000000)
    __rt_lib_init_fp_1                       0x080001b9   Thumb Code     0  libinit2.o(.ARM.Collect$$libinit$$00000001)
    __rt_lib_init_alloca_1                   0x080001bd   Thumb Code     0  libinit2.o(.ARM.Collect$$libinit$$0000002E)
    __rt_lib_init_argv_1                     0x080001bd   Thumb Code     0  libinit2.o(.ARM.Collect$$libinit$$0000002C)
    __rt_lib_init_atexit_1                   0x080001bd   Thumb Code     0  libinit2.o(.ARM.Collect$$libinit$$0000001B)
    __rt_lib_init_clock_1                    0x080001bd   Thumb Code     0  libinit2.o(.ARM.Collect$$libinit$$00000021)
    __rt_lib_init_cpp_1                      0x080001bd   Thumb Code     0  libinit2.o(.ARM.Collect$$libinit$$00000032)
    __rt_lib_init_exceptions_1               0x080001bd   Thumb Code     0  libinit2.o(.ARM.Collect$$libinit$$00000030)
    __rt_lib_init_fp_trap_1                  0x080001bd   Thumb Code     0  libinit2.o(.ARM.Collect$$libinit$$0000001F)
    __rt_lib_init_getenv_1                   0x080001bd   Thumb Code     0  libinit2.o(.ARM.Collect$$libinit$$00000023)
    __rt_lib_init_heap_1                     0x080001bd   Thumb Code     0  libinit2.o(.ARM.Collect$$libinit$$0000000A)
    __rt_lib_init_lc_collate_1               0x080001bd   Thumb Code     0  libinit2.o(.ARM.Collect$$libinit$$00000011)
    __rt_lib_init_lc_ctype_1                 0x080001bd   Thumb Code     0  libinit2.o(.ARM.Collect$$libinit$$00000013)
    __rt_lib_init_lc_monetary_1              0x080001bd   Thumb Code     0  libinit2.o(.ARM.Collect$$libinit$$00000015)
    __rt_lib_init_lc_numeric_1               0x080001bd   Thumb Code     0  libinit2.o(.ARM.Collect$$libinit$$00000017)
    __rt_lib_init_lc_time_1                  0x080001bd   Thumb Code     0  libinit2.o(.ARM.Collect$$libinit$$00000019)
    __rt_lib_init_preinit_1                  0x080001bd   Thumb Code     0  libinit2.o(.ARM.Collect$$libinit$$00000004)
    __rt_lib_init_rand_1                     0x080001bd   Thumb Code     0  libinit2.o(.ARM.Collect$$libinit$$0000000E)
    __rt_lib_init_return                     0x080001bd   Thumb Code     0  libinit2.o(.ARM.Collect$$libinit$$00000033)
    __rt_lib_init_signal_1                   0x080001bd   Thumb Code     0  libinit2.o(.ARM.Collect$$libinit$$0000001D)
    __rt_lib_init_stdio_1                    0x080001bd   Thumb Code     0  libinit2.o(.ARM.Collect$$libinit$$00000025)
    __rt_lib_init_user_alloc_1               0x080001bd   Thumb Code     0  libinit2.o(.ARM.Collect$$libinit$$0000000C)
    __rt_lib_shutdown                        0x080001bf   Thumb Code     0  libshutdown.o(.ARM.Collect$$libshutdown$$00000000)
    __rt_lib_shutdown_cpp_1                  0x080001c1   Thumb Code     0  libshutdown2.o(.ARM.Collect$$libshutdown$$00000002)
    __rt_lib_shutdown_fp_trap_1              0x080001c1   Thumb Code     0  libshutdown2.o(.ARM.Collect$$libshutdown$$00000007)
    __rt_lib_shutdown_heap_1                 0x080001c1   Thumb Code     0  libshutdown2.o(.ARM.Collect$$libshutdown$$0000000F)
    __rt_lib_shutdown_return                 0x080001c1   Thumb Code     0  libshutdown2.o(.ARM.Collect$$libshutdown$$00000010)
    __rt_lib_shutdown_signal_1               0x080001c1   Thumb Code     0  libshutdown2.o(.ARM.Collect$$libshutdown$$0000000A)
    __rt_lib_shutdown_stdio_1                0x080001c1   Thumb Code     0  libshutdown2.o(.ARM.Collect$$libshutdown$$00000004)
    __rt_lib_shutdown_user_alloc_1           0x080001c1   Thumb Code     0  libshutdown2.o(.ARM.Collect$$libshutdown$$0000000C)
    __rt_entry                               0x080001c3   Thumb Code     0  __rtentry.o(.ARM.Collect$$rtentry$$00000000)
    __rt_entry_presh_1                       0x080001c3   Thumb Code     0  __rtentry2.o(.ARM.Collect$$rtentry$$00000002)
    __rt_entry_sh                            0x080001c3   Thumb Code     0  __rtentry4.o(.ARM.Collect$$rtentry$$00000004)
    __rt_entry_li                            0x080001c9   Thumb Code     0  __rtentry2.o(.ARM.Collect$$rtentry$$0000000A)
    __rt_entry_postsh_1                      0x080001c9   Thumb Code     0  __rtentry2.o(.ARM.Collect$$rtentry$$00000009)
    __rt_entry_main                          0x080001cd   Thumb Code     0  __rtentry2.o(.ARM.Collect$$rtentry$$0000000D)
    __rt_entry_postli_1                      0x080001cd   Thumb Code     0  __rtentry2.o(.ARM.Collect$$rtentry$$0000000C)
    __rt_exit                                0x080001d5   Thumb Code     0  rtexit.o(.ARM.Collect$$rtexit$$00000000)
    __rt_exit_ls                             0x080001d7   Thumb Code     0  rtexit2.o(.ARM.Collect$$rtexit$$00000003)
    __rt_exit_prels_1                        0x080001d7   Thumb Code     0  rtexit2.o(.ARM.Collect$$rtexit$$00000002)
    __rt_exit_exit                           0x080001db   Thumb Code     0  rtexit2.o(.ARM.Collect$$rtexit$$00000004)
    Reset_Handler                            0x080001e1   Thumb Code     8  startup_stm32wle5xx.o(.text)
    ADC_IRQHandler                           0x080001fb   Thumb Code     0  startup_stm32wle5xx.o(.text)
    AES_IRQHandler                           0x080001fb   Thumb Code     0  startup_stm32wle5xx.o(.text)
    COMP_IRQHandler                          0x080001fb   Thumb Code     0  startup_stm32wle5xx.o(.text)
    DAC_IRQHandler                           0x080001fb   Thumb Code     0  startup_stm32wle5xx.o(.text)
    DMA1_Channel1_IRQHandler                 0x080001fb   Thumb Code     0  startup_stm32wle5xx.o(.text)
    DMA1_Channel2_IRQHandler                 0x080001fb   Thumb Code     0  startup_stm32wle5xx.o(.text)
    DMA1_Channel3_IRQHandler                 0x080001fb   Thumb Code     0  startup_stm32wle5xx.o(.text)
    DMA1_Channel4_IRQHandler                 0x080001fb   Thumb Code     0  startup_stm32wle5xx.o(.text)
    DMA1_Channel5_IRQHandler                 0x080001fb   Thumb Code     0  startup_stm32wle5xx.o(.text)
    DMA1_Channel6_IRQHandler                 0x080001fb   Thumb Code     0  startup_stm32wle5xx.o(.text)
    DMA1_Channel7_IRQHandler                 0x080001fb   Thumb Code     0  startup_stm32wle5xx.o(.text)
    DMA2_Channel1_IRQHandler                 0x080001fb   Thumb Code     0  startup_stm32wle5xx.o(.text)
    DMA2_Channel2_IRQHandler                 0x080001fb   Thumb Code     0  startup_stm32wle5xx.o(.text)
    DMA2_Channel3_IRQHandler                 0x080001fb   Thumb Code     0  startup_stm32wle5xx.o(.text)
    DMA2_Channel4_IRQHandler                 0x080001fb   Thumb Code     0  startup_stm32wle5xx.o(.text)
    DMA2_Channel5_IRQHandler                 0x080001fb   Thumb Code     0  startup_stm32wle5xx.o(.text)
    DMA2_Channel6_IRQHandler                 0x080001fb   Thumb Code     0  startup_stm32wle5xx.o(.text)
    DMA2_Channel7_IRQHandler                 0x080001fb   Thumb Code     0  startup_stm32wle5xx.o(.text)
    DMAMUX1_OVR_IRQHandler                   0x080001fb   Thumb Code     0  startup_stm32wle5xx.o(.text)
    EXTI0_IRQHandler                         0x080001fb   Thumb Code     0  startup_stm32wle5xx.o(.text)
    EXTI15_10_IRQHandler                     0x080001fb   Thumb Code     0  startup_stm32wle5xx.o(.text)
    EXTI1_IRQHandler                         0x080001fb   Thumb Code     0  startup_stm32wle5xx.o(.text)
    EXTI2_IRQHandler                         0x080001fb   Thumb Code     0  startup_stm32wle5xx.o(.text)
    EXTI3_IRQHandler                         0x080001fb   Thumb Code     0  startup_stm32wle5xx.o(.text)
    EXTI4_IRQHandler                         0x080001fb   Thumb Code     0  startup_stm32wle5xx.o(.text)
    EXTI9_5_IRQHandler                       0x080001fb   Thumb Code     0  startup_stm32wle5xx.o(.text)
    FLASH_IRQHandler                         0x080001fb   Thumb Code     0  startup_stm32wle5xx.o(.text)
    HSEM_IRQHandler                          0x080001fb   Thumb Code     0  startup_stm32wle5xx.o(.text)
    I2C1_ER_IRQHandler                       0x080001fb   Thumb Code     0  startup_stm32wle5xx.o(.text)
    I2C1_EV_IRQHandler                       0x080001fb   Thumb Code     0  startup_stm32wle5xx.o(.text)
    I2C2_ER_IRQHandler                       0x080001fb   Thumb Code     0  startup_stm32wle5xx.o(.text)
    I2C2_EV_IRQHandler                       0x080001fb   Thumb Code     0  startup_stm32wle5xx.o(.text)
    I2C3_ER_IRQHandler                       0x080001fb   Thumb Code     0  startup_stm32wle5xx.o(.text)
    I2C3_EV_IRQHandler                       0x080001fb   Thumb Code     0  startup_stm32wle5xx.o(.text)
    LPTIM1_IRQHandler                        0x080001fb   Thumb Code     0  startup_stm32wle5xx.o(.text)
    LPTIM2_IRQHandler                        0x080001fb   Thumb Code     0  startup_stm32wle5xx.o(.text)
    LPTIM3_IRQHandler                        0x080001fb   Thumb Code     0  startup_stm32wle5xx.o(.text)
    LPUART1_IRQHandler                       0x080001fb   Thumb Code     0  startup_stm32wle5xx.o(.text)
    PKA_IRQHandler                           0x080001fb   Thumb Code     0  startup_stm32wle5xx.o(.text)
    PVD_PVM_IRQHandler                       0x080001fb   Thumb Code     0  startup_stm32wle5xx.o(.text)
    RCC_IRQHandler                           0x080001fb   Thumb Code     0  startup_stm32wle5xx.o(.text)
    RNG_IRQHandler                           0x080001fb   Thumb Code     0  startup_stm32wle5xx.o(.text)
    RTC_Alarm_IRQHandler                     0x080001fb   Thumb Code     0  startup_stm32wle5xx.o(.text)
    RTC_WKUP_IRQHandler                      0x080001fb   Thumb Code     0  startup_stm32wle5xx.o(.text)
    SPI1_IRQHandler                          0x080001fb   Thumb Code     0  startup_stm32wle5xx.o(.text)
    SPI2_IRQHandler                          0x080001fb   Thumb Code     0  startup_stm32wle5xx.o(.text)
    SUBGHZSPI_IRQHandler                     0x080001fb   Thumb Code     0  startup_stm32wle5xx.o(.text)
    SUBGHZ_Radio_IRQHandler                  0x080001fb   Thumb Code     0  startup_stm32wle5xx.o(.text)
    TAMP_STAMP_LSECSS_SSRU_IRQHandler        0x080001fb   Thumb Code     0  startup_stm32wle5xx.o(.text)
    TIM16_IRQHandler                         0x080001fb   Thumb Code     0  startup_stm32wle5xx.o(.text)
    TIM17_IRQHandler                         0x080001fb   Thumb Code     0  startup_stm32wle5xx.o(.text)
    TIM1_BRK_IRQHandler                      0x080001fb   Thumb Code     0  startup_stm32wle5xx.o(.text)
    TIM1_CC_IRQHandler                       0x080001fb   Thumb Code     0  startup_stm32wle5xx.o(.text)
    TIM1_TRG_COM_IRQHandler                  0x080001fb   Thumb Code     0  startup_stm32wle5xx.o(.text)
    TIM1_UP_IRQHandler                       0x080001fb   Thumb Code     0  startup_stm32wle5xx.o(.text)
    TIM2_IRQHandler                          0x080001fb   Thumb Code     0  startup_stm32wle5xx.o(.text)
    USART1_IRQHandler                        0x080001fb   Thumb Code     0  startup_stm32wle5xx.o(.text)
    USART2_IRQHandler                        0x080001fb   Thumb Code     0  startup_stm32wle5xx.o(.text)
    WWDG_IRQHandler                          0x080001fb   Thumb Code     0  startup_stm32wle5xx.o(.text)
    __user_initial_stackheap                 0x080001fd   Thumb Code     0  startup_stm32wle5xx.o(.text)
    __2sprintf                               0x08000221   Thumb Code    34  noretval__2sprintf.o(.text)
    _printf_pre_padding                      0x08000249   Thumb Code    44  _printf_pad.o(.text)
    _printf_post_padding                     0x08000275   Thumb Code    34  _printf_pad.o(.text)
    _printf_int_dec                          0x08000299   Thumb Code   104  _printf_dec.o(.text)
    __printf                                 0x08000311   Thumb Code   308  __printf_flags_wp.o(.text)
    __aeabi_memclr4                          0x08000449   Thumb Code     0  rt_memclr_w.o(.text)
    __aeabi_memclr8                          0x08000449   Thumb Code     0  rt_memclr_w.o(.text)
    __rt_memclr_w                            0x08000449   Thumb Code    78  rt_memclr_w.o(.text)
    _memset_w                                0x0800044d   Thumb Code     0  rt_memclr_w.o(.text)
    __use_two_region_memory                  0x08000497   Thumb Code     2  heapauxi.o(.text)
    __rt_heap_escrow$2region                 0x08000499   Thumb Code     2  heapauxi.o(.text)
    __rt_heap_expand$2region                 0x0800049b   Thumb Code     2  heapauxi.o(.text)
    _printf_int_common                       0x0800049d   Thumb Code   178  _printf_intcommon.o(.text)
    _printf_char_common                      0x0800055b   Thumb Code    32  _printf_char_common.o(.text)
    _sputc                                   0x08000581   Thumb Code    10  _sputc.o(.text)
    __user_setup_stackheap                   0x0800058b   Thumb Code    74  sys_stackheap_outer.o(.text)
    exit                                     0x080005d5   Thumb Code    18  exit.o(.text)
    __user_libspace                          0x080005e9   Thumb Code     8  libspace.o(.text)
    __user_perproc_libspace                  0x080005e9   Thumb Code     0  libspace.o(.text)
    __user_perthread_libspace                0x080005e9   Thumb Code     0  libspace.o(.text)
    _sys_exit                                0x080005f1   Thumb Code     8  sys_exit.o(.text)
    __rt_fp_status_addr                      0x080005fd   Thumb Code     8  rt_fp_status_addr_intlibspace.o(.text)
    __I$use$semihosting                      0x08000605   Thumb Code     0  use_no_semi.o(.text)
    __use_no_semihosting_swi                 0x08000605   Thumb Code     2  use_no_semi.o(.text)
    __semihosting_library_function           0x08000607   Thumb Code     0  indicate_semi.o(.text)
    BSP_Init                                 0x08000609   Thumb Code   140  task.o(.text.BSP_Init)
    BusFault_Handler                         0x08000695   Thumb Code     2  stm32wlxx_it.o(.text.BusFault_Handler)
    DebugMon_Handler                         0x08000699   Thumb Code     2  stm32wlxx_it.o(.text.DebugMon_Handler)
    Error_Handler                            0x0800069d   Thumb Code    10  main.o(.text.Error_Handler)
    HAL_Delay                                0x080006a9   Thumb Code    40  stm32wlxx_hal.o(.text.HAL_Delay)
    HAL_GPIO_Init                            0x080006d1   Thumb Code   468  stm32wlxx_hal_gpio.o(.text.HAL_GPIO_Init)
    HAL_GPIO_ReadPin                         0x080008a5   Thumb Code    10  stm32wlxx_hal_gpio.o(.text.HAL_GPIO_ReadPin)
    HAL_GPIO_WritePin                        0x080008b1   Thumb Code    12  stm32wlxx_hal_gpio.o(.text.HAL_GPIO_WritePin)
    HAL_GetTick                              0x080008bd   Thumb Code    12  stm32wlxx_hal.o(.text.HAL_GetTick)
    HAL_I2CEx_ConfigAnalogFilter             0x080008c9   Thumb Code    74  stm32wlxx_hal_i2c_ex.o(.text.HAL_I2CEx_ConfigAnalogFilter)
    HAL_I2CEx_ConfigDigitalFilter            0x08000915   Thumb Code    72  stm32wlxx_hal_i2c_ex.o(.text.HAL_I2CEx_ConfigDigitalFilter)
    HAL_I2C_Init                             0x0800095d   Thumb Code   162  stm32wlxx_hal_i2c.o(.text.HAL_I2C_Init)
    HAL_I2C_Master_Transmit                  0x08000a01   Thumb Code   624  stm32wlxx_hal_i2c.o(.text.HAL_I2C_Master_Transmit)
    HAL_I2C_MspInit                          0x08000c71   Thumb Code   146  i2c.o(.text.HAL_I2C_MspInit)
    HAL_IncTick                              0x08000d05   Thumb Code    26  stm32wlxx_hal.o(.text.HAL_IncTick)
    HAL_Init                                 0x08000d21   Thumb Code    44  stm32wlxx_hal.o(.text.HAL_Init)
    HAL_InitTick                             0x08000d4d   Thumb Code    74  stm32wlxx_hal.o(.text.HAL_InitTick)
    HAL_MspInit                              0x08000d99   Thumb Code     2  stm32wlxx_hal_msp.o(.text.HAL_MspInit)
    HAL_NVIC_SetPriority                     0x08000d9d   Thumb Code    86  stm32wlxx_hal_cortex.o(.text.HAL_NVIC_SetPriority)
    HAL_NVIC_SetPriorityGrouping             0x08000df5   Thumb Code    32  stm32wlxx_hal_cortex.o(.text.HAL_NVIC_SetPriorityGrouping)
    HAL_PWREx_GetVoltageRange                0x08000e15   Thumb Code    16  stm32wlxx_hal_pwr_ex.o(.text.HAL_PWREx_GetVoltageRange)
    HAL_PWR_EnableBkUpAccess                 0x08000e25   Thumb Code    18  stm32wlxx_hal_pwr.o(.text.HAL_PWR_EnableBkUpAccess)
    HAL_RCCEx_PeriphCLKConfig                0x08000e39   Thumb Code   522  stm32wlxx_hal_rcc_ex.o(.text.HAL_RCCEx_PeriphCLKConfig)
    HAL_RCC_ClockConfig                      0x08001045   Thumb Code   502  stm32wlxx_hal_rcc.o(.text.HAL_RCC_ClockConfig)
    HAL_RCC_GetHCLKFreq                      0x0800123d   Thumb Code    36  stm32wlxx_hal_rcc.o(.text.HAL_RCC_GetHCLKFreq)
    HAL_RCC_GetSysClockFreq                  0x08001261   Thumb Code   238  stm32wlxx_hal_rcc.o(.text.HAL_RCC_GetSysClockFreq)
    HAL_RCC_OscConfig                        0x08001351   Thumb Code  1882  stm32wlxx_hal_rcc.o(.text.HAL_RCC_OscConfig)
    HAL_SYSTICK_Config                       0x08001aad   Thumb Code    44  stm32wlxx_hal_cortex.o(.text.HAL_SYSTICK_Config)
    HardFault_Handler                        0x08001ad9   Thumb Code     2  stm32wlxx_it.o(.text.HardFault_Handler)
    KEY_Proc                                 0x08001ccd   Thumb Code   360  task.o(.text.KEY_Proc)
    MX_GPIO_Init                             0x08001e35   Thumb Code   172  gpio.o(.text.MX_GPIO_Init)
    MX_I2C1_Init                             0x08001ee1   Thumb Code   108  i2c.o(.text.MX_I2C1_Init)
    MemManage_Handler                        0x08001f4d   Thumb Code     2  stm32wlxx_it.o(.text.MemManage_Handler)
    NMI_Handler                              0x08001f51   Thumb Code     2  stm32wlxx_it.o(.text.NMI_Handler)
    OLED_Clear                               0x08001f55   Thumb Code   180  oled.o(.text.OLED_Clear)
    OLED_Init                                0x08002009   Thumb Code   198  oled.o(.text.OLED_Init)
    OLED_Proc                                0x080020d1   Thumb Code   196  task.o(.text.OLED_Proc)
    OLED_ShowChar                            0x08002195   Thumb Code   364  oled.o(.text.OLED_ShowChar)
    OLED_ShowString                          0x08002301   Thumb Code    64  oled.o(.text.OLED_ShowString)
    OLED_Write                               0x08002341   Thumb Code    44  i2c.o(.text.OLED_Write)
    PendSV_Handler                           0x0800236d   Thumb Code     2  stm32wlxx_it.o(.text.PendSV_Handler)
    SVC_Handler                              0x08002371   Thumb Code     2  stm32wlxx_it.o(.text.SVC_Handler)
    SysTick_Handler                          0x08002375   Thumb Code    50  stm32wlxx_it.o(.text.SysTick_Handler)
    SystemInit                               0x080023a9   Thumb Code     2  system_stm32wlxx.o(.text.SystemInit)
    UsageFault_Handler                       0x080023ad   Thumb Code     2  stm32wlxx_it.o(.text.UsageFault_Handler)
    main                                     0x080023b1   Thumb Code   146  main.o(.text.main)
    _is_digit                                0x08002443   Thumb Code    14  __printf_wp.o(i._is_digit)
    _fp_init                                 0x08002451   Thumb Code    14  fpinit.o(x$fpl$fpinit)
    __fplib_config_pureend_doubles           0x0800245d   Thumb Code     0  fpinit.o(x$fpl$fpinit)
    AHBPrescTable                            0x0800247c   Data          64  system_stm32wlxx.o(.rodata.AHBPrescTable)
    MSIRangeTable                            0x080024bc   Data          64  system_stm32wlxx.o(.rodata.MSIRangeTable)
    g_F6x8                                   0x080024fc   Data         552  oled.o(.rodata.g_F6x8)
    g_F8X16                                  0x08002724   Data        1520  oled.o(.rodata.g_F8X16)
    Region$$Table$$Base                      0x08002d14   Number         0  anon$$obj.o(Region$$Table)
    Region$$Table$$Limit                     0x08002d34   Number         0  anon$$obj.o(Region$$Table)
    uwTickFreq                               0x20000000   Data           1  stm32wlxx_hal.o(.data..L_MergedGlobals)
    uwTickPrio                               0x20000004   Data           4  stm32wlxx_hal.o(.data..L_MergedGlobals)
    SystemCoreClock                          0x20000008   Data           4  system_stm32wlxx.o(.data.SystemCoreClock)
    __libspace_start                         0x20000010   Data          96  libspace.o(.bss)
    State                                    0x20000070   Data           1  task.o(.bss..L_MergedGlobals)
    __temporary_stack_top$libspace           0x20000070   Data           0  libspace.o(.bss)
    Old_State                                0x20000071   Data           1  task.o(.bss..L_MergedGlobals)
    Key_Flag                                 0x20000072   Data           1  task.o(.bss..L_MergedGlobals)
    Task_Time                                0x20000073   Data           2  task.o(.bss..L_MergedGlobals)
    Time_Num                                 0x20000076   Data           2  task.o(.bss..L_MergedGlobals)
    KEY                                      0x20000078   Data           3  task.o(.bss..L_MergedGlobals)
    hi2c1                                    0x2000007c   Data          84  i2c.o(.bss.hi2c1)
    uwTick                                   0x200000d0   Data           4  stm32wlxx_hal.o(.bss.uwTick)



==============================================================================

Memory Map of the image

  Image Entry point : 0x08000139

  Load Region LR_IROM1 (Base: 0x08000000, Size: 0x00002d48, Max: 0x00040000, ABSOLUTE)

    Execution Region ER_IROM1 (Exec base: 0x08000000, Load base: 0x08000000, Size: 0x00002d34, Max: 0x00040000, ABSOLUTE)

    Exec Addr    Load Addr    Size         Type   Attr      Idx    E Section Name        Object

    0x08000000   0x08000000   0x00000138   Data   RO            4    RESET               startup_stm32wle5xx.o
    0x08000138   0x08000138   0x00000008   Code   RO          829  * !!!main             c_w.l(__main.o)
    0x08000140   0x08000140   0x00000034   Code   RO         1006    !!!scatter          c_w.l(__scatter.o)
    0x08000174   0x08000174   0x0000001a   Code   RO         1008    !!handler_copy      c_w.l(__scatter_copy.o)
    0x0800018e   0x0800018e   0x00000002   PAD
    0x08000190   0x08000190   0x0000001c   Code   RO         1010    !!handler_zi        c_w.l(__scatter_zi.o)
    0x080001ac   0x080001ac   0x00000000   Code   RO          824    .ARM.Collect$$_printf_percent$$00000000  c_w.l(_printf_percent.o)
    0x080001ac   0x080001ac   0x00000006   Code   RO          823    .ARM.Collect$$_printf_percent$$00000009  c_w.l(_printf_d.o)
    0x080001b2   0x080001b2   0x00000004   Code   RO          838    .ARM.Collect$$_printf_percent$$00000017  c_w.l(_printf_percent_end.o)
    0x080001b6   0x080001b6   0x00000002   Code   RO          865    .ARM.Collect$$libinit$$00000000  c_w.l(libinit.o)
    0x080001b8   0x080001b8   0x00000004   Code   RO          871    .ARM.Collect$$libinit$$00000001  c_w.l(libinit2.o)
    0x080001bc   0x080001bc   0x00000000   Code   RO          874    .ARM.Collect$$libinit$$00000004  c_w.l(libinit2.o)
    0x080001bc   0x080001bc   0x00000000   Code   RO          877    .ARM.Collect$$libinit$$0000000A  c_w.l(libinit2.o)
    0x080001bc   0x080001bc   0x00000000   Code   RO          879    .ARM.Collect$$libinit$$0000000C  c_w.l(libinit2.o)
    0x080001bc   0x080001bc   0x00000000   Code   RO          881    .ARM.Collect$$libinit$$0000000E  c_w.l(libinit2.o)
    0x080001bc   0x080001bc   0x00000000   Code   RO          884    .ARM.Collect$$libinit$$00000011  c_w.l(libinit2.o)
    0x080001bc   0x080001bc   0x00000000   Code   RO          886    .ARM.Collect$$libinit$$00000013  c_w.l(libinit2.o)
    0x080001bc   0x080001bc   0x00000000   Code   RO          888    .ARM.Collect$$libinit$$00000015  c_w.l(libinit2.o)
    0x080001bc   0x080001bc   0x00000000   Code   RO          890    .ARM.Collect$$libinit$$00000017  c_w.l(libinit2.o)
    0x080001bc   0x080001bc   0x00000000   Code   RO          892    .ARM.Collect$$libinit$$00000019  c_w.l(libinit2.o)
    0x080001bc   0x080001bc   0x00000000   Code   RO          894    .ARM.Collect$$libinit$$0000001B  c_w.l(libinit2.o)
    0x080001bc   0x080001bc   0x00000000   Code   RO          896    .ARM.Collect$$libinit$$0000001D  c_w.l(libinit2.o)
    0x080001bc   0x080001bc   0x00000000   Code   RO          898    .ARM.Collect$$libinit$$0000001F  c_w.l(libinit2.o)
    0x080001bc   0x080001bc   0x00000000   Code   RO          900    .ARM.Collect$$libinit$$00000021  c_w.l(libinit2.o)
    0x080001bc   0x080001bc   0x00000000   Code   RO          902    .ARM.Collect$$libinit$$00000023  c_w.l(libinit2.o)
    0x080001bc   0x080001bc   0x00000000   Code   RO          904    .ARM.Collect$$libinit$$00000025  c_w.l(libinit2.o)
    0x080001bc   0x080001bc   0x00000000   Code   RO          908    .ARM.Collect$$libinit$$0000002C  c_w.l(libinit2.o)
    0x080001bc   0x080001bc   0x00000000   Code   RO          910    .ARM.Collect$$libinit$$0000002E  c_w.l(libinit2.o)
    0x080001bc   0x080001bc   0x00000000   Code   RO          912    .ARM.Collect$$libinit$$00000030  c_w.l(libinit2.o)
    0x080001bc   0x080001bc   0x00000000   Code   RO          914    .ARM.Collect$$libinit$$00000032  c_w.l(libinit2.o)
    0x080001bc   0x080001bc   0x00000002   Code   RO          915    .ARM.Collect$$libinit$$00000033  c_w.l(libinit2.o)
    0x080001be   0x080001be   0x00000002   Code   RO          942    .ARM.Collect$$libshutdown$$00000000  c_w.l(libshutdown.o)
    0x080001c0   0x080001c0   0x00000000   Code   RO          957    .ARM.Collect$$libshutdown$$00000002  c_w.l(libshutdown2.o)
    0x080001c0   0x080001c0   0x00000000   Code   RO          959    .ARM.Collect$$libshutdown$$00000004  c_w.l(libshutdown2.o)
    0x080001c0   0x080001c0   0x00000000   Code   RO          962    .ARM.Collect$$libshutdown$$00000007  c_w.l(libshutdown2.o)
    0x080001c0   0x080001c0   0x00000000   Code   RO          965    .ARM.Collect$$libshutdown$$0000000A  c_w.l(libshutdown2.o)
    0x080001c0   0x080001c0   0x00000000   Code   RO          967    .ARM.Collect$$libshutdown$$0000000C  c_w.l(libshutdown2.o)
    0x080001c0   0x080001c0   0x00000000   Code   RO          970    .ARM.Collect$$libshutdown$$0000000F  c_w.l(libshutdown2.o)
    0x080001c0   0x080001c0   0x00000002   Code   RO          971    .ARM.Collect$$libshutdown$$00000010  c_w.l(libshutdown2.o)
    0x080001c2   0x080001c2   0x00000000   Code   RO          831    .ARM.Collect$$rtentry$$00000000  c_w.l(__rtentry.o)
    0x080001c2   0x080001c2   0x00000000   Code   RO          840    .ARM.Collect$$rtentry$$00000002  c_w.l(__rtentry2.o)
    0x080001c2   0x080001c2   0x00000006   Code   RO          852    .ARM.Collect$$rtentry$$00000004  c_w.l(__rtentry4.o)
    0x080001c8   0x080001c8   0x00000000   Code   RO          842    .ARM.Collect$$rtentry$$00000009  c_w.l(__rtentry2.o)
    0x080001c8   0x080001c8   0x00000004   Code   RO          843    .ARM.Collect$$rtentry$$0000000A  c_w.l(__rtentry2.o)
    0x080001cc   0x080001cc   0x00000000   Code   RO          845    .ARM.Collect$$rtentry$$0000000C  c_w.l(__rtentry2.o)
    0x080001cc   0x080001cc   0x00000008   Code   RO          846    .ARM.Collect$$rtentry$$0000000D  c_w.l(__rtentry2.o)
    0x080001d4   0x080001d4   0x00000002   Code   RO          869    .ARM.Collect$$rtexit$$00000000  c_w.l(rtexit.o)
    0x080001d6   0x080001d6   0x00000000   Code   RO          917    .ARM.Collect$$rtexit$$00000002  c_w.l(rtexit2.o)
    0x080001d6   0x080001d6   0x00000004   Code   RO          918    .ARM.Collect$$rtexit$$00000003  c_w.l(rtexit2.o)
    0x080001da   0x080001da   0x00000006   Code   RO          919    .ARM.Collect$$rtexit$$00000004  c_w.l(rtexit2.o)
    0x080001e0   0x080001e0   0x00000040   Code   RO            5    .text               startup_stm32wle5xx.o
    0x08000220   0x08000220   0x00000028   Code   RO          795    .text               c_w.l(noretval__2sprintf.o)
    0x08000248   0x08000248   0x0000004e   Code   RO          799    .text               c_w.l(_printf_pad.o)
    0x08000296   0x08000296   0x00000002   PAD
    0x08000298   0x08000298   0x00000078   Code   RO          801    .text               c_w.l(_printf_dec.o)
    0x08000310   0x08000310   0x00000138   Code   RO          815    .text               c_w.l(__printf_flags_wp.o)
    0x08000448   0x08000448   0x0000004e   Code   RO          825    .text               c_w.l(rt_memclr_w.o)
    0x08000496   0x08000496   0x00000006   Code   RO          827    .text               c_w.l(heapauxi.o)
    0x0800049c   0x0800049c   0x000000b2   Code   RO          832    .text               c_w.l(_printf_intcommon.o)
    0x0800054e   0x0800054e   0x00000002   PAD
    0x08000550   0x08000550   0x00000030   Code   RO          834    .text               c_w.l(_printf_char_common.o)
    0x08000580   0x08000580   0x0000000a   Code   RO          836    .text               c_w.l(_sputc.o)
    0x0800058a   0x0800058a   0x0000004a   Code   RO          856    .text               c_w.l(sys_stackheap_outer.o)
    0x080005d4   0x080005d4   0x00000012   Code   RO          858    .text               c_w.l(exit.o)
    0x080005e6   0x080005e6   0x00000002   PAD
    0x080005e8   0x080005e8   0x00000008   Code   RO          866    .text               c_w.l(libspace.o)
    0x080005f0   0x080005f0   0x0000000c   Code   RO          927    .text               c_w.l(sys_exit.o)
    0x080005fc   0x080005fc   0x00000008   Code   RO          934    .text               c_w.l(rt_fp_status_addr_intlibspace.o)
    0x08000604   0x08000604   0x00000002   Code   RO          947    .text               c_w.l(use_no_semi.o)
    0x08000606   0x08000606   0x00000000   Code   RO          949    .text               c_w.l(indicate_semi.o)
    0x08000606   0x08000606   0x00000002   PAD
    0x08000608   0x08000608   0x0000008c   Code   RO          776    .text.BSP_Init      task.o
    0x08000694   0x08000694   0x00000002   Code   RO           63    .text.BusFault_Handler  stm32wlxx_it.o
    0x08000696   0x08000696   0x00000002   PAD
    0x08000698   0x08000698   0x00000002   Code   RO           69    .text.DebugMon_Handler  stm32wlxx_it.o
    0x0800069a   0x0800069a   0x00000002   PAD
    0x0800069c   0x0800069c   0x0000000a   Code   RO           16    .text.Error_Handler  main.o
    0x080006a6   0x080006a6   0x00000002   PAD
    0x080006a8   0x080006a8   0x00000028   Code   RO          490    .text.HAL_Delay     stm32wlxx_hal.o
    0x080006d0   0x080006d0   0x000001d4   Code   RO          226    .text.HAL_GPIO_Init  stm32wlxx_hal_gpio.o
    0x080008a4   0x080008a4   0x0000000a   Code   RO          230    .text.HAL_GPIO_ReadPin  stm32wlxx_hal_gpio.o
    0x080008ae   0x080008ae   0x00000002   PAD
    0x080008b0   0x080008b0   0x0000000c   Code   RO          232    .text.HAL_GPIO_WritePin  stm32wlxx_hal_gpio.o
    0x080008bc   0x080008bc   0x0000000c   Code   RO          482    .text.HAL_GetTick   stm32wlxx_hal.o
    0x080008c8   0x080008c8   0x0000004a   Code   RO          717    .text.HAL_I2CEx_ConfigAnalogFilter  stm32wlxx_hal_i2c_ex.o
    0x08000912   0x08000912   0x00000002   PAD
    0x08000914   0x08000914   0x00000048   Code   RO          719    .text.HAL_I2CEx_ConfigDigitalFilter  stm32wlxx_hal_i2c_ex.o
    0x0800095c   0x0800095c   0x000000a2   Code   RO          572    .text.HAL_I2C_Init  stm32wlxx_hal_i2c.o
    0x080009fe   0x080009fe   0x00000002   PAD
    0x08000a00   0x08000a00   0x00000270   Code   RO          580    .text.HAL_I2C_Master_Transmit  stm32wlxx_hal_i2c.o
    0x08000c70   0x08000c70   0x00000092   Code   RO           38    .text.HAL_I2C_MspInit  i2c.o
    0x08000d02   0x08000d02   0x00000002   PAD
    0x08000d04   0x08000d04   0x0000001a   Code   RO          480    .text.HAL_IncTick   stm32wlxx_hal.o
    0x08000d1e   0x08000d1e   0x00000002   PAD
    0x08000d20   0x08000d20   0x0000002c   Code   RO          470    .text.HAL_Init      stm32wlxx_hal.o
    0x08000d4c   0x08000d4c   0x0000004a   Code   RO          472    .text.HAL_InitTick  stm32wlxx_hal.o
    0x08000d96   0x08000d96   0x00000002   PAD
    0x08000d98   0x08000d98   0x00000002   Code   RO           82    .text.HAL_MspInit   stm32wlxx_hal_msp.o
    0x08000d9a   0x08000d9a   0x00000002   PAD
    0x08000d9c   0x08000d9c   0x00000056   Code   RO          426    .text.HAL_NVIC_SetPriority  stm32wlxx_hal_cortex.o
    0x08000df2   0x08000df2   0x00000002   PAD
    0x08000df4   0x08000df4   0x00000020   Code   RO          424    .text.HAL_NVIC_SetPriorityGrouping  stm32wlxx_hal_cortex.o
    0x08000e14   0x08000e14   0x00000010   Code   RO          342    .text.HAL_PWREx_GetVoltageRange  stm32wlxx_hal_pwr_ex.o
    0x08000e24   0x08000e24   0x00000012   Code   RO          304    .text.HAL_PWR_EnableBkUpAccess  stm32wlxx_hal_pwr.o
    0x08000e36   0x08000e36   0x00000002   PAD
    0x08000e38   0x08000e38   0x0000020a   Code   RO          129    .text.HAL_RCCEx_PeriphCLKConfig  stm32wlxx_hal_rcc_ex.o
    0x08001042   0x08001042   0x00000002   PAD
    0x08001044   0x08001044   0x000001f6   Code   RO           96    .text.HAL_RCC_ClockConfig  stm32wlxx_hal_rcc.o
    0x0800123a   0x0800123a   0x00000002   PAD
    0x0800123c   0x0800123c   0x00000024   Code   RO           94    .text.HAL_RCC_GetHCLKFreq  stm32wlxx_hal_rcc.o
    0x08001260   0x08001260   0x000000ee   Code   RO          100    .text.HAL_RCC_GetSysClockFreq  stm32wlxx_hal_rcc.o
    0x0800134e   0x0800134e   0x00000002   PAD
    0x08001350   0x08001350   0x0000075a   Code   RO           92    .text.HAL_RCC_OscConfig  stm32wlxx_hal_rcc.o
    0x08001aaa   0x08001aaa   0x00000002   PAD
    0x08001aac   0x08001aac   0x0000002c   Code   RO          436    .text.HAL_SYSTICK_Config  stm32wlxx_hal_cortex.o
    0x08001ad8   0x08001ad8   0x00000002   Code   RO           59    .text.HardFault_Handler  stm32wlxx_it.o
    0x08001ada   0x08001ada   0x00000002   PAD
    0x08001adc   0x08001adc   0x00000168   Code   RO          706    .text.I2C_IsErrorOccurred  stm32wlxx_hal_i2c.o
    0x08001c44   0x08001c44   0x00000086   Code   RO          582    .text.I2C_WaitOnTXISFlagUntilTimeout  stm32wlxx_hal_i2c.o
    0x08001cca   0x08001cca   0x00000002   PAD
    0x08001ccc   0x08001ccc   0x00000168   Code   RO          780    .text.KEY_Proc      task.o
    0x08001e34   0x08001e34   0x000000ac   Code   RO           26    .text.MX_GPIO_Init  gpio.o
    0x08001ee0   0x08001ee0   0x0000006c   Code   RO           36    .text.MX_I2C1_Init  i2c.o
    0x08001f4c   0x08001f4c   0x00000002   Code   RO           61    .text.MemManage_Handler  stm32wlxx_it.o
    0x08001f4e   0x08001f4e   0x00000002   PAD
    0x08001f50   0x08001f50   0x00000002   Code   RO           57    .text.NMI_Handler   stm32wlxx_it.o
    0x08001f52   0x08001f52   0x00000002   PAD
    0x08001f54   0x08001f54   0x000000b4   Code   RO          757    .text.OLED_Clear    oled.o
    0x08002008   0x08002008   0x000000c6   Code   RO          759    .text.OLED_Init     oled.o
    0x080020ce   0x080020ce   0x00000002   PAD
    0x080020d0   0x080020d0   0x000000c4   Code   RO          778    .text.OLED_Proc     task.o
    0x08002194   0x08002194   0x0000016c   Code   RO          761    .text.OLED_ShowChar  oled.o
    0x08002300   0x08002300   0x00000040   Code   RO          763    .text.OLED_ShowString  oled.o
    0x08002340   0x08002340   0x0000002c   Code   RO           42    .text.OLED_Write    i2c.o
    0x0800236c   0x0800236c   0x00000002   Code   RO           71    .text.PendSV_Handler  stm32wlxx_it.o
    0x0800236e   0x0800236e   0x00000002   PAD
    0x08002370   0x08002370   0x00000002   Code   RO           67    .text.SVC_Handler   stm32wlxx_it.o
    0x08002372   0x08002372   0x00000002   PAD
    0x08002374   0x08002374   0x00000032   Code   RO           73    .text.SysTick_Handler  stm32wlxx_it.o
    0x080023a6   0x080023a6   0x00000002   PAD
    0x080023a8   0x080023a8   0x00000002   Code   RO          739    .text.SystemInit    system_stm32wlxx.o
    0x080023aa   0x080023aa   0x00000002   PAD
    0x080023ac   0x080023ac   0x00000002   Code   RO           65    .text.UsageFault_Handler  stm32wlxx_it.o
    0x080023ae   0x080023ae   0x00000002   PAD
    0x080023b0   0x080023b0   0x00000092   Code   RO           12    .text.main          main.o
    0x08002442   0x08002442   0x0000000e   Code   RO          813    i._is_digit         c_w.l(__printf_wp.o)
    0x08002450   0x08002450   0x0000000e   Code   RO          925    x$fpl$fpinit        f_ws.l(fpinit.o)
    0x0800245e   0x0800245e   0x00000011   Data   RO          816    .constdata          c_w.l(__printf_flags_wp.o)
    0x0800246f   0x0800246f   0x00000001   PAD
    0x08002470   0x08002470   0x0000000c   Data   RO          120    .rodata..L__const.RCC_SetFlashLatency.FLASH_LATENCY_RANGE  stm32wlxx_hal_rcc.o
    0x0800247c   0x0800247c   0x00000040   Data   RO          744    .rodata.AHBPrescTable  system_stm32wlxx.o
    0x080024bc   0x080024bc   0x00000040   Data   RO          746    .rodata.MSIRangeTable  system_stm32wlxx.o
    0x080024fc   0x080024fc   0x00000228   Data   RO          765    .rodata.g_F6x8      oled.o
    0x08002724   0x08002724   0x000005f0   Data   RO          766    .rodata.g_F8X16     oled.o
    0x08002d14   0x08002d14   0x00000020   Data   RO         1005    Region$$Table       anon$$obj.o


    Execution Region RW_IRAM1 (Exec base: 0x20000000, Load base: 0x08002d38, Size: 0x000006d8, Max: 0x00008000, ABSOLUTE)

    Exec Addr    Load Addr    Size         Type   Attr      Idx    E Section Name        Object

    0x20000000   0x08002d38   0x00000008   Data   RW          537    .data..L_MergedGlobals  stm32wlxx_hal.o
    0x20000008   0x08002d40   0x00000004   Data   RW          743    .data.SystemCoreClock  system_stm32wlxx.o
    0x2000000c   0x08002d44   0x00000004   PAD
    0x20000010        -       0x00000060   Zero   RW          867    .bss                c_w.l(libspace.o)
    0x20000070        -       0x0000000b   Zero   RW          783    .bss..L_MergedGlobals  task.o
    0x2000007b   0x08002d44   0x00000001   PAD
    0x2000007c        -       0x00000054   Zero   RW           48    .bss.hi2c1          i2c.o
    0x200000d0        -       0x00000004   Zero   RW          536    .bss.uwTick         stm32wlxx_hal.o
    0x200000d4   0x08002d44   0x00000004   PAD
    0x200000d8        -       0x00000200   Zero   RW            3    HEAP                startup_stm32wle5xx.o
    0x200002d8        -       0x00000400   Zero   RW            2    STACK               startup_stm32wle5xx.o


    Execution Region RW_IRAM2 (Exec base: 0x20008000, Load base: 0x08002d48, Size: 0x00008000, Max: 0x00008000, ABSOLUTE)

    Exec Addr    Load Addr    Size         Type   Attr      Idx    E Section Name        Object

    0x20008000        -       0x00008000   Zero   RW            1    RW_IRAM2.bss        anon$$obj.o


==============================================================================

Image component sizes


      Code (inc. data)   RO Data    RW Data    ZI Data      Debug   Object Name

       172          0          0          0          0       2629   gpio.o
       298          0          0          0         84       7373   i2c.o
       156          0          0          0          0       2729   main.o
       806          0       2072          0          0       3290   oled.o
        64         26        312          0       1536        788   startup_stm32wle5xx.o
       196          0          0          8          4      10936   stm32wlxx_hal.o
       162          0          0          0          0       9760   stm32wlxx_hal_cortex.o
       490          0          0          0          0       4947   stm32wlxx_hal_gpio.o
      1280          0          0          0          0      63663   stm32wlxx_hal_i2c.o
       146          0          0          0          0       5532   stm32wlxx_hal_i2c_ex.o
         2          0          0          0          0        375   stm32wlxx_hal_msp.o
        18          0          0          0          0       5143   stm32wlxx_hal_pwr.o
        16          0          0          0          0      10527   stm32wlxx_hal_pwr_ex.o
      2658          0         12          0          0      16191   stm32wlxx_hal_rcc.o
       522          0          0          0          0      13228   stm32wlxx_hal_rcc_ex.o
        66          0          0          0          0       1052   stm32wlxx_it.o
         2          0        128          4          0       2413   system_stm32wlxx.o
       696         46          0          0         11       3817   task.o

    ----------------------------------------------------------------------
      7802         72       2556         12      34412     164393   Object Totals
         0          0         32          0      32768          0   (incl. Generated)
        52          0          0          0          9          0   (incl. Padding)

    ----------------------------------------------------------------------

      Code (inc. data)   RO Data    RW Data    ZI Data      Debug   Library Member Name

         8          0          0          0          0         68   __main.o
       312          4         17          0          0         92   __printf_flags_wp.o
        14          0          0          0          0         68   __printf_wp.o
         0          0          0          0          0          0   __rtentry.o
        12          0          0          0          0          0   __rtentry2.o
         6          0          0          0          0          0   __rtentry4.o
        52          8          0          0          0          0   __scatter.o
        26          0          0          0          0          0   __scatter_copy.o
        28          0          0          0          0          0   __scatter_zi.o
        48          6          0          0          0         96   _printf_char_common.o
         6          0          0          0          0          0   _printf_d.o
       120         16          0          0          0         92   _printf_dec.o
       178          0          0          0          0         88   _printf_intcommon.o
        78          0          0          0          0        108   _printf_pad.o
         0          0          0          0          0          0   _printf_percent.o
         4          0          0          0          0          0   _printf_percent_end.o
        10          0          0          0          0         68   _sputc.o
        18          0          0          0          0         80   exit.o
         6          0          0          0          0        152   heapauxi.o
         0          0          0          0          0          0   indicate_semi.o
         2          0          0          0          0          0   libinit.o
         6          0          0          0          0          0   libinit2.o
         2          0          0          0          0          0   libshutdown.o
         2          0          0          0          0          0   libshutdown2.o
         8          4          0          0         96         68   libspace.o
        40          6          0          0          0         84   noretval__2sprintf.o
         8          4          0          0          0         68   rt_fp_status_addr_intlibspace.o
        78          0          0          0          0         80   rt_memclr_w.o
         2          0          0          0          0          0   rtexit.o
        10          0          0          0          0          0   rtexit2.o
        12          4          0          0          0         68   sys_exit.o
        74          0          0          0          0         80   sys_stackheap_outer.o
         2          0          0          0          0         68   use_no_semi.o
        14          0          0          0          0         76   fpinit.o

    ----------------------------------------------------------------------
      1196         52         18          0         96       1504   Library Totals
        10          0          1          0          0          0   (incl. Padding)

    ----------------------------------------------------------------------

      Code (inc. data)   RO Data    RW Data    ZI Data      Debug   Library Name

      1172         52         17          0         96       1428   c_w.l
        14          0          0          0          0         76   f_ws.l

    ----------------------------------------------------------------------
      1196         52         18          0         96       1504   Library Totals

    ----------------------------------------------------------------------

==============================================================================


      Code (inc. data)   RO Data    RW Data    ZI Data      Debug   

      8998        124       2574         12      34508     164961   Grand Totals
      8998        124       2574         12      34508     164961   ELF Image Totals
      8998        124       2574         12          0          0   ROM Totals

==============================================================================

    Total RO  Size (Code + RO Data)                11572 (  11.30kB)
    Total RW  Size (RW Data + ZI Data)             34520 (  33.71kB)
    Total ROM Size (Code + RO Data + RW Data)      11584 (  11.31kB)

==============================================================================

